                      :-) GROMACS - gmx mdrun, 2026.1 (-:

Copyright 1991-2026 The GROMACS Authors.
GROMACS is free software; you can redistribute it and/or modify it
under the terms of the GNU Lesser General Public License
as published by the Free Software Foundation; either version 2.1
of the License, or (at your option) any later version.

                         Current GROMACS contributors:
       Mark Abraham           Andrey Alekseenko           Brian Andrews       
        Paul Bauer              Cathrine Bergh              Hugh Bird         
      Eliane Briand               Ania Brown                Yiqi Chen         
      Mahesh Doijade            Giacomo Fiorin          Stefan Fleischmann    
      Sergey Gorelov         Gilles Gouaillardet            Alan Gray         
   Farzaneh Jalalypour         Petter Johansson          Carsten Kutzner      
    Grzegorz Łazarski         Justin A. Lemkul          Magnus Lundborg      
        Julio Maia               Pascal Merz             Vedran Miletić      
      Dmitry Morozov           Lukas Müllender           Szilárd Páll      
 Andrea Pasquadibisceglie     Michele Pellegrino         Nicola Piasentin     
     Daniele Rapetti         Muhammad Umair Sadiq         Hubert Santuz       
      Michael Shirts           Tatiana Shugaeva          Alexey Shvetsov      
     Bálint Soproni            Philip Turner            Alessandra Villa     
        Yang Zhang        

                         Previous GROMACS contributors:
        Emile Apol             Rossen Apostolov           James Barnett       
      Vladimir Basov        Herman J.C. Berendsen          Par Bjelkmar       
      Christian Blau          Viacheslav Bolnykh            Kevin Boyd        
    Aldert van Buuren          Carlo Camilloni           Rudi van Drunen      
      Anton Feenstra           Oliver Fleetwood            Vytas Gapsys       
       Gaurav Garg             Gerrit Groenhof            Bert de Groot       
      Anca Hamuraru           Vincent Hindriksen          Victor Holanda      
     M. Eric Irrgang           Aleksei Iupinov              Joe Jordan        
    Christoph Junghans        Prashanth Kanduri        Dimitrios Karkoulis    
       Peter Kasson             Sebastian Kehl           Sebastian Keller     
        Jiri Kraus               Per Larsson              Viveca Lindahl      
      Erik Marklund           Pieter Meulenhoff           Teemu Murtola       
       Julien Nabet              Sander Pronk             Roland Schulz       
      Alfons Sijbers         David van der Spoel          Peter Tieleman      
      Carsten Uphoff             Jon Vincent             Teemu Virolainen     
    Christian Wennberg     Sebastian Wingbermühle         Maarten Wolf       
      Artem Zhmurov       

                  Coordinated by the GROMACS project leaders:
                           Berk Hess and Erik Lindahl

GROMACS:      gmx mdrun, version 2026.1
Executable:   /opt/soft/gromacs-2026.1/build/bin/gmx_mpi
Data prefix:  /opt/soft/gromacs-2026.1 (source tree)
Working dir:  /home/zhuhong/polymer_task/systems/water_ethanol/NVT
Process ID:   63673
Command line:
  gmx_mpi mdrun -deffnm nvt

GROMACS version:     2026.1
Precision:           mixed
Memory model:        64 bit
MPI library:         MPI
MPI version:         MPICH Version:      4.3.0 MPICH Release date: Mon Feb  3 09:09:47 AM CST 2025 MPICH ABI:          17:0:5 MPICH Device:       ch4:ucx MPICH configure:    --prefix=/opt/mpich-4.3.0 --with-ucx=embedded --enable-cxx --enable-error-checking=all --enable-fast=O3,ndebug MPICH CC:           /opt/gcc-14.2.0/bin/gcc     -DNDEBUG -DNVALGRIND -O3 MPICH CXX:          /opt/gcc-14.2.0/bin/g++   -DNDEBUG -DNVALGRIND -O3 MPICH F77:          /opt/gcc-14.2.0/bin/gfortran   -O3 MPICH FC:           /opt/gcc-14.2.0/bin/gfortran   -O3 MPICH features:     threadcomm 
OpenMP support:      enabled (GMX_OPENMP_MAX_THREADS = 128)
GPU support:         disabled
SIMD instructions:   AVX2_256
CPU FFT library:     fftw-3.3.10
GPU FFT library:     none
Multi-GPU FFT:       none
RDTSCP:              enabled
TNG support:         enabled
Hwloc support:       disabled
Tracing support:     disabled
Colvars support:     enabled (version 2025-10-13)
CP2K support:        disabled
Torch support:       disabled
Plumed support:      enabled
C compiler:          /opt/mpich-4.3.0/bin/mpicc GNU 14.2.0
C compiler flags:    -fexcess-precision=fast -funroll-all-loops -mavx2 -mfma -Wno-missing-field-initializers -O3 -DNDEBUG
C++ compiler:        /opt/mpich-4.3.0/bin/mpicxx GNU 14.2.0
C++ compiler flags:  -fexcess-precision=fast -funroll-all-loops -mavx2 -mfma -Wno-missing-field-initializers -Wno-stringop-truncation -Wno-old-style-cast -Wno-cast-qual -Wno-suggest-override -Wno-suggest-destructor-override -Wno-zero-as-null-pointer-constant -Wno-cast-function-type-strict SHELL:-fopenmp -O3 -DNDEBUG
BLAS library:        Internal
LAPACK library:      Internal


Running on 1 node with total 32 cores, 32 processing units
Hardware detected on host cu15 (the node of MPI rank 0):
  CPU info:
    Vendor: Intel
    Brand:  Intel(R) Xeon(R) Gold 6226R CPU @ 2.90GHz
    Family: 6   Model: 85   Stepping: 7
    Features: aes apic avx avx2 avx512f avx512cd avx512bw avx512vl avx512secondFMA clfsh cmov cx8 cx16 f16c fma hle htt intel lahf mmx msr nonstop_tsc pcid pclmuldq pdcm pdpe1gb popcnt pse rdrnd rdtscp rtm sse2 sse3 sse4.1 sse4.2 ssse3 tdt x2apic
    Number of AVX-512 FMA units: 2
  Hardware topology: Basic
    Packages, cores, and logical processors:
    [indices refer to OS logical processors]
      Package  0: [   0] [   1] [   2] [   3] [   4] [   5] [   6] [   7] [   8] [   9] [  10] [  11] [  12] [  13] [  14] [  15]
      Package  1: [  16] [  17] [  18] [  19] [  20] [  21] [  22] [  23] [  24] [  25] [  26] [  27] [  28] [  29] [  30] [  31]
    CPU limit set by OS: -1   Recommended max number of threads: 32

Likely fastest SIMD instructions supported by all nodes: AVX_512
SIMD instructions selected at compile time:              AVX2_256
Merely a note: it is unfortunately hard to know for sure which SIMD
instructions will perform best on this hardware. For non-GPU runs
on Intel CPUs with dual AVX-512 units, using AVX-512 can be good,
while AVX2 is often better for runs also using a GPU. Typically
this is just a few percent, so don't worry unless you are tuning.


++++ PLEASE READ AND CITE THE FOLLOWING REFERENCE ++++
M. J. Abraham, T. Murtola, R. Schulz, S. Páll, J. C. Smith, B. Hess, E.
Lindahl
GROMACS: High performance molecular simulations through multi-level
parallelism from laptops to supercomputers
SoftwareX (2015)
https://doi.org/10.1016/j.softx.2015.06.001
-------- -------- --- Thank You --- -------- --------


++++ PLEASE READ AND CITE THE FOLLOWING REFERENCE ++++
S. Páll, M. J. Abraham, C. Kutzner, B. Hess, E. Lindahl
Tackling Exascale Software Challenges in Molecular Dynamics Simulations with
GROMACS
In S. Markidis & E. Laure (Eds.), Solving Software Challenges for Exascale (2015)
https://doi.org/10.1007/978-3-319-15976-8_1
-------- -------- --- Thank You --- -------- --------


++++ PLEASE READ AND CITE THE FOLLOWING REFERENCE ++++
S. Pronk, S. Páll, R. Schulz, P. Larsson, P. Bjelkmar, R. Apostolov, M. R.
Shirts, J. C. Smith, P. M. Kasson, D. van der Spoel, B. Hess, E. Lindahl
GROMACS 4.5: a high-throughput and highly parallel open source molecular
simulation toolkit
Bioinformatics (2013)
https://doi.org/10.1093/bioinformatics/btt055
-------- -------- --- Thank You --- -------- --------


++++ PLEASE READ AND CITE THE FOLLOWING REFERENCE ++++
B. Hess, C. Kutzner, D. van der Spoel, E. Lindahl
GROMACS 4: Algorithms for highly efficient, load-balanced, and scalable
molecular simulation
J. Chem. Theory Comput. (2008)
https://doi.org/10.1021/ct700301q
-------- -------- --- Thank You --- -------- --------


++++ PLEASE READ AND CITE THE FOLLOWING REFERENCE ++++
D. van der Spoel, E. Lindahl, B. Hess, G. Groenhof, A. E. Mark, H. J. C.
Berendsen
GROMACS: Fast, Flexible and Free
J. Comp. Chem. (2005)
https://doi.org/10.1002/jcc.20291
-------- -------- --- Thank You --- -------- --------


++++ PLEASE READ AND CITE THE FOLLOWING REFERENCE ++++
E. Lindahl, B. Hess, D. van der Spoel
GROMACS 3.0: A package for molecular simulation and trajectory analysis
J. Mol. Mod. (2001)
https://doi.org/10.1007/s008940100045
-------- -------- --- Thank You --- -------- --------


++++ PLEASE READ AND CITE THE FOLLOWING REFERENCE ++++
H. J. C. Berendsen, D. van der Spoel and R. van Drunen
GROMACS: A message-passing parallel molecular dynamics implementation
Comp. Phys. Comm. (1995)
https://doi.org/10.1016/0010-4655(95)00042-E
-------- -------- --- Thank You --- -------- --------


++++ PLEASE CITE THE DOI FOR THIS VERSION OF GROMACS ++++
https://doi.org/10.5281/zenodo.18887033
-------- -------- --- Thank You --- -------- --------

Input Parameters:
   integrator                     = md
   tinit                          = 0
   dt                             = 0.002
   nsteps                         = 50000
   init-step                      = 0
   simulation-part                = 1
   mts                            = false
   mass-repartition-factor        = 1
   comm-mode                      = Linear
   nstcomm                        = 100
   bd-fric                        = 0
   ld-seed                        = -279511372
   emtol                          = 10
   emstep                         = 0.01
   niter                          = 20
   fcstep                         = 0
   nstcgsteep                     = 1000
   nbfgscorr                      = 10
   rtpi                           = 0.05
   nstxout                        = 0
   nstvout                        = 0
   nstfout                        = 0
   nstlog                         = 1000
   nstcalcenergy                  = 100
   nstenergy                      = 1000
   nstxout-compressed             = 0
   compressed-x-precision         = 1000
   cutoff-scheme                  = Verlet
   nstlist                        = 10
   pbc                            = xyz
   periodic-molecules             = false
   verlet-buffer-tolerance        = 0.005
   verlet-buffer-pressure-tolerance = 0.5
   rlist                          = 1.2
   coulombtype                    = PME
   coulomb-modifier               = Potential-shift
   rcoulomb-switch                = 0
   rcoulomb                       = 1.2
   epsilon-r                      = 1
   epsilon-rf                     = inf
   vdw-type                       = Cut-off
   vdw-modifier                   = Potential-shift
   rvdw-switch                    = 0
   rvdw                           = 1.2
   DispCorr                       = EnerPres
   table-extension                = 1
   fourierspacing                 = 0.12
   fourier-nx                     = 52
   fourier-ny                     = 52
   fourier-nz                     = 52
   pme-order                      = 4
   ewald-rtol                     = 1e-05
   ewald-rtol-lj                  = 0.001
   lj-pme-comb-rule               = Geometric
   ewald-geometry                 = 3d
   epsilon-surface                = 0
   ensemble-temperature-setting   = constant
   ensemble-temperature           = 300
   tcoupl                         = V-rescale
   nsttcouple                     = 10
   nh-chain-length                = 0
   print-nose-hoover-chain-variables = false
   pcoupl                         = No
   refcoord-scaling               = No
   posres-com: not available
   posres-comB: not available
   QMMM                           = false
qm-opts:
   ngQM                           = 0
   constraint-algorithm           = Lincs
   continuation                   = false
   Shake-SOR                      = false
   shake-tol                      = 0.0001
   lincs-order                    = 4
   lincs-iter                     = 1
   lincs-warnangle                = 30
   nwall                          = 0
   wall-type                      = 9-3
   wall-r-linpot                  = -1
   wall-atomtype[0]               = -1
   wall-atomtype[1]               = -1
   wall-density[0]                = 0
   wall-density[1]                = 0
   wall-ewald-zfac                = 3
   pull                           = false
   awh                            = false
   rotation                       = false
   interactiveMD                  = false
   disre                          = No
   disre-weighting                = Conservative
   disre-mixed                    = false
   dr-fc                          = 1000
   dr-tau                         = 0
   nstdisreout                    = 100
   orire-fc                       = 0
   orire-tau                      = 0
   nstorireout                    = 100
   free-energy                    = no
   cos-acceleration               = 0
   deform (3x3):
      deform[    0]={ 0.00000e+00,  0.00000e+00,  0.00000e+00}
      deform[    1]={ 0.00000e+00,  0.00000e+00,  0.00000e+00}
      deform[    2]={ 0.00000e+00,  0.00000e+00,  0.00000e+00}
   simulated-tempering            = false
   swapcoords                     = no
   userint1                       = 0
   userint2                       = 0
   userint3                       = 0
   userint4                       = 0
   userreal1                      = 0
   userreal2                      = 0
   userreal3                      = 0
   userreal4                      = 0
   applied-forces:
     electric-field:
       x:
         E0                       = 0
         omega                    = 0
         t0                       = 0
         sigma                    = 0
       y:
         E0                       = 0
         omega                    = 0
         t0                       = 0
         sigma                    = 0
       z:
         E0                       = 0
         omega                    = 0
         t0                       = 0
         sigma                    = 0
     density-guided-simulation:
       active                     = false
       group                      = protein
       similarity-measure         = inner-product
       atom-spreading-weight      = unity
       force-constant             = 1e+09
       gaussian-transform-spreading-width = 0.2
       gaussian-transform-spreading-range-in-multiples-of-width = 4
       reference-density-filename = reference.mrc
       nst                        = 1
       normalize-densities        = true
       adaptive-force-scaling     = false
       adaptive-force-scaling-time-constant = 4
       shift-vector               = 
       transformation-matrix      = 
     qmmm-cp2k:
       active                     = false
       qmgroup                    = System
       qmmethod                   = PBE
       qmfilenames                = 
       qmcharge                   = 0
       qmmultiplicity             = 1
     colvars:
       active                     = false
       configfile                 = 
       seed                       = -1
     nnpot:
       active                     = false
       modelfile                  = model.pt
       input-group                = System
       link-type                  = H
       link-distance              = 0.1
       pair-cutoff                = 0
       embedding                  = mechanical
       nnp-charge                 = 0
       model-input1               = 
       model-input2               = 
       model-input3               = 
       model-input4               = 
       model-input5               = 
       model-input6               = 
       model-input7               = 
       model-input8               = 
       model-input9               = 
   fast-multipole-method:
     fmm:
       backend                    = inactive
       exafmm-order               = 6
       exafmm-direct-range        = 2
       exafmm-direct-provider     = GROMACS
       exafmm-tree-type           = uniform
       exafmm-tree-depth          = 0
       exafmm-max-particles-per-cell = 0
       fmsolvr-order              = 8
       fmsolvr-direct-range       = 1
       fmsolvr-direct-provider    = FMM
       fmsolvr-dipole-compensation = true
       fmsolvr-tree-depth         = 3
       fmsolvr-sparse             = false
grpopts:
   nrdf:       16281
   ref-t:         300
   tau-t:         0.1
annealing:          No
annealing-npoints:           0
   acc:	           0           0           0
   nfreeze:           N           N           N
   energygrp-flags[  0]: 0

Changing nstlist from 10 to 100, rlist from 1.2 to 1.291

Update groups can not be used for this system because there are three or more consecutively coupled constraints

Initializing Domain Decomposition on 16 ranks
Dynamic load balancing: auto
Minimum cell size due to atom displacement: 0.748 nm
Initial maximum distances in bonded interactions:
    two-body bonded interactions: 0.401 nm, LJ-14, atoms 89 101
  multi-body bonded interactions: 0.401 nm, Proper Dih., atoms 89 101
Minimum cell size due to bonded interactions: 0.441 nm
Maximum distance for 5 constraints, at 120 deg. angles, all-trans: 0.219 nm
Estimated maximum distance required for P-LINCS: 0.219 nm
Scaling the initial minimum size with 1/0.8 (option -dds) = 1.25
Using 0 separate PME ranks because: there are too few total ranks for efficient splitting
Optimizing the DD grid for 16 cells with a minimum initial size of 0.935 nm
The maximum allowed number of cells is: X 6 Y 6 Z 6
Domain decomposition grid 4 x 4 x 1, separate PME ranks 0
PME domain decomposition: 4 x 4 x 1
Domain decomposition rank 0, coordinates 0 0 0

The initial number of communication pulses is: X 1 Y 1
The initial domain decomposition cell size is: X 1.45 nm Y 1.45 nm

The maximum allowed distance for atoms involved in interactions is:
                 non-bonded interactions           1.291 nm
            two-body bonded interactions  (-rdd)   1.291 nm
          multi-body bonded interactions  (-rdd)   1.291 nm
  atoms separated by up to 5 constraints  (-rcon)  1.450 nm

When dynamic load balancing gets turned on, these settings will change to:
The maximum number of communication pulses is: X 2 Y 2
The minimum size for domain decomposition cells is 0.945 nm
The requested allowed shrink of DD cells (option -dds) is: 0.80
The allowed shrink of domain decomposition cells is: X 0.65 Y 0.65
The maximum allowed distance for atoms involved in interactions is:
                 non-bonded interactions           1.291 nm
            two-body bonded interactions  (-rdd)   1.291 nm
          multi-body bonded interactions  (-rdd)   0.945 nm
  atoms separated by up to 5 constraints  (-rcon)  0.945 nm

Local state does not use filler particles

Using 16 MPI processes
Using 2 OpenMP threads per MPI process

System total charge: -0.000
Will do PME sum in reciprocal space for electrostatic interactions.

++++ PLEASE READ AND CITE THE FOLLOWING REFERENCE ++++
U. Essmann, L. Perera, M. L. Berkowitz, T. Darden, H. Lee, L. G. Pedersen 
A smooth particle mesh Ewald method
J. Chem. Phys. (1995)
https://doi.org/10.1063/1.470117
-------- -------- --- Thank You --- -------- --------

Using a Gaussian width (1/beta) of 0.384195 nm for Ewald
Potential shift: LJ r^-12: -1.122e-01 r^-6: -3.349e-01, Ewald -8.333e-06
Initialized non-bonded Coulomb Ewald tables, spacing: 1.02e-03 size: 1176

Generated table with 1145 data points for 1-4 COUL.
Tabscale = 500 points/nm
Generated table with 1145 data points for 1-4 LJ6.
Tabscale = 500 points/nm
Generated table with 1145 data points for 1-4 LJ12.
Tabscale = 500 points/nm
Long Range LJ corr.: <C6> 4.0303e-04


Using SIMD4xM 4x8 nonbonded short-range kernels

Using a dual 4x8 pair-list setup updated with dynamic pruning:
  outer list: updated every 100 steps, buffer 0.091 nm, rlist 1.291 nm
  inner list: updated every  34 steps, buffer 0.000 nm, rlist 1.200 nm
At tolerance 0.005 kJ/mol/ps per atom, equivalent classical 1x1 list would be:
  outer list: updated every 100 steps, buffer 0.202 nm, rlist 1.402 nm
  inner list: updated every  34 steps, buffer 0.108 nm, rlist 1.308 nm

The average pressure is off by at most 0.49 bar due to missing LJ interactions

Using Lorentz-Berthelot Lennard-Jones combination rule
Removing pbc first time

Linking all bonded interactions to atoms


Pinning threads with an auto-selected logical cpu stride of 1

Initializing Parallel LINear Constraint Solver

++++ PLEASE READ AND CITE THE FOLLOWING REFERENCE ++++
B. Hess
P-LINCS: A Parallel Linear Constraint Solver for molecular simulation
J. Chem. Theory Comput. (2008)
https://doi.org/10.1021/ct700200b
-------- -------- --- Thank You --- -------- --------

The number of constraints is 2802
There are constraints between atoms in different decomposition domains,
will communicate selected coordinates each lincs iteration

++++ PLEASE READ AND CITE THE FOLLOWING REFERENCE ++++
S. Miyamoto, P. A. Kollman
SETTLE: An Analytical Version of the SHAKE and RATTLE Algorithms for Rigid
Water Models
J. Comp. Chem. (1992)
https://doi.org/10.1002/jcc.540130805
-------- -------- --- Thank You --- -------- --------

Intra-simulation communication will occur every 10 steps.

++++ PLEASE READ AND CITE THE FOLLOWING REFERENCE ++++
G. Bussi, D. Donadio, M. Parrinello
Canonical sampling through velocity rescaling
J. Chem. Phys. (2007)
https://doi.org/10.1063/1.2408420
-------- -------- --- Thank You --- -------- --------

There are: 7412 Atoms
Atom distribution over 16 domains: av 463 stddev 78 min 344 max 617

Constraining the starting coordinates (step 0)

Constraining the coordinates at t0-dt (step 0)
Center of mass motion removal mode is Linear
We have the following groups for center of mass motion removal:
  0:  rest
RMS relative constraint deviation after constraining: 3.30e-06
Initial temperature: 300.833 K

Started mdrun on rank 0 Wed Apr 29 20:36:06 2026

           Step           Time
              0        0.00000

   Energies (kJ/mol)
           Bond          Angle    Proper Dih.          LJ-14     Coulomb-14
    6.91346e+01    3.90741e+02    7.87051e+02    5.41185e+02   -1.06567e+04
        LJ (SR)  Disper. corr.   Coulomb (SR)   Coul. recip.      Potential
   -3.61611e+03   -2.74587e+02   -5.73101e+03    1.90539e+03   -1.65849e+04
    Kinetic En.   Total Energy  Conserved En.    Temperature Pres. DC (bar)
    2.03921e+04    3.80720e+03    3.80720e+03    3.01284e+02   -2.34118e+01
 Pressure (bar)   Constr. rmsd
    2.64324e+02    3.29235e-06


DD  step 99 load imb.: force 37.4%

step 200 Turning on dynamic load balancing, because the performance loss due to load imbalance is 6.2 %.

DD  load balancing is limited by minimum cell size in dimension Y
DD  step 999  vol min/aver 0.617! load imb.: force 12.5%
           Step           Time
           1000        2.00000

   Energies (kJ/mol)
           Bond          Angle    Proper Dih.          LJ-14     Coulomb-14
    7.68780e+02    3.62156e+03    1.73819e+03    6.79890e+02   -9.59194e+03
        LJ (SR)  Disper. corr.   Coulomb (SR)   Coul. recip.      Potential
    2.44142e+03   -2.74587e+02   -3.62971e+04    1.19705e+03   -3.57168e+04
    Kinetic En.   Total Energy  Conserved En.    Temperature Pres. DC (bar)
    2.06517e+04   -1.50651e+04    4.30926e+03    3.05120e+02   -2.34118e+01
 Pressure (bar)   Constr. rmsd
   -1.54188e+02    1.86696e-06


DD  load balancing is limited by minimum cell size in dimension Y
DD  step 1999  vol min/aver 0.518! load imb.: force  9.3%
           Step           Time
           2000        4.00000

   Energies (kJ/mol)
           Bond          Angle    Proper Dih.          LJ-14     Coulomb-14
    8.99131e+02    3.70344e+03    1.82781e+03    7.16960e+02   -9.38589e+03
        LJ (SR)  Disper. corr.   Coulomb (SR)   Coul. recip.      Potential
    3.39828e+03   -2.74587e+02   -4.29703e+04    1.11404e+03   -4.09711e+04
    Kinetic En.   Total Energy  Conserved En.    Temperature Pres. DC (bar)
    2.02576e+04   -2.07134e+04    4.33044e+03    2.99298e+02   -2.34118e+01
 Pressure (bar)   Constr. rmsd
   -1.41659e+02    1.88865e-06


DD  load balancing is limited by minimum cell size in dimension X Y
DD  step 2999  vol min/aver 0.512! load imb.: force 18.2%
           Step           Time
           3000        6.00000

   Energies (kJ/mol)
           Bond          Angle    Proper Dih.          LJ-14     Coulomb-14
    9.24086e+02    4.10762e+03    1.81022e+03    6.95791e+02   -9.52262e+03
        LJ (SR)  Disper. corr.   Coulomb (SR)   Coul. recip.      Potential
    3.71069e+03   -2.74587e+02   -4.74061e+04    1.01896e+03   -4.49360e+04
    Kinetic En.   Total Energy  Conserved En.    Temperature Pres. DC (bar)
    2.06207e+04   -2.43152e+04    4.36866e+03    3.04662e+02   -2.34118e+01
 Pressure (bar)   Constr. rmsd
    4.94991e+01    2.06647e-06


DD  load balancing is limited by minimum cell size in dimension X Y
DD  step 3999  vol min/aver 0.462! load imb.: force 13.8%
           Step           Time
           4000        8.00000

   Energies (kJ/mol)
           Bond          Angle    Proper Dih.          LJ-14     Coulomb-14
    9.67123e+02    4.58060e+03    1.73495e+03    7.09253e+02   -9.39424e+03
        LJ (SR)  Disper. corr.   Coulomb (SR)   Coul. recip.      Potential
    3.31724e+03   -2.74587e+02   -4.93192e+04    8.44798e+02   -4.68340e+04
    Kinetic En.   Total Energy  Conserved En.    Temperature Pres. DC (bar)
    2.05943e+04   -2.62397e+04    4.38964e+03    3.04272e+02   -2.34118e+01
 Pressure (bar)   Constr. rmsd
   -2.64359e+02    2.29562e-06


DD  load balancing is limited by minimum cell size in dimension X Y
DD  step 4999  vol min/aver 0.432! load imb.: force 20.0%
           Step           Time
           5000       10.00000

   Energies (kJ/mol)
           Bond          Angle    Proper Dih.          LJ-14     Coulomb-14
    1.02543e+03    4.89851e+03    1.68750e+03    6.97571e+02   -9.40519e+03
        LJ (SR)  Disper. corr.   Coulomb (SR)   Coul. recip.      Potential
    3.20615e+03   -2.74587e+02   -5.10511e+04    8.19457e+02   -4.83962e+04
    Kinetic En.   Total Energy  Conserved En.    Temperature Pres. DC (bar)
    2.00098e+04   -2.83865e+04    4.41961e+03    2.95635e+02   -2.34118e+01
 Pressure (bar)   Constr. rmsd
   -8.50486e+01    2.29935e-06


DD  load balancing is limited by minimum cell size in dimension X Y
DD  step 5999  vol min/aver 0.438! load imb.: force 27.8%
           Step           Time
           6000       12.00000

   Energies (kJ/mol)
           Bond          Angle    Proper Dih.          LJ-14     Coulomb-14
    1.15145e+03    5.32694e+03    1.68928e+03    7.28025e+02   -9.44310e+03
        LJ (SR)  Disper. corr.   Coulomb (SR)   Coul. recip.      Potential
    3.45954e+03   -2.74587e+02   -5.28752e+04    7.94538e+02   -4.94432e+04
    Kinetic En.   Total Energy  Conserved En.    Temperature Pres. DC (bar)
    2.06119e+04   -2.88313e+04    4.43983e+03    3.04532e+02   -2.34118e+01
 Pressure (bar)   Constr. rmsd
    1.69300e+01    2.54928e-06


DD  load balancing is limited by minimum cell size in dimension Y
DD  step 6999  vol min/aver 0.447! load imb.: force 67.0%
           Step           Time
           7000       14.00000

   Energies (kJ/mol)
           Bond          Angle    Proper Dih.          LJ-14     Coulomb-14
    1.11875e+03    5.40920e+03    1.68199e+03    7.44001e+02   -9.33091e+03
        LJ (SR)  Disper. corr.   Coulomb (SR)   Coul. recip.      Potential
    3.98941e+03   -2.74587e+02   -5.43300e+04    7.42046e+02   -5.02501e+04
    Kinetic En.   Total Energy  Conserved En.    Temperature Pres. DC (bar)
    2.02902e+04   -2.99599e+04    4.45166e+03    2.99779e+02   -2.34118e+01
 Pressure (bar)   Constr. rmsd
    6.24983e+01    2.65526e-06


DD  load balancing is limited by minimum cell size in dimension X Y
DD  step 7999  vol min/aver 0.449! load imb.: force 33.0%
           Step           Time
           8000       16.00000

   Energies (kJ/mol)
           Bond          Angle    Proper Dih.          LJ-14     Coulomb-14
    1.14019e+03    5.54732e+03    1.67088e+03    6.82673e+02   -9.23788e+03
        LJ (SR)  Disper. corr.   Coulomb (SR)   Coul. recip.      Potential
    4.00349e+03   -2.74587e+02   -5.58305e+04    7.58711e+02   -5.15398e+04
    Kinetic En.   Total Energy  Conserved En.    Temperature Pres. DC (bar)
    2.04073e+04   -3.11325e+04    4.45411e+03    3.01509e+02   -2.34118e+01
 Pressure (bar)   Constr. rmsd
   -2.00049e+02    2.68175e-06


DD  load balancing is limited by minimum cell size in dimension X Y
DD  step 8999  vol min/aver 0.431! load imb.: force 37.4%
           Step           Time
           9000       18.00000

   Energies (kJ/mol)
           Bond          Angle    Proper Dih.          LJ-14     Coulomb-14
    1.17121e+03    5.74019e+03    1.65797e+03    7.24939e+02   -9.05659e+03
        LJ (SR)  Disper. corr.   Coulomb (SR)   Coul. recip.      Potential
    4.20069e+03   -2.74587e+02   -5.62404e+04    7.13513e+02   -5.13631e+04
    Kinetic En.   Total Energy  Conserved En.    Temperature Pres. DC (bar)
    2.01627e+04   -3.12005e+04    4.48242e+03    2.97895e+02   -2.34118e+01
 Pressure (bar)   Constr. rmsd
   -3.84718e+01    2.70305e-06


DD  load balancing is limited by minimum cell size in dimension Y
DD  step 9999  vol min/aver 0.438! load imb.: force 27.1%
           Step           Time
          10000       20.00000

   Energies (kJ/mol)
           Bond          Angle    Proper Dih.          LJ-14     Coulomb-14
    1.22809e+03    6.03684e+03    1.75283e+03    7.00312e+02   -9.23706e+03
        LJ (SR)  Disper. corr.   Coulomb (SR)   Coul. recip.      Potential
    4.32762e+03   -2.74587e+02   -5.68573e+04    6.47662e+02   -5.16756e+04
    Kinetic En.   Total Energy  Conserved En.    Temperature Pres. DC (bar)
    2.00457e+04   -3.16299e+04    4.49349e+03    2.96166e+02   -2.34118e+01
 Pressure (bar)   Constr. rmsd
    9.43291e+00    2.71347e-06


DD  load balancing is limited by minimum cell size in dimension X Y
DD  step 10999  vol min/aver 0.428! load imb.: force 62.2%
           Step           Time
          11000       22.00000

   Energies (kJ/mol)
           Bond          Angle    Proper Dih.          LJ-14     Coulomb-14
    1.22090e+03    5.95876e+03    1.61072e+03    7.43992e+02   -9.23468e+03
        LJ (SR)  Disper. corr.   Coulomb (SR)   Coul. recip.      Potential
    3.90078e+03   -2.74587e+02   -5.72437e+04    6.79053e+02   -5.26388e+04
    Kinetic En.   Total Energy  Conserved En.    Temperature Pres. DC (bar)
    2.03123e+04   -3.23265e+04    4.48803e+03    3.00106e+02   -2.34118e+01
 Pressure (bar)   Constr. rmsd
   -2.06037e+02    3.04997e-06


DD  load balancing is limited by minimum cell size in dimension X Y
DD  step 11999  vol min/aver 0.428! load imb.: force 19.4%
           Step           Time
          12000       24.00000

   Energies (kJ/mol)
           Bond          Angle    Proper Dih.          LJ-14     Coulomb-14
    1.13736e+03    6.18499e+03    1.68790e+03    7.94734e+02   -9.25831e+03
        LJ (SR)  Disper. corr.   Coulomb (SR)   Coul. recip.      Potential
    4.73265e+03   -2.74587e+02   -5.81359e+04    6.49007e+02   -5.24822e+04
    Kinetic En.   Total Energy  Conserved En.    Temperature Pres. DC (bar)
    2.04376e+04   -3.20446e+04    4.49279e+03    3.01956e+02   -2.34118e+01
 Pressure (bar)   Constr. rmsd
    3.22139e+02    2.80846e-06


DD  load balancing is limited by minimum cell size in dimension X Y
DD  step 12999  vol min/aver 0.432! load imb.: force 23.3%
           Step           Time
          13000       26.00000

   Energies (kJ/mol)
           Bond          Angle    Proper Dih.          LJ-14     Coulomb-14
    1.28389e+03    6.17038e+03    1.67112e+03    7.19092e+02   -9.07038e+03
        LJ (SR)  Disper. corr.   Coulomb (SR)   Coul. recip.      Potential
    4.67888e+03   -2.74587e+02   -5.88930e+04    6.81923e+02   -5.30327e+04
    Kinetic En.   Total Energy  Conserved En.    Temperature Pres. DC (bar)
    2.05930e+04   -3.24396e+04    4.50583e+03    3.04253e+02   -2.34118e+01
 Pressure (bar)   Constr. rmsd
   -1.46276e+02    3.02580e-06


DD  load balancing is limited by minimum cell size in dimension X Y
DD  step 13999  vol min/aver 0.430! load imb.: force 34.3%
           Step           Time
          14000       28.00000

   Energies (kJ/mol)
           Bond          Angle    Proper Dih.          LJ-14     Coulomb-14
    1.25674e+03    6.37825e+03    1.62006e+03    6.57659e+02   -9.35863e+03
        LJ (SR)  Disper. corr.   Coulomb (SR)   Coul. recip.      Potential
    4.44844e+03   -2.74587e+02   -5.89852e+04    6.73965e+02   -5.35833e+04
    Kinetic En.   Total Energy  Conserved En.    Temperature Pres. DC (bar)
    2.04992e+04   -3.30841e+04    4.51362e+03    3.02866e+02   -2.34118e+01
 Pressure (bar)   Constr. rmsd
   -3.33687e+02    3.04610e-06


DD  load balancing is limited by minimum cell size in dimension X Y
DD  step 14999  vol min/aver 0.426! load imb.: force 23.5%
           Step           Time
          15000       30.00000

   Energies (kJ/mol)
           Bond          Angle    Proper Dih.          LJ-14     Coulomb-14
    1.29408e+03    6.42898e+03    1.62655e+03    7.18213e+02   -9.14631e+03
        LJ (SR)  Disper. corr.   Coulomb (SR)   Coul. recip.      Potential
    4.69193e+03   -2.74587e+02   -5.94156e+04    6.74969e+02   -5.34018e+04
    Kinetic En.   Total Energy  Conserved En.    Temperature Pres. DC (bar)
    2.04507e+04   -3.29510e+04    4.53787e+03    3.02151e+02   -2.34118e+01
 Pressure (bar)   Constr. rmsd
   -3.36290e+01    3.10385e-06


DD  load balancing is limited by minimum cell size in dimension X Y
DD  step 15999  vol min/aver 0.431! load imb.: force 68.6%
           Step           Time
          16000       32.00000

   Energies (kJ/mol)
           Bond          Angle    Proper Dih.          LJ-14     Coulomb-14
    1.27070e+03    6.40948e+03    1.71245e+03    7.44566e+02   -9.14789e+03
        LJ (SR)  Disper. corr.   Coulomb (SR)   Coul. recip.      Potential
    4.83207e+03   -2.74587e+02   -5.97922e+04    6.24617e+02   -5.36208e+04
    Kinetic En.   Total Energy  Conserved En.    Temperature Pres. DC (bar)
    2.02545e+04   -3.33663e+04    4.53330e+03    2.99251e+02   -2.34118e+01
 Pressure (bar)   Constr. rmsd
    9.74297e+01    3.03297e-06


DD  load balancing is limited by minimum cell size in dimension X Y
DD  step 16999  vol min/aver 0.427! load imb.: force 18.8%
           Step           Time
          17000       34.00000

   Energies (kJ/mol)
           Bond          Angle    Proper Dih.          LJ-14     Coulomb-14
    1.24668e+03    6.64682e+03    1.59055e+03    7.28075e+02   -9.12959e+03
        LJ (SR)  Disper. corr.   Coulomb (SR)   Coul. recip.      Potential
    4.52425e+03   -2.74587e+02   -5.99114e+04    6.26939e+02   -5.39523e+04
    Kinetic En.   Total Energy  Conserved En.    Temperature Pres. DC (bar)
    2.02886e+04   -3.36637e+04    4.55694e+03    2.99755e+02   -2.34118e+01
 Pressure (bar)   Constr. rmsd
   -1.58612e+02    3.16670e-06


DD  load balancing is limited by minimum cell size in dimension X Y
DD  step 17999  vol min/aver 0.427! load imb.: force 23.3%
           Step           Time
          18000       36.00000

   Energies (kJ/mol)
           Bond          Angle    Proper Dih.          LJ-14     Coulomb-14
    1.31345e+03    6.53125e+03    1.67808e+03    7.42666e+02   -9.36013e+03
        LJ (SR)  Disper. corr.   Coulomb (SR)   Coul. recip.      Potential
    5.11155e+03   -2.74587e+02   -5.99308e+04    6.24049e+02   -5.35644e+04
    Kinetic En.   Total Energy  Conserved En.    Temperature Pres. DC (bar)
    2.05032e+04   -3.30613e+04    4.52970e+03    3.02925e+02   -2.34118e+01
 Pressure (bar)   Constr. rmsd
    9.03828e+01    3.16722e-06


DD  load balancing is limited by minimum cell size in dimension X Y
DD  step 18999  vol min/aver 0.471! load imb.: force 52.4%
           Step           Time
          19000       38.00000

   Energies (kJ/mol)
           Bond          Angle    Proper Dih.          LJ-14     Coulomb-14
    1.19751e+03    6.78009e+03    1.61214e+03    7.08333e+02   -9.18776e+03
        LJ (SR)  Disper. corr.   Coulomb (SR)   Coul. recip.      Potential
    4.99229e+03   -2.74587e+02   -6.04173e+04    6.22859e+02   -5.39665e+04
    Kinetic En.   Total Energy  Conserved En.    Temperature Pres. DC (bar)
    2.04723e+04   -3.34942e+04    4.54412e+03    3.02469e+02   -2.34118e+01
 Pressure (bar)   Constr. rmsd
    5.94286e+00    3.48211e-06


DD  load balancing is limited by minimum cell size in dimension X Y
DD  step 19999  vol min/aver 0.440! load imb.: force 30.3%
           Step           Time
          20000       40.00000

   Energies (kJ/mol)
           Bond          Angle    Proper Dih.          LJ-14     Coulomb-14
    1.25742e+03    6.61579e+03    1.66235e+03    6.96753e+02   -9.26323e+03
        LJ (SR)  Disper. corr.   Coulomb (SR)   Coul. recip.      Potential
    4.36135e+03   -2.74587e+02   -5.94432e+04    6.35103e+02   -5.37523e+04
    Kinetic En.   Total Energy  Conserved En.    Temperature Pres. DC (bar)
    1.98376e+04   -3.39147e+04    4.55504e+03    2.93091e+02   -2.34118e+01
 Pressure (bar)   Constr. rmsd
   -1.00956e+02    3.09999e-06


DD  load balancing is limited by minimum cell size in dimension Y
DD  step 20999  vol min/aver 0.429! load imb.: force 20.5%
           Step           Time
          21000       42.00000

   Energies (kJ/mol)
           Bond          Angle    Proper Dih.          LJ-14     Coulomb-14
    1.30230e+03    6.54921e+03    1.63779e+03    7.30172e+02   -9.28934e+03
        LJ (SR)  Disper. corr.   Coulomb (SR)   Coul. recip.      Potential
    4.84442e+03   -2.74587e+02   -5.98048e+04    6.72583e+02   -5.36323e+04
    Kinetic En.   Total Energy  Conserved En.    Temperature Pres. DC (bar)
    2.00312e+04   -3.36011e+04    4.56079e+03    2.95952e+02   -2.34118e+01
 Pressure (bar)   Constr. rmsd
    1.27314e+02    3.27629e-06


DD  load balancing is limited by minimum cell size in dimension Y
DD  step 21999  vol min/aver 0.429! load imb.: force 19.2%
           Step           Time
          22000       44.00000

   Energies (kJ/mol)
           Bond          Angle    Proper Dih.          LJ-14     Coulomb-14
    1.33743e+03    6.65376e+03    1.67885e+03    7.28762e+02   -9.26725e+03
        LJ (SR)  Disper. corr.   Coulomb (SR)   Coul. recip.      Potential
    4.76599e+03   -2.74587e+02   -6.03657e+04    6.66840e+02   -5.40759e+04
    Kinetic En.   Total Energy  Conserved En.    Temperature Pres. DC (bar)
    2.01690e+04   -3.39069e+04    4.57153e+03    2.97989e+02   -2.34118e+01
 Pressure (bar)   Constr. rmsd
   -8.38773e+01    2.97921e-06


DD  load balancing is limited by minimum cell size in dimension X Y
DD  step 22999  vol min/aver 0.428! load imb.: force 17.6%
           Step           Time
          23000       46.00000

   Energies (kJ/mol)
           Bond          Angle    Proper Dih.          LJ-14     Coulomb-14
    1.28964e+03    6.59742e+03    1.70791e+03    7.19161e+02   -9.14643e+03
        LJ (SR)  Disper. corr.   Coulomb (SR)   Coul. recip.      Potential
    4.81117e+03   -2.74587e+02   -6.01931e+04    6.60089e+02   -5.38288e+04
    Kinetic En.   Total Energy  Conserved En.    Temperature Pres. DC (bar)
    2.06257e+04   -3.32031e+04    4.53098e+03    3.04736e+02   -2.34118e+01
 Pressure (bar)   Constr. rmsd
   -9.94644e+01    3.38363e-06


DD  load balancing is limited by minimum cell size in dimension X Y
DD  step 23999  vol min/aver 0.443! load imb.: force 97.2%
           Step           Time
          24000       48.00000

   Energies (kJ/mol)
           Bond          Angle    Proper Dih.          LJ-14     Coulomb-14
    1.28770e+03    6.69075e+03    1.66394e+03    7.40507e+02   -9.27639e+03
        LJ (SR)  Disper. corr.   Coulomb (SR)   Coul. recip.      Potential
    4.82565e+03   -2.74587e+02   -6.01944e+04    6.42911e+02   -5.38939e+04
    Kinetic En.   Total Energy  Conserved En.    Temperature Pres. DC (bar)
    2.07250e+04   -3.31689e+04    4.55006e+03    3.06203e+02   -2.34118e+01
 Pressure (bar)   Constr. rmsd
    2.15480e+02    3.30538e-06


DD  load balancing is limited by minimum cell size in dimension X Y
DD  step 24999  vol min/aver 0.427! load imb.: force 23.0%
           Step           Time
          25000       50.00000

   Energies (kJ/mol)
           Bond          Angle    Proper Dih.          LJ-14     Coulomb-14
    1.34568e+03    6.65949e+03    1.66634e+03    7.49477e+02   -9.26796e+03
        LJ (SR)  Disper. corr.   Coulomb (SR)   Coul. recip.      Potential
    4.89221e+03   -2.74587e+02   -6.06406e+04    6.13349e+02   -5.42566e+04
    Kinetic En.   Total Energy  Conserved En.    Temperature Pres. DC (bar)
    2.05021e+04   -3.37545e+04    4.56579e+03    3.02909e+02   -2.34118e+01
 Pressure (bar)   Constr. rmsd
   -1.23703e+02    3.25483e-06


DD  load balancing is limited by minimum cell size in dimension X Y
DD  step 25999  vol min/aver 0.426! load imb.: force 16.7%
           Step           Time
          26000       52.00000

   Energies (kJ/mol)
           Bond          Angle    Proper Dih.          LJ-14     Coulomb-14
    1.26815e+03    6.63881e+03    1.65043e+03    7.35045e+02   -9.16121e+03
        LJ (SR)  Disper. corr.   Coulomb (SR)   Coul. recip.      Potential
    4.62785e+03   -2.74587e+02   -6.03895e+04    6.35323e+02   -5.42697e+04
    Kinetic En.   Total Energy  Conserved En.    Temperature Pres. DC (bar)
    2.02985e+04   -3.39712e+04    4.54476e+03    2.99902e+02   -2.34118e+01
 Pressure (bar)   Constr. rmsd
    8.91321e+00    3.27371e-06


DD  load balancing is limited by minimum cell size in dimension X Y
DD  step 26999  vol min/aver 0.426! load imb.: force 58.4%
           Step           Time
          27000       54.00000

   Energies (kJ/mol)
           Bond          Angle    Proper Dih.          LJ-14     Coulomb-14
    1.29662e+03    6.61139e+03    1.63839e+03    7.17784e+02   -9.16554e+03
        LJ (SR)  Disper. corr.   Coulomb (SR)   Coul. recip.      Potential
    4.85195e+03   -2.74587e+02   -6.07405e+04    6.25321e+02   -5.44392e+04
    Kinetic En.   Total Energy  Conserved En.    Temperature Pres. DC (bar)
    2.01495e+04   -3.42897e+04    4.56366e+03    2.97700e+02   -2.34118e+01
 Pressure (bar)   Constr. rmsd
   -2.08486e+02    3.41037e-06


DD  load balancing is limited by minimum cell size in dimension X Y
DD  step 27999  vol min/aver 0.427! load imb.: force 44.0%
           Step           Time
          28000       56.00000

   Energies (kJ/mol)
           Bond          Angle    Proper Dih.          LJ-14     Coulomb-14
    1.34821e+03    6.55940e+03    1.57917e+03    7.15323e+02   -9.22404e+03
        LJ (SR)  Disper. corr.   Coulomb (SR)   Coul. recip.      Potential
    4.49495e+03   -2.74587e+02   -5.98267e+04    6.60026e+02   -5.39682e+04
    Kinetic En.   Total Energy  Conserved En.    Temperature Pres. DC (bar)
    2.03354e+04   -3.36328e+04    4.55390e+03    3.00447e+02   -2.34118e+01
 Pressure (bar)   Constr. rmsd
   -3.11466e+02    3.23173e-06


DD  load balancing is limited by minimum cell size in dimension X Y
DD  step 28999  vol min/aver 0.427! load imb.: force 19.2%
           Step           Time
          29000       58.00000

   Energies (kJ/mol)
           Bond          Angle    Proper Dih.          LJ-14     Coulomb-14
    1.40440e+03    6.47725e+03    1.68430e+03    6.97542e+02   -9.20920e+03
        LJ (SR)  Disper. corr.   Coulomb (SR)   Coul. recip.      Potential
    4.55317e+03   -2.74587e+02   -5.99538e+04    6.51607e+02   -5.39693e+04
    Kinetic En.   Total Energy  Conserved En.    Temperature Pres. DC (bar)
    2.04351e+04   -3.35342e+04    4.55235e+03    3.01920e+02   -2.34118e+01
 Pressure (bar)   Constr. rmsd
   -2.54169e+02    3.28913e-06


DD  load balancing is limited by minimum cell size in dimension X Y
DD  step 29999  vol min/aver 0.427! load imb.: force 46.0%
           Step           Time
          30000       60.00000

   Energies (kJ/mol)
           Bond          Angle    Proper Dih.          LJ-14     Coulomb-14
    1.23366e+03    6.58840e+03    1.64691e+03    7.15917e+02   -9.22932e+03
        LJ (SR)  Disper. corr.   Coulomb (SR)   Coul. recip.      Potential
    4.94576e+03   -2.74587e+02   -6.08800e+04    5.85219e+02   -5.46680e+04
    Kinetic En.   Total Energy  Conserved En.    Temperature Pres. DC (bar)
    2.05038e+04   -3.41642e+04    4.55485e+03    3.02935e+02   -2.34118e+01
 Pressure (bar)   Constr. rmsd
    9.30772e+00    3.08883e-06


DD  load balancing is limited by minimum cell size in dimension X Y
DD  step 30999  vol min/aver 0.426! load imb.: force 37.1%
           Step           Time
          31000       62.00000

   Energies (kJ/mol)
           Bond          Angle    Proper Dih.          LJ-14     Coulomb-14
    1.31449e+03    6.72617e+03    1.63181e+03    6.76589e+02   -9.30130e+03
        LJ (SR)  Disper. corr.   Coulomb (SR)   Coul. recip.      Potential
    4.54571e+03   -2.74587e+02   -6.06289e+04    6.27556e+02   -5.46824e+04
    Kinetic En.   Total Energy  Conserved En.    Temperature Pres. DC (bar)
    2.03885e+04   -3.42940e+04    4.57811e+03    3.01231e+02   -2.34118e+01
 Pressure (bar)   Constr. rmsd
   -4.66613e+02    3.21230e-06


DD  load balancing is limited by minimum cell size in dimension X Y
DD  step 31999  vol min/aver 0.427! load imb.: force 28.7%
           Step           Time
          32000       64.00000

   Energies (kJ/mol)
           Bond          Angle    Proper Dih.          LJ-14     Coulomb-14
    1.24449e+03    6.53300e+03    1.61527e+03    6.87243e+02   -9.28396e+03
        LJ (SR)  Disper. corr.   Coulomb (SR)   Coul. recip.      Potential
    4.71493e+03   -2.74587e+02   -5.99941e+04    6.62237e+02   -5.40955e+04
    Kinetic En.   Total Energy  Conserved En.    Temperature Pres. DC (bar)
    2.02872e+04   -3.38084e+04    4.55663e+03    2.99734e+02   -2.34118e+01
 Pressure (bar)   Constr. rmsd
   -9.82399e+01    3.29700e-06


DD  load balancing is limited by minimum cell size in dimension X Y
DD  step 32999  vol min/aver 0.426! load imb.: force 72.7%
           Step           Time
          33000       66.00000

   Energies (kJ/mol)
           Bond          Angle    Proper Dih.          LJ-14     Coulomb-14
    1.31183e+03    6.54108e+03    1.60620e+03    7.26407e+02   -9.30021e+03
        LJ (SR)  Disper. corr.   Coulomb (SR)   Coul. recip.      Potential
    4.87431e+03   -2.74587e+02   -6.03462e+04    6.25110e+02   -5.42361e+04
    Kinetic En.   Total Energy  Conserved En.    Temperature Pres. DC (bar)
    2.04561e+04   -3.37799e+04    4.56400e+03    3.02231e+02   -2.34118e+01
 Pressure (bar)   Constr. rmsd
   -3.39657e+01    3.15364e-06


DD  load balancing is limited by minimum cell size in dimension X Y
DD  step 33999  vol min/aver 0.428! load imb.: force 38.0%
           Step           Time
          34000       68.00000

   Energies (kJ/mol)
           Bond          Angle    Proper Dih.          LJ-14     Coulomb-14
    1.27498e+03    6.48465e+03    1.67675e+03    7.14786e+02   -9.35666e+03
        LJ (SR)  Disper. corr.   Coulomb (SR)   Coul. recip.      Potential
    5.06856e+03   -2.74587e+02   -6.05429e+04    6.73458e+02   -5.42810e+04
    Kinetic En.   Total Energy  Conserved En.    Temperature Pres. DC (bar)
    2.01150e+04   -3.41660e+04    4.57274e+03    2.97190e+02   -2.34118e+01
 Pressure (bar)   Constr. rmsd
    2.14863e+02    3.17654e-06


DD  load balancing is limited by minimum cell size in dimension Y
DD  step 34999  vol min/aver 0.435! load imb.: force 88.3%
           Step           Time
          35000       70.00000

   Energies (kJ/mol)
           Bond          Angle    Proper Dih.          LJ-14     Coulomb-14
    1.23459e+03    6.75986e+03    1.65688e+03    7.00227e+02   -9.27945e+03
        LJ (SR)  Disper. corr.   Coulomb (SR)   Coul. recip.      Potential
    4.73855e+03   -2.74587e+02   -6.03913e+04    6.33204e+02   -5.42220e+04
    Kinetic En.   Total Energy  Conserved En.    Temperature Pres. DC (bar)
    2.02271e+04   -3.39949e+04    4.57997e+03    2.98847e+02   -2.34118e+01
 Pressure (bar)   Constr. rmsd
   -9.18138e+01    3.18635e-06


DD  load balancing is limited by minimum cell size in dimension X Y
DD  step 35999  vol min/aver 0.428! load imb.: force 51.2%
           Step           Time
          36000       72.00000

   Energies (kJ/mol)
           Bond          Angle    Proper Dih.          LJ-14     Coulomb-14
    1.39807e+03    6.57514e+03    1.67489e+03    7.11500e+02   -9.23387e+03
        LJ (SR)  Disper. corr.   Coulomb (SR)   Coul. recip.      Potential
    4.88545e+03   -2.74587e+02   -6.08666e+04    6.94254e+02   -5.44358e+04
    Kinetic En.   Total Energy  Conserved En.    Temperature Pres. DC (bar)
    2.04939e+04   -3.39419e+04    4.58630e+03    3.02788e+02   -2.34118e+01
 Pressure (bar)   Constr. rmsd
   -2.74251e+01    3.35075e-06


DD  load balancing is limited by minimum cell size in dimension X Y
DD  step 36999  vol min/aver 0.454! load imb.: force 18.0%
           Step           Time
          37000       74.00000

   Energies (kJ/mol)
           Bond          Angle    Proper Dih.          LJ-14     Coulomb-14
    1.35176e+03    6.60190e+03    1.63123e+03    7.20771e+02   -9.01675e+03
        LJ (SR)  Disper. corr.   Coulomb (SR)   Coul. recip.      Potential
    5.02120e+03   -2.74587e+02   -6.10319e+04    6.74612e+02   -5.43218e+04
    Kinetic En.   Total Energy  Conserved En.    Temperature Pres. DC (bar)
    2.02344e+04   -3.40874e+04    4.58758e+03    2.98955e+02   -2.34118e+01
 Pressure (bar)   Constr. rmsd
   -6.62064e+00    3.08867e-06


DD  load balancing is limited by minimum cell size in dimension X Y
DD  step 37999  vol min/aver 0.436! load imb.: force 52.9%
           Step           Time
          38000       76.00000

   Energies (kJ/mol)
           Bond          Angle    Proper Dih.          LJ-14     Coulomb-14
    1.28336e+03    6.48308e+03    1.68700e+03    7.29490e+02   -9.01267e+03
        LJ (SR)  Disper. corr.   Coulomb (SR)   Coul. recip.      Potential
    4.89790e+03   -2.74587e+02   -6.04541e+04    6.47920e+02   -5.40126e+04
    Kinetic En.   Total Energy  Conserved En.    Temperature Pres. DC (bar)
    2.01912e+04   -3.38214e+04    4.56695e+03    2.98316e+02   -2.34118e+01
 Pressure (bar)   Constr. rmsd
    1.67259e+01    3.44726e-06


DD  load balancing is limited by minimum cell size in dimension X Y
DD  step 38999  vol min/aver 0.427! load imb.: force 36.5%
           Step           Time
          39000       78.00000

   Energies (kJ/mol)
           Bond          Angle    Proper Dih.          LJ-14     Coulomb-14
    1.33644e+03    6.59030e+03    1.59736e+03    7.21428e+02   -9.07328e+03
        LJ (SR)  Disper. corr.   Coulomb (SR)   Coul. recip.      Potential
    4.48609e+03   -2.74587e+02   -6.00860e+04    6.08414e+02   -5.40938e+04
    Kinetic En.   Total Energy  Conserved En.    Temperature Pres. DC (bar)
    2.02251e+04   -3.38687e+04    4.56709e+03    2.98817e+02   -2.34118e+01
 Pressure (bar)   Constr. rmsd
   -3.22072e+02    3.43239e-06


DD  load balancing is limited by minimum cell size in dimension X Y
DD  step 39999  vol min/aver 0.434! load imb.: force 20.6%
           Step           Time
          40000       80.00000

   Energies (kJ/mol)
           Bond          Angle    Proper Dih.          LJ-14     Coulomb-14
    1.28949e+03    6.50258e+03    1.63815e+03    7.30285e+02   -9.20485e+03
        LJ (SR)  Disper. corr.   Coulomb (SR)   Coul. recip.      Potential
    5.26190e+03   -2.74587e+02   -6.09987e+04    6.25554e+02   -5.44302e+04
    Kinetic En.   Total Energy  Conserved En.    Temperature Pres. DC (bar)
    2.03327e+04   -3.40974e+04    4.57050e+03    3.00407e+02   -2.34118e+01
 Pressure (bar)   Constr. rmsd
    2.50060e+01    3.33977e-06


DD  load balancing is limited by minimum cell size in dimension X Y
DD  step 40999  vol min/aver 0.427! load imb.: force 19.6%
           Step           Time
          41000       82.00000

   Energies (kJ/mol)
           Bond          Angle    Proper Dih.          LJ-14     Coulomb-14
    1.37432e+03    6.51358e+03    1.65324e+03    7.15216e+02   -9.17591e+03
        LJ (SR)  Disper. corr.   Coulomb (SR)   Coul. recip.      Potential
    4.56048e+03   -2.74587e+02   -6.07851e+04    6.64149e+02   -5.47546e+04
    Kinetic En.   Total Energy  Conserved En.    Temperature Pres. DC (bar)
    2.05412e+04   -3.42134e+04    4.58138e+03    3.03487e+02   -2.34118e+01
 Pressure (bar)   Constr. rmsd
   -9.99388e+01    3.36080e-06


DD  load balancing is limited by minimum cell size in dimension X Y
DD  step 41999  vol min/aver 0.427! load imb.: force 18.7%
           Step           Time
          42000       84.00000

   Energies (kJ/mol)
           Bond          Angle    Proper Dih.          LJ-14     Coulomb-14
    1.32451e+03    6.56532e+03    1.63225e+03    7.23884e+02   -9.14314e+03
        LJ (SR)  Disper. corr.   Coulomb (SR)   Coul. recip.      Potential
    4.48846e+03   -2.74587e+02   -6.02932e+04    6.18864e+02   -5.43576e+04
    Kinetic En.   Total Energy  Conserved En.    Temperature Pres. DC (bar)
    2.05314e+04   -3.38263e+04    4.57309e+03    3.03342e+02   -2.34118e+01
 Pressure (bar)   Constr. rmsd
   -1.13023e+02    3.19900e-06


DD  load balancing is limited by minimum cell size in dimension X Y
DD  step 42999  vol min/aver 0.427! load imb.: force 30.6%
           Step           Time
          43000       86.00000

   Energies (kJ/mol)
           Bond          Angle    Proper Dih.          LJ-14     Coulomb-14
    1.34612e+03    6.61059e+03    1.61552e+03    7.12072e+02   -9.14153e+03
        LJ (SR)  Disper. corr.   Coulomb (SR)   Coul. recip.      Potential
    4.26258e+03   -2.74587e+02   -6.05701e+04    6.64885e+02   -5.47745e+04
    Kinetic En.   Total Energy  Conserved En.    Temperature Pres. DC (bar)
    2.01270e+04   -3.46475e+04    4.58279e+03    2.97368e+02   -2.34118e+01
 Pressure (bar)   Constr. rmsd
   -1.99778e+02    3.31035e-06


DD  load balancing is limited by minimum cell size in dimension Y
DD  step 43999  vol min/aver 0.435! load imb.: force 20.1%
           Step           Time
          44000       88.00000

   Energies (kJ/mol)
           Bond          Angle    Proper Dih.          LJ-14     Coulomb-14
    1.26676e+03    6.75419e+03    1.59695e+03    7.34685e+02   -9.10790e+03
        LJ (SR)  Disper. corr.   Coulomb (SR)   Coul. recip.      Potential
    4.95955e+03   -2.74587e+02   -6.12651e+04    6.21034e+02   -5.47144e+04
    Kinetic En.   Total Energy  Conserved En.    Temperature Pres. DC (bar)
    2.04163e+04   -3.42981e+04    4.58221e+03    3.01642e+02   -2.34118e+01
 Pressure (bar)   Constr. rmsd
    1.32083e+02    3.35075e-06


DD  load balancing is limited by minimum cell size in dimension Y
DD  step 44999  vol min/aver 0.434! load imb.: force 19.4%
           Step           Time
          45000       90.00000

   Energies (kJ/mol)
           Bond          Angle    Proper Dih.          LJ-14     Coulomb-14
    1.36217e+03    6.57285e+03    1.65386e+03    7.09061e+02   -9.02018e+03
        LJ (SR)  Disper. corr.   Coulomb (SR)   Coul. recip.      Potential
    5.01445e+03   -2.74587e+02   -6.11691e+04    6.44277e+02   -5.45072e+04
    Kinetic En.   Total Energy  Conserved En.    Temperature Pres. DC (bar)
    2.04351e+04   -3.40721e+04    4.58941e+03    3.01920e+02   -2.34118e+01
 Pressure (bar)   Constr. rmsd
   -3.79373e+01    3.16694e-06


DD  load balancing is limited by minimum cell size in dimension X Y
DD  step 45999  vol min/aver 0.461! load imb.: force 20.9%
           Step           Time
          46000       92.00000

   Energies (kJ/mol)
           Bond          Angle    Proper Dih.          LJ-14     Coulomb-14
    1.32875e+03    6.67065e+03    1.65653e+03    7.36634e+02   -9.09441e+03
        LJ (SR)  Disper. corr.   Coulomb (SR)   Coul. recip.      Potential
    5.20902e+03   -2.74587e+02   -6.16447e+04    6.45068e+02   -5.47670e+04
    Kinetic En.   Total Energy  Conserved En.    Temperature Pres. DC (bar)
    1.99028e+04   -3.48643e+04    4.61125e+03    2.94055e+02   -2.34118e+01
 Pressure (bar)   Constr. rmsd
   -9.67418e+00    2.95737e-06


DD  load balancing is limited by minimum cell size in dimension X Y
DD  step 46999  vol min/aver 0.426! load imb.: force 29.1%
           Step           Time
          47000       94.00000

   Energies (kJ/mol)
           Bond          Angle    Proper Dih.          LJ-14     Coulomb-14
    1.30375e+03    6.87841e+03    1.67590e+03    7.04703e+02   -9.16107e+03
        LJ (SR)  Disper. corr.   Coulomb (SR)   Coul. recip.      Potential
    4.49772e+03   -2.74587e+02   -6.00850e+04    5.95368e+02   -5.38648e+04
    Kinetic En.   Total Energy  Conserved En.    Temperature Pres. DC (bar)
    2.03109e+04   -3.35539e+04    4.60387e+03    3.00084e+02   -2.34118e+01
 Pressure (bar)   Constr. rmsd
   -2.90223e+02    3.21199e-06


DD  load balancing is limited by minimum cell size in dimension X Y
DD  step 47999  vol min/aver 0.427! load imb.: force 15.8%
           Step           Time
          48000       96.00000

   Energies (kJ/mol)
           Bond          Angle    Proper Dih.          LJ-14     Coulomb-14
    1.33693e+03    6.71554e+03    1.58948e+03    7.18918e+02   -9.28843e+03
        LJ (SR)  Disper. corr.   Coulomb (SR)   Coul. recip.      Potential
    4.63859e+03   -2.74587e+02   -6.06232e+04    6.41402e+02   -5.45454e+04
    Kinetic En.   Total Energy  Conserved En.    Temperature Pres. DC (bar)
    2.03089e+04   -3.42365e+04    4.59829e+03    3.00055e+02   -2.34118e+01
 Pressure (bar)   Constr. rmsd
   -2.53973e+02    3.18639e-06


DD  load balancing is limited by minimum cell size in dimension Y
DD  step 48999  vol min/aver 0.466! load imb.: force 33.7%
           Step           Time
          49000       98.00000

   Energies (kJ/mol)
           Bond          Angle    Proper Dih.          LJ-14     Coulomb-14
    1.18377e+03    6.65173e+03    1.62636e+03    7.28212e+02   -9.30903e+03
        LJ (SR)  Disper. corr.   Coulomb (SR)   Coul. recip.      Potential
    4.75651e+03   -2.74587e+02   -6.07047e+04    5.85633e+02   -5.47561e+04
    Kinetic En.   Total Energy  Conserved En.    Temperature Pres. DC (bar)
    2.05138e+04   -3.42423e+04    4.58146e+03    3.03083e+02   -2.34118e+01
 Pressure (bar)   Constr. rmsd
   -2.05481e+00    3.24779e-06


DD  load balancing is limited by minimum cell size in dimension Y
DD  step 49999  vol min/aver 0.459! load imb.: force 30.8%
           Step           Time
          50000      100.00000

Writing checkpoint, step 50000 at Wed Apr 29 20:37:21 2026


   Energies (kJ/mol)
           Bond          Angle    Proper Dih.          LJ-14     Coulomb-14
    1.29329e+03    6.57216e+03    1.65545e+03    7.15772e+02   -9.22048e+03
        LJ (SR)  Disper. corr.   Coulomb (SR)   Coul. recip.      Potential
    4.57000e+03   -2.74587e+02   -6.07282e+04    5.94535e+02   -5.48221e+04
    Kinetic En.   Total Energy  Conserved En.    Temperature Pres. DC (bar)
    2.07873e+04   -3.40348e+04    4.57732e+03    3.07123e+02   -2.34118e+01
 Pressure (bar)   Constr. rmsd
    1.08586e+00    3.62426e-06


Energy conservation over simulation part #1 of length 100 ps, time 0 to 100 ps
  Conserved energy drift: 1.04e-03 kJ/mol/ps per atom


	<======  ###############  ==>
	<====  A V E R A G E S  ====>
	<==  ###############  ======>

	Statistics over 50001 steps using 501 frames

   Energies (kJ/mol)
           Bond          Angle    Proper Dih.          LJ-14     Coulomb-14
    1.23661e+03    6.18714e+03    1.65880e+03    7.12033e+02   -9.23372e+03
        LJ (SR)  Disper. corr.   Coulomb (SR)   Coul. recip.      Potential
    4.42207e+03   -2.74587e+02   -5.77479e+04    6.91933e+02   -5.23476e+04
    Kinetic En.   Total Energy  Conserved En.    Temperature Pres. DC (bar)
    2.03494e+04   -3.19982e+04    4.52656e+03    3.00654e+02   -2.34118e+01
 Pressure (bar)   Constr. rmsd
   -7.58258e+01    0.00000e+00

   Total Virial (kJ/mol)
    7.18679e+03    4.12723e+01    5.50679e+01
    4.13533e+01    7.30554e+03    3.08983e+00
    5.51625e+01    3.07636e+00    7.19355e+03

   Pressure (bar)
   -6.78115e+01   -4.91358e+00   -9.12654e+00
   -4.92737e+00   -9.15742e+01    6.30941e-01
   -9.14264e+00    6.33234e-01   -6.80919e+01


	M E G A - F L O P S   A C C O U N T I N G

 NB=Group-cutoff nonbonded kernels    NxN=N-by-N cluster Verlet kernels
 RF=Reaction-Field  VdW=Van der Waals  QSTab=quadratic-spline table
 W3=SPC/TIP3p  W4=TIP4p (single or pairs)
 V&F=Potential and force  V=Potential only  F=Force only

 Computing:                               M-Number         M-Flops  % Flops
-----------------------------------------------------------------------------
 Pair Search distance check            1070.958880        9638.630     0.1
 NxN Ewald Elec. + LJ [F]            185744.926224    12259165.131    69.1
 NxN Ewald Elec. + LJ [V&F]            1880.157856      201176.891     1.1
 NxN Ewald Elec. [F]                  43483.865040     2652515.767    14.9
 NxN Ewald Elec. [V&F]                  440.191232       36976.063     0.2
 1,4 nonbonded interactions             301.356027       27122.042     0.2
 Calc Weights                          1111.822236       40025.600     0.2
 Spread Q Bspline                     23718.874368       47437.749     0.3
 Gather F Bspline                     23718.874368      142313.246     0.8
 3D-FFT                              240463.009164     1923704.073    10.8
 Solve PME                             3650.473008      233630.273     1.3
 Reset In Box                             3.713412          11.140     0.0
 CG-CoM                                   3.720824          11.162     0.0
 Bonds                                   50.951019        3006.110     0.0
 Angles                                 313.006260       52585.052     0.3
 Propers                                309.606192       70899.818     0.4
 Virial                                   4.074132          73.334     0.0
 Stop-CM                                  3.720824          37.208     0.0
 Calc-Ekin                               74.134824        2001.640     0.0
 Lincs                                  162.883653        9773.019     0.1
 Lincs-Mat                             1292.879904        5171.520     0.0
 Constraint-V                           506.495940        4558.463     0.0
 Constraint-Vir                           3.442929          82.630     0.0
 Settle                                  60.246143       22291.073     0.1
-----------------------------------------------------------------------------
 Total                                                17744207.637   100.0
-----------------------------------------------------------------------------


    D O M A I N   D E C O M P O S I T I O N   S T A T I S T I C S

 av. #atoms communicated per step for force:  2 x 21451.4
 av. #atoms communicated per step for LINCS:  2 x 1156.1


Dynamic load balancing report:
 DLB was turned on during the run due to measured imbalance.
 Average load imbalance: 34.4%.
 The balanceable part of the MD step is 18%, load imbalance is computed from this.
 Part of the total run time spent waiting due to load imbalance: 6.2%.
 Steps where the load balancing was limited by -rdd, -rcon and/or -dds: X 0 % Y 0 %

NOTE: 6.2 % of the available CPU time was lost due to load imbalance
      in the domain decomposition.
      You can consider manually changing the decomposition (option -dd);
      e.g. by using fewer domains along the box dimension in which there is
      considerable inhomogeneity in the simulated system.

      R E A L   C Y C L E   A N D   T I M E   A C C O U N T I N G

On 16 MPI ranks, each using 2 OpenMP threads

 Activity:              Num   Num      Call    Wall time         Giga-Cycles
                        Ranks Threads  Count      (s)         total sum    %
--------------------------------------------------------------------------------
 Domain decomp.           16    2        501       0.929         86.018   1.2
 DD comm. load            16    2        500       0.009          0.859   0.0
 DD comm. bounds          16    2        499       0.026          2.446   0.0
 Neighbor search          16    2        501       0.225         20.835   0.3
 Comm. coord.             16    2      49500       2.262        209.378   3.0
 Force                    16    2      50001      11.325       1048.378  15.1
 Wait + Comm. F           16    2      50001       2.666        246.787   3.6
 PME mesh                 16    2      50001      52.312       4842.488  69.7
 NB X/F buffer ops.       16    2     149502       0.734         67.974   1.0
 Write traj.              16    2          1       0.009          0.808   0.0
 Update                   16    2      50001       0.320         29.614   0.4
 Constraints              16    2      50003       3.489        322.993   4.7
 Kinetic energy           16    2      10001       0.029          2.707   0.0
 Comm. energies           16    2       5001       0.508         47.062   0.7
 Rest                                              0.163         15.130   0.2
--------------------------------------------------------------------------------
 Total                                            75.009       6943.478 100.0
--------------------------------------------------------------------------------
 Breakdown of PME mesh activities
--------------------------------------------------------------------------------
 PME redist. X/F          16    2     100002      18.019       1668.002  24.0
 PME spread               16    2      50001       6.199        573.875   8.3
 PME gather               16    2      50001       5.540        512.802   7.4
 PME 3D-FFT               16    2     100002       6.544        605.745   8.7
 PME 3D-FFT Comm.         16    2     200004      15.696       1452.967  20.9
 PME solve Elec           16    2      50001       0.240         22.244   0.3
--------------------------------------------------------------------------------

               Core t (s)   Wall t (s)        (%)
       Time:     2399.903       75.009     3199.5
                 (ns/day)    (hour/ns)    (ms/step)  (Matom*steps/s) 
Performance:      115.189        0.208        1.500            4.941 
Finished mdrun on rank 0 Wed Apr 29 20:37:21 2026

