============================================================================
| ACPYPE: AnteChamber PYthon Parser interfacE v. 2023.10.27 (c) 2026 AWSdS |
============================================================================
DEBUG: CLI: -i CCO -o gmx
DEBUG: Python Version 3.12.13 | packaged by conda-forge | (main, Mar 5 2026, 16:50:00) [GCC 14.3.0]
DEBUG: Max execution time tolerance is 3h
DEBUG: /home/jasminefeng/miniconda3/envs/condamd/bin/antechamber -dr no -i smiles_molecule.mol2 -fi mol2 -o tmp -fo ac -pf y
DEBUG: Info: The atom type is set to gaff; the options available to the -at flag are
 gaff, gaff2, amber, bcc, abcg2, and sybyl.


DEBUG: setResNameCheckCoords done
WARNING: no charge value given, trying to guess one...
DEBUG: /home/jasminefeng/miniconda3/envs/condamd/bin/antechamber -dr no -i smiles_molecule.mol2 -fi mol2 -o tmp -fo mol2 -c gas -pf n
DEBUG: /home/jasminefeng/miniconda3/envs/condamd/bin/antechamber -dr no -i tmp -fi mol2 -o tmp -fo mol2 -c wc -cf tmp.crg -pf n
DEBUG: ++++++++++start_quote+++++++++++++++++++++++++++++++++++++++++++++++++++++++++++
DEBUG: Info: The atom type is set to gaff; the options available to the -at flag are
 gaff, gaff2, amber, bcc, abcg2, and sybyl.


DEBUG: ++++++++++end_quote+++++++++++++++++++++++++++++++++++++++++++++++++++++++++++++
DEBUG: readMol2TotalCharge: -1.000000000007939e-06
DEBUG: Net charge drift '0.000001'
==> ... charge set to 0
==> Executing Antechamber...
DEBUG: /home/jasminefeng/miniconda3/envs/condamd/bin/antechamber -dr no -i smiles_molecule.mol2 -fi mol2 -o smiles_molecule_bcc_gaff2.mol2 -fo mol2 -c bcc -nc 0 -m 1 -s 2 -df 2 -at gaff2 -pf n 
DEBUG: No file left to be removed
==> * Antechamber OK *
DEBUG: /home/jasminefeng/miniconda3/envs/condamd/bin/parmchk2 -i smiles_molecule_bcc_gaff2.mol2 -f mol2 -o smiles_molecule_AC.frcmod -s 2
==> * Parmchk OK *
DEBUG: No crd or prm files left to be removed
==> Executing Tleap...
DEBUG: /home/jasminefeng/miniconda3/envs/condamd/bin/tleap -f tleap.in
DEBUG: ++++++++++start_quote+++++++++++++++++++++++++++++++++++++++++++++++++++++++++++
DEBUG: Checking 'UNL'....
Checking parameters for unit 'UNL'.
Checking for bond parameters.
Checking for angle parameters.
Unit is OK.
DEBUG: ++++++++++end_quote+++++++++++++++++++++++++++++++++++++++++++++++++++++++++++++
==> * Tleap OK *
==> Removing temporary files...
DEBUG: prmtop and inpcrd files loaded
DEBUG: basename defined = 'smiles_molecule'
DEBUG: getCoords done
DEBUG: getABCOEFs done
DEBUG: charge to be balanced: total 0.0000010022
DEBUG: balanceCharges done
DEBUG: Balanced TotalCharge -0.0000000000
DEBUG: PBC = None
DEBUG: getAtoms done
DEBUG: getBonds done
DEBUG: getAngles done
DEBUG: getDihedrals done
==> Using OpenBabel v.3.1.0

==> Writing GROMACS files

==> Disambiguating lower and uppercase atomtypes in GMX top file, even if identical.

DEBUG: writing GRO file
DEBUG: Box size estimated
DEBUG: writing POSRE file
DEBUG: atomTypes 5
DEBUG: GMX atomtypes done
DEBUG: atoms 9
DEBUG: GMX atoms done
DEBUG: bonds 8
DEBUG: GMX bonds done
DEBUG: atomPairs 12
DEBUG: GMX pairs done
DEBUG: angles 13
DEBUG: GMX angles done
DEBUG: setProperDihedralsCoef done
DEBUG: properDihedralsCoefRB 12
DEBUG: properDihedralsAlphaGamma 0
DEBUG: properDihedralsGmx45 12
==> Writing GMX dihedrals for GMX 4.5 and higher.

DEBUG: GMX special proper dihedrals done
DEBUG: improperDihedrals 0
DEBUG: GMX improper dihedrals done
==> Writing pickle file smiles_molecule.pkl
==> Removing temporary files...
Total time of execution: 1s
DEBUG: No tmp folder left to be removed
