            --------------------------------------------------------
                             AMBER SQM VERSION 19
 
                                     By
              Ross C. Walker, Michael F. Crowley, Scott Brozell,
                         Tim Giese, Andreas W. Goetz,
                        Tai-Sung Lee and David A. Case
 
            --------------------------------------------------------
 

--------------------------------------------------------------------------------
  QM CALCULATION INFO
--------------------------------------------------------------------------------

| QMMM: Citation for AMBER QMMM Run:
| QMMM: R.C. Walker, M.F. Crowley and D.A. Case, J. COMP. CHEM. 29:1019, 2008

QMMM: SINGLET STATE CALCULATION
QMMM: RHF CALCULATION, NO. OF DOUBLY OCCUPIED LEVELS = 10

| QMMM: *** Selected Hamiltonian *** 
| QMMM: AM1         

| QMMM: *** Parameter sets in use ***
| QMMM: C : M.J.S.DEWAR et al. JACS, 107, 3902, (1985)
| QMMM: O : M.J.S.DEWAR et al. JACS, 107, 3902, (1985)
| QMMM: H : M.J.S.DEWAR et al. JACS, 107, 3902, (1985)

| QMMM: *** SCF convergence criteria ***
| QMMM: Energy change                :  0.1D-09 kcal/mol
| QMMM: Error matrix |FP-PF|         :  0.1D+00 au
| QMMM: Density matrix change        :  0.5D-06
| QMMM: Maximum number of SCF cycles :     1000

| QMMM: *** Diagonalization Routine Information ***
| QMMM: Pseudo diagonalizations are allowed.
| QMMM: Auto diagonalization routine selection is in use.
| QMMM:
| QMMM: Timing diagonalization routines:
| QMMM:                              norbs =       18
| QMMM:    diag iterations used for timing =       20
| QMMM:
| QMMM:              Internal diag routine = 0.000467 seconds
| QMMM:                 Dspev diag routine = 0.004520 seconds
| QMMM:                Dspevd diag routine = 0.000801 seconds
| QMMM:                Dspevx diag routine = 0.002882 seconds
| QMMM:                 Dsyev diag routine = 0.001302 seconds
| QMMM:                Dsyevd diag routine = 0.000802 seconds
| QMMM:                Dsyevr diag routine = 0.001106 seconds
| QMMM:
| QMMM:                Pseudo diag routine = 0.000102 seconds
| QMMM:
| QMMM: Using internal diagonalization routine (diag_routine=1).

  QMMM: QM Region Cartesian Coordinates (*=link atom) 
  QMMM: QM_NO.   MM_NO.  ATOM         X         Y         Z
  QMMM:     1        1      C        0.9960   -0.0950    0.0110
  QMMM:     2        2      C        0.4980    1.2770    0.4130
  QMMM:     3        3      O        0.9640    2.2520   -0.5090
  QMMM:     4        4      H        0.6540   -0.3490   -0.9980
  QMMM:     5        5      H        0.6390   -0.8590    0.7070
  QMMM:     6        6      H        2.0910   -0.1200   -0.0090
  QMMM:     7        7      H       -0.5950    1.3030    0.4140
  QMMM:     8        8      H        0.8510    1.5450    1.4140
  QMMM:     9        9      H        1.9360    2.2300   -0.4940

--------------------------------------------------------------------------------
  RESULTS
--------------------------------------------------------------------------------

      iter         sqm energy              rms gradient
      ----    -------------------    -----------------------
xmin    10      -64.2715 kcal/mol        0.1494 kcal/(mol*A)
xmin    20      -64.2763 kcal/mol        0.0590 kcal/(mol*A)
xmin    30      -64.2781 kcal/mol        0.0284 kcal/(mol*A)
xmin    40      -64.2782 kcal/mol        0.0065 kcal/(mol*A)
xmin    50      -64.2782 kcal/mol        0.0011 kcal/(mol*A)
  ... geometry converged !
 
 Final MO eigenvalues (eV):
 -38.2123  -31.3299  -23.6848  -17.9564  -15.9963  -15.4476  -13.6123  -12.9445
 -12.0056  -11.0485    3.6516    3.7654    4.1298    4.1778    4.5936    4.7571
   4.8924    6.3188

 Heat of formation   =        -64.27819268 kcal/mol  (       -2.78731159 eV)

 Total SCF energy    =     -15216.94429255 kcal/mol  (     -659.85622014 eV)
 Electronic energy   =     -41285.56962497 kcal/mol  (    -1790.27664130 eV)
 Core-core repulsion =      26068.62533243 kcal/mol  (     1130.42042116 eV)
 
    Atomic Charges for Step       1 :
  Atom    Element       Mulliken Charge
     1      C                 -0.254
     2      C                 -0.024
     3      O                 -0.327
     4      H                  0.088
     5      H                  0.084
     6      H                  0.073
     7      H                  0.104
     8      H                  0.061
     9      H                  0.195
 Total Mulliken Charge =      -0.000
 
                  X        Y        Z     TOTAL  
  QM DIPOLE     0.819   -1.235    0.801    1.685
 
 Final Structure

  QMMM: QM Region Cartesian Coordinates (*=link atom) 
  QMMM: QM_NO.   MM_NO.  ATOM         X         Y         Z
  QMMM:     1        1      C        1.0085   -0.0980    0.0101
  QMMM:     2        2      C        0.5198    1.2731    0.4166
  QMMM:     3        3      O        0.9356    2.2793   -0.4881
  QMMM:     4        4      H        0.6858   -0.3318   -1.0328
  QMMM:     5        5      H        0.5919   -0.8711    0.6982
  QMMM:     6        6      H        2.1233   -0.1464    0.0513
  QMMM:     7        7      H       -0.6024    1.3256    0.3916
  QMMM:     8        8      H        0.8750    1.5246    1.4528
  QMMM:     9        9      H        1.8965    2.2287   -0.5507

           --------- Calculation Completed ----------

