                      :-) GROMACS - gmx mdrun, 2022.2 (-:

Copyright 1991-2022 The GROMACS Authors.
GROMACS is free software; you can redistribute it and/or modify it
under the terms of the GNU Lesser General Public License
as published by the Free Software Foundation; either version 2.1
of the License, or (at your option) any later version.

                         Current GROMACS contributors:
       Mark Abraham           Andrey Alekseenko           Cathrine Bergh      
      Christian Blau            Eliane Briand               Kevin Boyd        
     Oliver Fleetwood         Stefan Fleischmann           Vytas Gapsys       
       Gaurav Garg           Gilles Gouaillardet            Alan Gray         
      Victor Holanda           M. Eric Irrgang              Joe Jordan        
    Christoph Junghans        Prashanth Kanduri           Sebastian Kehl      
     Sebastian Keller          Carsten Kutzner           Magnus Lundborg      
       Pascal Merz              Dmitry Morozov             Szilard Pall       
      Roland Schulz             Michael Shirts         David van der Spoel    
     Alessandra Villa      Sebastian Wingbermuehle        Artem Zhmurov       

                         Previous GROMACS contributors:
        Emile Apol             Rossen Apostolov           James Barnett       
  Herman J.C. Berendsen          Par Bjelkmar           Viacheslav Bolnykh    
    Aldert van Buuren          Carlo Camilloni           Rudi van Drunen      
      Anton Feenstra           Gerrit Groenhof            Bert de Groot       
      Anca Hamuraru           Vincent Hindriksen         Aleksei Iupinov      
   Dimitrios Karkoulis           Peter Kasson               Jiri Kraus        
       Per Larsson             Justin A. Lemkul           Viveca Lindahl      
      Erik Marklund           Pieter Meulenhoff           Vedran Miletic      
      Teemu Murtola              Sander Pronk            Alexey Shvetsov      
      Alfons Sijbers            Peter Tieleman             Jon Vincent        
     Teemu Virolainen         Christian Wennberg           Maarten Wolf       

                  Coordinated by the GROMACS project leaders:
                    Paul Bauer, Berk Hess, and Erik Lindahl

GROMACS:      gmx mdrun, version 2022.2
Executable:   /usr/local/gromacs/bin/gmx_mpi
Data prefix:  /usr/local/gromacs
Working dir:  /mnt/f/polymer_task/systems/water
Process ID:   3182
Command line:
  gmx_mpi mdrun -deffnm em

GROMACS version:    2022.2
Precision:          mixed
Memory model:       64 bit
MPI library:        MPI
OpenMP support:     enabled (GMX_OPENMP_MAX_THREADS = 128)
GPU support:        disabled
SIMD instructions:  AVX2_256
CPU FFT library:    fftw-3.3.8-sse2-avx-avx2-avx2_128
GPU FFT library:    none
RDTSCP usage:       enabled
TNG support:        enabled
Hwloc support:      disabled
Tracing support:    disabled
C compiler:         /usr/bin/mpicc GNU 13.3.0
C compiler flags:   -mavx2 -mfma -Wno-missing-field-initializers -fexcess-precision=fast -funroll-all-loops -O3 -DNDEBUG
C++ compiler:       /usr/bin/mpicxx GNU 13.3.0
C++ compiler flags: -mavx2 -mfma -Wno-missing-field-initializers -fexcess-precision=fast -funroll-all-loops SHELL:-fopenmp -O3 -DNDEBUG


Running on 1 node with total 8 cores, 16 processing units
Hardware detected on host DESKTOP-EHK58OI (the node of MPI rank 0):
  CPU info:
    Vendor: Intel
    Brand:  Intel(R) Core(TM) i7-10700 CPU @ 2.90GHz
    Family: 6   Model: 165   Stepping: 5
    Features: aes apic avx avx2 clfsh cmov cx8 cx16 f16c fma htt intel lahf mmx msr pcid pclmuldq pdcm pdpe1gb popcnt pse rdrnd rdtscp sse2 sse3 sse4.1 sse4.2 ssse3
  Hardware topology: Basic
    Packages, cores, and logical processors:
    [indices refer to OS logical processors]
      Package  0: [   0   1] [   2   3] [   4   5] [   6   7] [   8   9] [  10  11] [  12  13] [  14  15]
    CPU limit set by OS: -1   Recommended max number of threads: 16


++++ PLEASE READ AND CITE THE FOLLOWING REFERENCE ++++
M. J. Abraham, T. Murtola, R. Schulz, S. Páll, J. C. Smith, B. Hess, E.
Lindahl
GROMACS: High performance molecular simulations through multi-level
parallelism from laptops to supercomputers
SoftwareX 1 (2015) pp. 19-25
-------- -------- --- Thank You --- -------- --------


++++ PLEASE READ AND CITE THE FOLLOWING REFERENCE ++++
S. Páll, M. J. Abraham, C. Kutzner, B. Hess, E. Lindahl
Tackling Exascale Software Challenges in Molecular Dynamics Simulations with
GROMACS
In S. Markidis & E. Laure (Eds.), Solving Software Challenges for Exascale 8759 (2015) pp. 3-27
-------- -------- --- Thank You --- -------- --------


++++ PLEASE READ AND CITE THE FOLLOWING REFERENCE ++++
S. Pronk, S. Páll, R. Schulz, P. Larsson, P. Bjelkmar, R. Apostolov, M. R.
Shirts, J. C. Smith, P. M. Kasson, D. van der Spoel, B. Hess, and E. Lindahl
GROMACS 4.5: a high-throughput and highly parallel open source molecular
simulation toolkit
Bioinformatics 29 (2013) pp. 845-54
-------- -------- --- Thank You --- -------- --------


++++ PLEASE READ AND CITE THE FOLLOWING REFERENCE ++++
B. Hess and C. Kutzner and D. van der Spoel and E. Lindahl
GROMACS 4: Algorithms for highly efficient, load-balanced, and scalable
molecular simulation
J. Chem. Theory Comput. 4 (2008) pp. 435-447
-------- -------- --- Thank You --- -------- --------


++++ PLEASE READ AND CITE THE FOLLOWING REFERENCE ++++
D. van der Spoel, E. Lindahl, B. Hess, G. Groenhof, A. E. Mark and H. J. C.
Berendsen
GROMACS: Fast, Flexible and Free
J. Comp. Chem. 26 (2005) pp. 1701-1719
-------- -------- --- Thank You --- -------- --------


++++ PLEASE READ AND CITE THE FOLLOWING REFERENCE ++++
E. Lindahl and B. Hess and D. van der Spoel
GROMACS 3.0: A package for molecular simulation and trajectory analysis
J. Mol. Mod. 7 (2001) pp. 306-317
-------- -------- --- Thank You --- -------- --------


++++ PLEASE READ AND CITE THE FOLLOWING REFERENCE ++++
H. J. C. Berendsen, D. van der Spoel and R. van Drunen
GROMACS: A message-passing parallel molecular dynamics implementation
Comp. Phys. Comm. 91 (1995) pp. 43-56
-------- -------- --- Thank You --- -------- --------


++++ PLEASE CITE THE DOI FOR THIS VERSION OF GROMACS ++++
https://doi.org/10.5281/zenodo.6637571
-------- -------- --- Thank You --- -------- --------

Input Parameters:
   integrator                     = steep
   tinit                          = 0
   dt                             = 0.001
   nsteps                         = 5000
   init-step                      = 0
   simulation-part                = 1
   mts                            = false
   comm-mode                      = Linear
   nstcomm                        = 100
   bd-fric                        = 0
   ld-seed                        = 1744108539
   emtol                          = 1000
   emstep                         = 0.01
   niter                          = 20
   fcstep                         = 0
   nstcgsteep                     = 1000
   nbfgscorr                      = 10
   rtpi                           = 0.05
   nstxout                        = 0
   nstvout                        = 0
   nstfout                        = 0
   nstlog                         = 500
   nstcalcenergy                  = 100
   nstenergy                      = 500
   nstxout-compressed             = 0
   compressed-x-precision         = 1000
   cutoff-scheme                  = Verlet
   nstlist                        = 10
   pbc                            = xyz
   periodic-molecules             = false
   verlet-buffer-tolerance        = 0.005
   rlist                          = 1.26
   coulombtype                    = PME
   coulomb-modifier               = Potential-shift
   rcoulomb-switch                = 0
   rcoulomb                       = 1.2
   epsilon-r                      = 1
   epsilon-rf                     = inf
   vdw-type                       = Cut-off
   vdw-modifier                   = Potential-shift
   rvdw-switch                    = 0
   rvdw                           = 1.2
   DispCorr                       = No
   table-extension                = 1
   fourierspacing                 = 0.12
   fourier-nx                     = 42
   fourier-ny                     = 42
   fourier-nz                     = 42
   pme-order                      = 4
   ewald-rtol                     = 1e-05
   ewald-rtol-lj                  = 0.001
   lj-pme-comb-rule               = Geometric
   ewald-geometry                 = 3d
   epsilon-surface                = 0
   tcoupl                         = No
   nsttcouple                     = -1
   nh-chain-length                = 0
   print-nose-hoover-chain-variables = false
   pcoupl                         = No
   pcoupltype                     = Isotropic
   nstpcouple                     = -1
   tau-p                          = 1
   compressibility (3x3):
      compressibility[    0]={ 0.00000e+00,  0.00000e+00,  0.00000e+00}
      compressibility[    1]={ 0.00000e+00,  0.00000e+00,  0.00000e+00}
      compressibility[    2]={ 0.00000e+00,  0.00000e+00,  0.00000e+00}
   ref-p (3x3):
      ref-p[    0]={ 0.00000e+00,  0.00000e+00,  0.00000e+00}
      ref-p[    1]={ 0.00000e+00,  0.00000e+00,  0.00000e+00}
      ref-p[    2]={ 0.00000e+00,  0.00000e+00,  0.00000e+00}
   refcoord-scaling               = No
   posres-com (3):
      posres-com[0]= 0.00000e+00
      posres-com[1]= 0.00000e+00
      posres-com[2]= 0.00000e+00
   posres-comB (3):
      posres-comB[0]= 0.00000e+00
      posres-comB[1]= 0.00000e+00
      posres-comB[2]= 0.00000e+00
   QMMM                           = false
qm-opts:
   ngQM                           = 0
   constraint-algorithm           = Lincs
   continuation                   = false
   Shake-SOR                      = false
   shake-tol                      = 0.0001
   lincs-order                    = 4
   lincs-iter                     = 1
   lincs-warnangle                = 30
   nwall                          = 0
   wall-type                      = 9-3
   wall-r-linpot                  = -1
   wall-atomtype[0]               = -1
   wall-atomtype[1]               = -1
   wall-density[0]                = 0
   wall-density[1]                = 0
   wall-ewald-zfac                = 3
   pull                           = false
   awh                            = false
   rotation                       = false
   interactiveMD                  = false
   disre                          = No
   disre-weighting                = Conservative
   disre-mixed                    = false
   dr-fc                          = 1000
   dr-tau                         = 0
   nstdisreout                    = 100
   orire-fc                       = 0
   orire-tau                      = 0
   nstorireout                    = 100
   free-energy                    = no
   cos-acceleration               = 0
   deform (3x3):
      deform[    0]={ 0.00000e+00,  0.00000e+00,  0.00000e+00}
      deform[    1]={ 0.00000e+00,  0.00000e+00,  0.00000e+00}
      deform[    2]={ 0.00000e+00,  0.00000e+00,  0.00000e+00}
   simulated-tempering            = false
   swapcoords                     = no
   userint1                       = 0
   userint2                       = 0
   userint3                       = 0
   userint4                       = 0
   userreal1                      = 0
   userreal2                      = 0
   userreal3                      = 0
   userreal4                      = 0
   applied-forces:
     electric-field:
       x:
         E0                       = 0
         omega                    = 0
         t0                       = 0
         sigma                    = 0
       y:
         E0                       = 0
         omega                    = 0
         t0                       = 0
         sigma                    = 0
       z:
         E0                       = 0
         omega                    = 0
         t0                       = 0
         sigma                    = 0
     density-guided-simulation:
       active                     = false
       group                      = protein
       similarity-measure         = inner-product
       atom-spreading-weight      = unity
       force-constant             = 1e+09
       gaussian-transform-spreading-width = 0.2
       gaussian-transform-spreading-range-in-multiples-of-width = 4
       reference-density-filename = reference.mrc
       nst                        = 1
       normalize-densities        = true
       adaptive-force-scaling     = false
       adaptive-force-scaling-time-constant = 4
       shift-vector               = 
       transformation-matrix      = 
     qmmm-cp2k:
       active                     = false
       qmgroup                    = System
       qmmethod                   = PBE
       qmfilenames                = 
       qmcharge                   = 0
       qmmultiplicity             = 1
grpopts:
   nrdf:        9531
   ref-t:           0
   tau-t:           0
annealing:          No
annealing-npoints:           0
   acc:	           0           0           0
   nfreeze:           N           N           N
   energygrp-flags[  0]: 0

When checking whether update groups are usable:
  At least one moleculetype does not conform to the requirements for using update groups

Initializing Domain Decomposition on 1 ranks
NOTE: disabling dynamic load balancing as it is only supported with dynamics, not with integrator 'steep'.
Dynamic load balancing: off
Minimum cell size due to atom displacement: 0.060 nm
Initial maximum distances in bonded interactions:
    two-body bonded interactions: 0.399 nm, LJ-14, atoms 131 143
  multi-body bonded interactions: 0.399 nm, Proper Dih., atoms 131 143
Minimum cell size due to bonded interactions: 0.439 nm
Maximum distance for 5 constraints, at 120 deg. angles, all-trans: 0.219 nm
Estimated maximum distance required for P-LINCS: 0.219 nm
Using 0 separate PME ranks because: there are too few total ranks for efficient splitting
Optimizing the DD grid for 1 cells with a minimum initial size of 0.439 nm
The maximum allowed number of cells is: X 11 Y 11 Z 11
Domain decomposition grid 1 x 1 x 1, separate PME ranks 0
PME domain decomposition: 1 x 1 x 1

The initial number of communication pulses is:
The initial domain decomposition cell size is:

The maximum allowed distance for atoms involved in interactions is:
                 non-bonded interactions           1.260 nm
            two-body bonded interactions  (-rdd)   1.260 nm
          multi-body bonded interactions  (-rdd)   1.260 nm
  atoms separated by up to 5 constraints  (-rcon)  5.000 nm

Using 1 MPI process
Using 16 OpenMP threads 

Pinning threads with an auto-selected logical cpu stride of 1
System total charge: 0.000
Will do PME sum in reciprocal space for electrostatic interactions.

++++ PLEASE READ AND CITE THE FOLLOWING REFERENCE ++++
U. Essmann, L. Perera, M. L. Berkowitz, T. Darden, H. Lee and L. G. Pedersen 
A smooth particle mesh Ewald method
J. Chem. Phys. 103 (1995) pp. 8577-8592
-------- -------- --- Thank You --- -------- --------

Using a Gaussian width (1/beta) of 0.384195 nm for Ewald
Potential shift: LJ r^-12: -1.122e-01 r^-6: -3.349e-01, Ewald -8.333e-06
Initialized non-bonded Coulomb Ewald tables, spacing: 1.02e-03 size: 1176

Generated table with 1130 data points for 1-4 COUL.
Tabscale = 500 points/nm
Generated table with 1130 data points for 1-4 LJ6.
Tabscale = 500 points/nm
Generated table with 1130 data points for 1-4 LJ12.
Tabscale = 500 points/nm


Using SIMD 4x8 nonbonded short-range kernels

Using a 4x8 pair-list setup:
  updated every 10 steps, buffer 0.060 nm, rlist 1.260 nm

Using Lorentz-Berthelot Lennard-Jones combination rule
Removing pbc first time

Linking all bonded interactions to atoms


Initializing Parallel LINear Constraint Solver

++++ PLEASE READ AND CITE THE FOLLOWING REFERENCE ++++
B. Hess
P-LINCS: A Parallel Linear Constraint Solver for molecular simulation
J. Chem. Theory Comput. 4 (2008) pp. 116-122
-------- -------- --- Thank You --- -------- --------

The number of constraints is 102
There are constraints between atoms in different decomposition domains,
will communicate selected coordinates each lincs iteration

++++ PLEASE READ AND CITE THE FOLLOWING REFERENCE ++++
S. Miyamoto and P. A. Kollman
SETTLE: An Analytical Version of the SHAKE and RATTLE Algorithms for Rigid
Water Models
J. Comp. Chem. 13 (1992) pp. 952-962
-------- -------- --- Thank You --- -------- --------


Note that activating steepest-descent energy minimization via the integrator .mdp option and the command gmx mdrun may be available in a different form in a future version of GROMACS, e.g. gmx minimize and an .mdp option.
Initiating Steepest Descents

Atom distribution over 1 domains: av 4712 stddev 0 min 4712 max 4712
Started Steepest Descents on rank 0 Wed Apr 29 14:39:38 2026


Steepest Descents:
   Tolerance (Fmax)   =  1.00000e+03
   Number of steps    =         5000
           Step           Time
              0        0.00000

   Energies (kJ/mol)
           Bond          Angle    Proper Dih.          LJ-14     Coulomb-14
    4.34362e+01    1.98072e+02    6.81339e+02    2.46751e+02    5.01746e+03
        LJ (SR)   Coulomb (SR)   Coul. recip.      Potential Pressure (bar)
    1.68167e+04   -7.45255e+03    3.55914e+03    1.91104e+04    1.33130e+04
   Constr. rmsd
    1.02931e-06

           Step           Time
              1        1.00000

   Energies (kJ/mol)
           Bond          Angle    Proper Dih.          LJ-14     Coulomb-14
    4.98075e+01    2.04792e+02    6.79334e+02    2.50431e+02    5.03046e+03
        LJ (SR)   Coulomb (SR)   Coul. recip.      Potential Pressure (bar)
    1.31885e+04   -7.89753e+03    3.54140e+03    1.50472e+04    1.09608e+04
   Constr. rmsd
    1.18852e-06

           Step           Time
              2        2.00000

   Energies (kJ/mol)
           Bond          Angle    Proper Dih.          LJ-14     Coulomb-14
    1.13778e+02    2.65438e+02    6.75482e+02    2.59476e+02    5.05423e+03
        LJ (SR)   Coulomb (SR)   Coul. recip.      Potential Pressure (bar)
    8.05053e+03   -9.02745e+03    3.48362e+03    8.87510e+03    7.56928e+03
   Constr. rmsd
    1.06261e-06

           Step           Time
              3        3.00000

   Energies (kJ/mol)
           Bond          Angle    Proper Dih.          LJ-14     Coulomb-14
    4.74816e+01    2.85293e+02    6.71233e+02    2.62471e+02    5.06005e+03
        LJ (SR)   Coulomb (SR)   Coul. recip.      Potential Pressure (bar)
    4.62634e+03   -1.07229e+04    3.36216e+03    3.59213e+03    5.00620e+03
   Constr. rmsd
    3.55005e-06

           Step           Time
              4        4.00000

   Energies (kJ/mol)
           Bond          Angle    Proper Dih.          LJ-14     Coulomb-14
    3.90288e+02    3.87547e+02    6.72516e+02    2.62420e+02    5.08049e+03
        LJ (SR)   Coulomb (SR)   Coul. recip.      Potential Pressure (bar)
    2.34887e+03   -1.30525e+04    3.12890e+03   -7.81431e+02    3.19466e+03
   Constr. rmsd
    2.07352e-05

           Step           Time
              5        5.00000

   Energies (kJ/mol)
           Bond          Angle    Proper Dih.          LJ-14     Coulomb-14
    1.24314e+02    3.16485e+02    6.68305e+02    2.57137e+02    5.06438e+03
        LJ (SR)   Coulomb (SR)   Coul. recip.      Potential Pressure (bar)
    2.09159e+03   -1.36343e+04    3.07255e+03   -2.03951e+03    2.75738e+03
   Constr. rmsd
    3.00760e-05

           Step           Time
              6        6.00000

   Energies (kJ/mol)
           Bond          Angle    Proper Dih.          LJ-14     Coulomb-14
    5.51670e+02    4.79299e+02    6.73979e+02    2.63961e+02    5.08766e+03
        LJ (SR)   Coulomb (SR)   Coul. recip.      Potential Pressure (bar)
    1.56343e+03   -1.46546e+04    2.94519e+03   -3.08939e+03    2.37202e+03
   Constr. rmsd
    4.63251e-06

           Step           Time
              7        7.00000

   Energies (kJ/mol)
           Bond          Angle    Proper Dih.          LJ-14     Coulomb-14
    3.57549e+02    4.56335e+02    6.69724e+02    2.59664e+02    5.06403e+03
        LJ (SR)   Coulomb (SR)   Coul. recip.      Potential Pressure (bar)
    1.40278e+03   -1.52120e+04    2.88769e+03   -4.11426e+03    1.99941e+03
   Constr. rmsd
    1.78995e-05

           Step           Time
              8        8.00000

   Energies (kJ/mol)
           Bond          Angle    Proper Dih.          LJ-14     Coulomb-14
    1.06361e+03    7.42417e+02    6.78306e+02    2.70452e+02    5.09617e+03
        LJ (SR)   Coulomb (SR)   Coul. recip.      Potential Pressure (bar)
    1.09258e+03   -1.59674e+04    2.78868e+03   -4.23522e+03    1.77978e+03
   Constr. rmsd
    4.64355e-06

           Step           Time
              9        9.00000

   Energies (kJ/mol)
           Bond          Angle    Proper Dih.          LJ-14     Coulomb-14
    1.01290e+03    8.56049e+02    6.77593e+02    2.74694e+02    5.06123e+03
        LJ (SR)   Coulomb (SR)   Coul. recip.      Potential Pressure (bar)
    9.88253e+02   -1.64963e+04    2.73163e+03   -4.89396e+03    1.44626e+03
   Constr. rmsd
    1.37670e-05

           Step           Time
             10       10.00000

           Step           Time
             11       11.00000

   Energies (kJ/mol)
           Bond          Angle    Proper Dih.          LJ-14     Coulomb-14
    1.31877e+02    2.60217e+02    6.69501e+02    2.54699e+02    5.08535e+03
        LJ (SR)   Coulomb (SR)   Coul. recip.      Potential Pressure (bar)
    8.60205e+02   -1.68333e+04    2.68720e+03   -6.88423e+03    1.42660e+03
   Constr. rmsd
    1.60414e-06

           Step           Time
             12       12.00000

           Step           Time
             13       13.00000

   Energies (kJ/mol)
           Bond          Angle    Proper Dih.          LJ-14     Coulomb-14
    4.93912e+02    4.82109e+02    6.68370e+02    2.65293e+02    5.07282e+03
        LJ (SR)   Coulomb (SR)   Coul. recip.      Potential Pressure (bar)
    6.71672e+02   -1.76382e+04    2.58863e+03   -7.39542e+03    1.14682e+03
   Constr. rmsd
    1.24133e-06

           Step           Time
             14       14.00000

   Energies (kJ/mol)
           Bond          Angle    Proper Dih.          LJ-14     Coulomb-14
    2.69718e+02    3.37756e+02    6.69301e+02    2.56202e+02    5.09031e+03
        LJ (SR)   Coulomb (SR)   Coul. recip.      Potential Pressure (bar)
    5.72989e+02   -1.80269e+04    2.54295e+03   -8.28763e+03    1.02939e+03
   Constr. rmsd
    1.85219e-06

           Step           Time
             15       15.00000

           Step           Time
             16       16.00000

   Energies (kJ/mol)
           Bond          Angle    Proper Dih.          LJ-14     Coulomb-14
    7.61651e+01    2.32334e+02    6.66151e+02    2.54020e+02    5.08097e+03
        LJ (SR)   Coulomb (SR)   Coul. recip.      Potential Pressure (bar)
    5.16336e+02   -1.83287e+04    2.50464e+03   -8.99808e+03    9.44843e+02
   Constr. rmsd
    1.24664e-06

           Step           Time
             17       17.00000

   Energies (kJ/mol)
           Bond          Angle    Proper Dih.          LJ-14     Coulomb-14
    4.11798e+02    4.13697e+02    6.68993e+02    2.57392e+02    5.09431e+03
        LJ (SR)   Coulomb (SR)   Coul. recip.      Potential Pressure (bar)
    3.45856e+02   -1.91978e+04    2.40228e+03   -9.60349e+03    6.73909e+02
   Constr. rmsd
    1.13534e-06

           Step           Time
             18       18.00000

   Energies (kJ/mol)
           Bond          Angle    Proper Dih.          LJ-14     Coulomb-14
    1.61740e+02    2.72554e+02    6.65822e+02    2.55591e+02    5.07982e+03
        LJ (SR)   Coulomb (SR)   Coul. recip.      Potential Pressure (bar)
    3.02136e+02   -1.95020e+04    2.36262e+03   -1.04017e+04    5.90563e+02
   Constr. rmsd
    1.25510e-06

           Step           Time
             19       19.00000

           Step           Time
             20       20.00000

   Energies (kJ/mol)
           Bond          Angle    Proper Dih.          LJ-14     Coulomb-14
    8.91147e+01    2.33940e+02    6.65717e+02    2.51302e+02    5.08945e+03
        LJ (SR)   Coulomb (SR)   Coul. recip.      Potential Pressure (bar)
    2.47690e+02   -1.98210e+04    2.32673e+03   -1.09170e+04    5.08349e+02
   Constr. rmsd
    1.25840e-06

           Step           Time
             21       21.00000

   Energies (kJ/mol)
           Bond          Angle    Proper Dih.          LJ-14     Coulomb-14
    2.55291e+02    3.16265e+02    6.65668e+02    2.57420e+02    5.07921e+03
        LJ (SR)   Coulomb (SR)   Coul. recip.      Potential Pressure (bar)
    1.71798e+02   -2.03734e+04    2.25895e+03   -1.13688e+04    3.50496e+02
   Constr. rmsd
    1.26797e-06

           Step           Time
             22       22.00000

   Energies (kJ/mol)
           Bond          Angle    Proper Dih.          LJ-14     Coulomb-14
    1.71729e+02    2.79881e+02    6.65885e+02    2.51823e+02    5.09313e+03
        LJ (SR)   Coulomb (SR)   Coul. recip.      Potential Pressure (bar)
    1.23554e+02   -2.06986e+04    2.22446e+03   -1.18882e+04    2.66738e+02
   Constr. rmsd
    1.34157e-06

           Step           Time
             23       23.00000

   Energies (kJ/mol)
           Bond          Angle    Proper Dih.          LJ-14     Coulomb-14
    4.37009e+02    4.05355e+02    6.66482e+02    2.61499e+02    5.07776e+03
        LJ (SR)   Coulomb (SR)   Coul. recip.      Potential Pressure (bar)
    7.33258e+01   -2.11533e+04    2.16790e+03   -1.20640e+04    1.37372e+02
   Constr. rmsd
    1.22841e-06

           Step           Time
             24       24.00000

   Energies (kJ/mol)
           Bond          Angle    Proper Dih.          LJ-14     Coulomb-14
    3.54284e+02    3.82428e+02    6.67130e+02    2.54547e+02    5.09797e+03
        LJ (SR)   Coulomb (SR)   Coul. recip.      Potential Pressure (bar)
    3.02041e+01   -2.14791e+04    2.13611e+03   -1.25564e+04    5.40644e+01
   Constr. rmsd
    2.55853e-06

           Step           Time
             25       25.00000

           Step           Time
             26       26.00000

   Energies (kJ/mol)
           Bond          Angle    Proper Dih.          LJ-14     Coulomb-14
    6.29267e+01    2.06727e+02    6.64119e+02    2.50931e+02    5.08613e+03
        LJ (SR)   Coulomb (SR)   Coul. recip.      Potential Pressure (bar)
    1.16778e+01   -2.16806e+04    2.10992e+03   -1.32882e+04    2.09848e+01
   Constr. rmsd
    1.30273e-06

           Step           Time
             27       27.00000

   Energies (kJ/mol)
           Bond          Angle    Proper Dih.          LJ-14     Coulomb-14
    5.43269e+02    4.81888e+02    6.66772e+02    2.56690e+02    5.10324e+03
        LJ (SR)   Coulomb (SR)   Coul. recip.      Potential Pressure (bar)
   -8.06927e+01   -2.25913e+04    2.01334e+03   -1.36068e+04   -2.03665e+02
   Constr. rmsd
    1.25316e-06

           Step           Time
             28       28.00000

   Energies (kJ/mol)
           Bond          Angle    Proper Dih.          LJ-14     Coulomb-14
    1.36703e+02    2.40298e+02    6.63791e+02    2.52719e+02    5.08457e+03
        LJ (SR)   Coulomb (SR)   Coul. recip.      Potential Pressure (bar)
   -9.26076e+01   -2.27964e+04    1.98596e+03   -1.45250e+04   -2.45410e+02
   Constr. rmsd
    1.21050e-06

           Step           Time
             29       29.00000

           Step           Time
             30       30.00000

   Energies (kJ/mol)
           Bond          Angle    Proper Dih.          LJ-14     Coulomb-14
    1.18559e+02    2.42127e+02    6.63500e+02    2.48847e+02    5.09622e+03
        LJ (SR)   Coulomb (SR)   Coul. recip.      Potential Pressure (bar)
   -1.18082e+02   -2.30835e+04    1.95847e+03   -1.48739e+04   -3.03764e+02
   Constr. rmsd
    1.15555e-06

           Step           Time
             31       31.00000

   Energies (kJ/mol)
           Bond          Angle    Proper Dih.          LJ-14     Coulomb-14
    2.24618e+02    2.82178e+02    6.63906e+02    2.54835e+02    5.08305e+03
        LJ (SR)   Coulomb (SR)   Coul. recip.      Potential Pressure (bar)
   -1.38327e+02   -2.34217e+04    1.91926e+03   -1.51321e+04   -3.88061e+02
   Constr. rmsd
    1.28604e-06

           Step           Time
             32       32.00000

   Energies (kJ/mol)
           Bond          Angle    Proper Dih.          LJ-14     Coulomb-14
    2.30899e+02    3.05368e+02    6.63973e+02    2.49995e+02    5.10013e+03
        LJ (SR)   Coulomb (SR)   Coul. recip.      Potential Pressure (bar)
   -1.61304e+02   -2.37114e+04    1.89400e+03   -1.54284e+04   -4.49355e+02
   Constr. rmsd
    1.31328e-06

           Step           Time
             33       33.00000

   Energies (kJ/mol)
           Bond          Angle    Proper Dih.          LJ-14     Coulomb-14
    3.93138e+02    3.66323e+02    6.64919e+02    2.59219e+02    5.08079e+03
        LJ (SR)   Coulomb (SR)   Coul. recip.      Potential Pressure (bar)
   -1.74218e+02   -2.40124e+04    1.85786e+03   -1.55644e+04   -5.25733e+02
   Constr. rmsd
    1.14520e-06

           Step           Time
             34       34.00000

   Energies (kJ/mol)
           Bond          Angle    Proper Dih.          LJ-14     Coulomb-14
    4.73020e+02    4.38641e+02    6.65625e+02    2.53816e+02    5.10559e+03
        LJ (SR)   Coulomb (SR)   Coul. recip.      Potential Pressure (bar)
   -1.95226e+02   -2.43033e+04    1.83570e+03   -1.57262e+04   -5.91665e+02
   Constr. rmsd
    2.36624e-06

           Step           Time
             35       35.00000

           Step           Time
             36       36.00000

   Energies (kJ/mol)
           Bond          Angle    Proper Dih.          LJ-14     Coulomb-14
    4.43083e+01    1.87489e+02    6.62277e+02    2.48065e+02    5.09122e+03
        LJ (SR)   Coulomb (SR)   Coul. recip.      Potential Pressure (bar)
   -1.99668e+02   -2.44411e+04    1.81772e+03   -1.65897e+04   -6.00059e+02
   Constr. rmsd
    1.19727e-06

           Step           Time
             37       37.00000

   Energies (kJ/mol)
           Bond          Angle    Proper Dih.          LJ-14     Coulomb-14
    5.35234e+02    4.67965e+02    6.62828e+02    2.52590e+02    5.10969e+03
        LJ (SR)   Coulomb (SR)   Coul. recip.      Potential Pressure (bar)
   -2.56207e+02   -2.57419e+04    1.69722e+03   -1.72726e+04   -8.42742e+02
   Constr. rmsd
    1.23578e-06

           Step           Time
             38       38.00000

   Energies (kJ/mol)
           Bond          Angle    Proper Dih.          LJ-14     Coulomb-14
    9.22975e+01    2.06790e+02    6.61119e+02    2.49269e+02    5.08928e+03
        LJ (SR)   Coulomb (SR)   Coul. recip.      Potential Pressure (bar)
   -2.54759e+02   -2.58850e+04    1.67896e+03   -1.81620e+04   -8.78854e+02
   Constr. rmsd
    1.24308e-06

           Step           Time
             39       39.00000

           Step           Time
             40       40.00000

   Energies (kJ/mol)
           Bond          Angle    Proper Dih.          LJ-14     Coulomb-14
    1.49816e+02    2.50907e+02    6.60980e+02    2.46146e+02    5.10192e+03
        LJ (SR)   Coulomb (SR)   Coul. recip.      Potential Pressure (bar)
   -2.63988e+02   -2.61719e+04    1.65685e+03   -1.83693e+04   -9.33624e+02
   Constr. rmsd
    1.16738e-06

           Step           Time
             41       41.00000

   Energies (kJ/mol)
           Bond          Angle    Proper Dih.          LJ-14     Coulomb-14
    1.60958e+02    2.37821e+02    6.61524e+02    2.51022e+02    5.08689e+03
        LJ (SR)   Coulomb (SR)   Coul. recip.      Potential Pressure (bar)
   -2.64209e+02   -2.63833e+04    1.63453e+03   -1.86148e+04   -9.83009e+02
   Constr. rmsd
    1.38539e-06

           Step           Time
             42       42.00000

   Energies (kJ/mol)
           Bond          Angle    Proper Dih.          LJ-14     Coulomb-14
    2.74259e+02    3.20103e+02    6.61529e+02    2.47438e+02    5.10597e+03
        LJ (SR)   Coulomb (SR)   Coul. recip.      Potential Pressure (bar)
   -2.72129e+02   -2.66563e+04    1.61606e+03   -1.87030e+04   -1.03174e+03
   Constr. rmsd
    1.24146e-06

           Step           Time
             43       43.00000

   Energies (kJ/mol)
           Bond          Angle    Proper Dih.          LJ-14     Coulomb-14
    3.03294e+02    3.09471e+02    6.62595e+02    2.55231e+02    5.08396e+03
        LJ (SR)   Coulomb (SR)   Coul. recip.      Potential Pressure (bar)
   -2.69599e+02   -2.68604e+04    1.59310e+03   -1.89224e+04   -1.07982e+03
   Constr. rmsd
    1.32569e-06

           Step           Time
             44       44.00000

           Step           Time
             45       45.00000

   Energies (kJ/mol)
           Bond          Angle    Proper Dih.          LJ-14     Coulomb-14
    4.42845e+01    1.84326e+02    6.60069e+02    2.44833e+02    5.09777e+03
        LJ (SR)   Coulomb (SR)   Coul. recip.      Potential Pressure (bar)
   -2.73915e+02   -2.69933e+04    1.58549e+03   -1.94505e+04   -1.08704e+03
   Constr. rmsd
    1.17936e-06

           Step           Time
             46       46.00000

   Energies (kJ/mol)
           Bond          Angle    Proper Dih.          LJ-14     Coulomb-14
    4.98657e+02    3.97399e+02    6.62236e+02    2.59879e+02    5.08219e+03
        LJ (SR)   Coulomb (SR)   Coul. recip.      Potential Pressure (bar)
   -2.73055e+02   -2.77559e+04    1.51918e+03   -1.96094e+04   -1.22729e+03
   Constr. rmsd
    1.02264e-06

           Step           Time
             47       47.00000

   Energies (kJ/mol)
           Bond          Angle    Proper Dih.          LJ-14     Coulomb-14
    9.65343e+01    2.18600e+02    6.59705e+02    2.44536e+02    5.10212e+03
        LJ (SR)   Coulomb (SR)   Coul. recip.      Potential Pressure (bar)
   -2.75666e+02   -2.79035e+04    1.51313e+03   -2.03446e+04   -1.24651e+03
   Constr. rmsd
    1.39853e-06

           Step           Time
             48       48.00000

           Step           Time
             49       49.00000

   Energies (kJ/mol)
           Bond          Angle    Proper Dih.          LJ-14     Coulomb-14
    1.26902e+02    2.08606e+02    6.59406e+02    2.47842e+02    5.09048e+03
        LJ (SR)   Coulomb (SR)   Coul. recip.      Potential Pressure (bar)
   -2.72706e+02   -2.80985e+04    1.49497e+03   -2.05430e+04   -1.27691e+03
   Constr. rmsd
    1.14334e-06

           Step           Time
             50       50.00000

   Energies (kJ/mol)
           Bond          Angle    Proper Dih.          LJ-14     Coulomb-14
    1.59042e+02    2.55810e+02    6.59871e+02    2.45025e+02    5.10477e+03
        LJ (SR)   Coulomb (SR)   Coul. recip.      Potential Pressure (bar)
   -2.72336e+02   -2.83240e+04    1.48189e+03   -2.06899e+04   -1.32000e+03
   Constr. rmsd
    1.15517e-06

           Step           Time
             51       51.00000

   Energies (kJ/mol)
           Bond          Angle    Proper Dih.          LJ-14     Coulomb-14
    2.10186e+02    2.47048e+02    6.59760e+02    2.50154e+02    5.08815e+03
        LJ (SR)   Coulomb (SR)   Coul. recip.      Potential Pressure (bar)
   -2.67453e+02   -2.85122e+04    1.46353e+03   -2.08608e+04   -1.35171e+03
   Constr. rmsd
    1.20645e-06

           Step           Time
             52       52.00000

   Energies (kJ/mol)
           Bond          Angle    Proper Dih.          LJ-14     Coulomb-14
    2.89891e+02    3.30906e+02    6.60678e+02    2.46820e+02    5.10878e+03
        LJ (SR)   Coulomb (SR)   Coul. recip.      Potential Pressure (bar)
   -2.66858e+02   -2.87347e+04    1.45273e+03   -2.09117e+04   -1.39565e+03
   Constr. rmsd
    1.42340e-06

           Step           Time
             53       53.00000

   Energies (kJ/mol)
           Bond          Angle    Proper Dih.          LJ-14     Coulomb-14
    3.79002e+02    3.29509e+02    6.60989e+02    2.55102e+02    5.08480e+03
        LJ (SR)   Coulomb (SR)   Coul. recip.      Potential Pressure (bar)
   -2.59793e+02   -2.89154e+04    1.43362e+03   -2.10321e+04   -1.42916e+03
   Constr. rmsd
    1.33390e-06

           Step           Time
             54       54.00000

           Step           Time
             55       55.00000

   Energies (kJ/mol)
           Bond          Angle    Proper Dih.          LJ-14     Coulomb-14
    4.13946e+01    1.76928e+02    6.58537e+02    2.43218e+02    5.09947e+03
        LJ (SR)   Coulomb (SR)   Coul. recip.      Potential Pressure (bar)
   -2.60343e+02   -2.90267e+04    1.42928e+03   -2.16382e+04   -1.43138e+03
   Constr. rmsd
    1.24689e-06

           Step           Time
             56       56.00000

   Energies (kJ/mol)
           Bond          Angle    Proper Dih.          LJ-14     Coulomb-14
    6.05303e+02    4.32628e+02    6.60058e+02    2.60289e+02    5.08256e+03
        LJ (SR)   Coulomb (SR)   Coul. recip.      Potential Pressure (bar)
   -2.36806e+02   -2.98434e+04    1.36857e+03   -2.16708e+04   -1.55963e+03
   Constr. rmsd
    1.24904e-06

           Step           Time
             57       57.00000

   Energies (kJ/mol)
           Bond          Angle    Proper Dih.          LJ-14     Coulomb-14
    9.22374e+01    2.13655e+02    6.58107e+02    2.43044e+02    5.10400e+03
        LJ (SR)   Coulomb (SR)   Coul. recip.      Potential Pressure (bar)
   -2.35493e+02   -2.99685e+04    1.36567e+03   -2.25272e+04   -1.57686e+03
   Constr. rmsd
    1.98782e-06

           Step           Time
             58       58.00000

           Step           Time
             59       59.00000

   Energies (kJ/mol)
           Bond          Angle    Proper Dih.          LJ-14     Coulomb-14
    1.63321e+02    2.16348e+02    6.57504e+02    2.47036e+02    5.09074e+03
        LJ (SR)   Coulomb (SR)   Coul. recip.      Potential Pressure (bar)
   -2.27558e+02   -3.01526e+04    1.35056e+03   -2.26546e+04   -1.60263e+03
   Constr. rmsd
    1.17933e-06

           Step           Time
             60       60.00000

   Energies (kJ/mol)
           Bond          Angle    Proper Dih.          LJ-14     Coulomb-14
    1.59453e+02    2.54242e+02    6.58514e+02    2.43679e+02    5.10673e+03
        LJ (SR)   Coulomb (SR)   Coul. recip.      Potential Pressure (bar)
   -2.22570e+02   -3.03331e+04    1.34299e+03   -2.27900e+04   -1.63820e+03
   Constr. rmsd
    1.15392e-06

           Step           Time
             61       61.00000

   Energies (kJ/mol)
           Bond          Angle    Proper Dih.          LJ-14     Coulomb-14
    2.66192e+02    2.63651e+02    6.57988e+02    2.49916e+02    5.08810e+03
        LJ (SR)   Coulomb (SR)   Coul. recip.      Potential Pressure (bar)
   -2.13283e+02   -3.05053e+04    1.32781e+03   -2.28649e+04   -1.66308e+03
   Constr. rmsd
    1.43520e-06

           Step           Time
             62       62.00000

   Energies (kJ/mol)
           Bond          Angle    Proper Dih.          LJ-14     Coulomb-14
    3.01676e+02    3.37682e+02    6.59630e+02    2.45938e+02    5.11121e+03
        LJ (SR)   Coulomb (SR)   Coul. recip.      Potential Pressure (bar)
   -2.08415e+02   -3.06890e+04    1.32187e+03   -2.29194e+04   -1.70063e+03
   Constr. rmsd
    1.67876e-06

           Step           Time
             63       63.00000

           Step           Time
             64       64.00000

   Energies (kJ/mol)
           Bond          Angle    Proper Dih.          LJ-14     Coulomb-14
    4.14708e+01    1.66106e+02    6.56772e+02    2.42589e+02    5.09740e+03
        LJ (SR)   Coulomb (SR)   Coul. recip.      Potential Pressure (bar)
   -2.03397e+02   -3.07700e+04    1.31359e+03   -2.34554e+04   -1.69611e+03
   Constr. rmsd
    1.21529e-06


Steepest Descents converged to Fmax < 1000 in 65 steps
Potential Energy  = -2.3455436e+04
Maximum force     =  9.9634589e+02 on atom 27
Norm of force     =  1.2877892e+02

    D O M A I N   D E C O M P O S I T I O N   S T A T I S T I C S

 av. #atoms communicated per step for force:  2 x 0.0
 av. #atoms communicated per step for LINCS:  2 x 0.0

Finished mdrun on rank 0 Wed Apr 29 14:39:39 2026

