                      :-) GROMACS - gmx mdrun, 2026.1 (-:

Copyright 1991-2026 The GROMACS Authors.
GROMACS is free software; you can redistribute it and/or modify it
under the terms of the GNU Lesser General Public License
as published by the Free Software Foundation; either version 2.1
of the License, or (at your option) any later version.

                         Current GROMACS contributors:
       Mark Abraham           Andrey Alekseenko           Brian Andrews       
        Paul Bauer              Cathrine Bergh              Hugh Bird         
      Eliane Briand               Ania Brown                Yiqi Chen         
      Mahesh Doijade            Giacomo Fiorin          Stefan Fleischmann    
      Sergey Gorelov         Gilles Gouaillardet            Alan Gray         
   Farzaneh Jalalypour         Petter Johansson          Carsten Kutzner      
    Grzegorz Łazarski         Justin A. Lemkul          Magnus Lundborg      
        Julio Maia               Pascal Merz             Vedran Miletić      
      Dmitry Morozov           Lukas Müllender           Szilárd Páll      
 Andrea Pasquadibisceglie     Michele Pellegrino         Nicola Piasentin     
     Daniele Rapetti         Muhammad Umair Sadiq         Hubert Santuz       
      Michael Shirts           Tatiana Shugaeva          Alexey Shvetsov      
     Bálint Soproni            Philip Turner            Alessandra Villa     
        Yang Zhang        

                         Previous GROMACS contributors:
        Emile Apol             Rossen Apostolov           James Barnett       
      Vladimir Basov        Herman J.C. Berendsen          Par Bjelkmar       
      Christian Blau          Viacheslav Bolnykh            Kevin Boyd        
    Aldert van Buuren          Carlo Camilloni           Rudi van Drunen      
      Anton Feenstra           Oliver Fleetwood            Vytas Gapsys       
       Gaurav Garg             Gerrit Groenhof            Bert de Groot       
      Anca Hamuraru           Vincent Hindriksen          Victor Holanda      
     M. Eric Irrgang           Aleksei Iupinov              Joe Jordan        
    Christoph Junghans        Prashanth Kanduri        Dimitrios Karkoulis    
       Peter Kasson             Sebastian Kehl           Sebastian Keller     
        Jiri Kraus               Per Larsson              Viveca Lindahl      
      Erik Marklund           Pieter Meulenhoff           Teemu Murtola       
       Julien Nabet              Sander Pronk             Roland Schulz       
      Alfons Sijbers         David van der Spoel          Peter Tieleman      
      Carsten Uphoff             Jon Vincent             Teemu Virolainen     
    Christian Wennberg     Sebastian Wingbermühle         Maarten Wolf       
      Artem Zhmurov       

                  Coordinated by the GROMACS project leaders:
                           Berk Hess and Erik Lindahl

GROMACS:      gmx mdrun, version 2026.1
Executable:   /opt/soft/gromacs-2026.1/build/bin/gmx_mpi
Data prefix:  /opt/soft/gromacs-2026.1 (source tree)
Working dir:  /home/zhuhong/polymer_task/systems/water_ethanol/NPT
Process ID:   97065
Command line:
  gmx_mpi mdrun -deffnm npt

GROMACS version:     2026.1
Precision:           mixed
Memory model:        64 bit
MPI library:         MPI
MPI version:         MPICH Version:      4.3.0 MPICH Release date: Mon Feb  3 09:09:47 AM CST 2025 MPICH ABI:          17:0:5 MPICH Device:       ch4:ucx MPICH configure:    --prefix=/opt/mpich-4.3.0 --with-ucx=embedded --enable-cxx --enable-error-checking=all --enable-fast=O3,ndebug MPICH CC:           /opt/gcc-14.2.0/bin/gcc     -DNDEBUG -DNVALGRIND -O3 MPICH CXX:          /opt/gcc-14.2.0/bin/g++   -DNDEBUG -DNVALGRIND -O3 MPICH F77:          /opt/gcc-14.2.0/bin/gfortran   -O3 MPICH FC:           /opt/gcc-14.2.0/bin/gfortran   -O3 MPICH features:     threadcomm 
OpenMP support:      enabled (GMX_OPENMP_MAX_THREADS = 128)
GPU support:         disabled
SIMD instructions:   AVX2_256
CPU FFT library:     fftw-3.3.10
GPU FFT library:     none
Multi-GPU FFT:       none
RDTSCP:              enabled
TNG support:         enabled
Hwloc support:       disabled
Tracing support:     disabled
Colvars support:     enabled (version 2025-10-13)
CP2K support:        disabled
Torch support:       disabled
Plumed support:      enabled
C compiler:          /opt/mpich-4.3.0/bin/mpicc GNU 14.2.0
C compiler flags:    -fexcess-precision=fast -funroll-all-loops -mavx2 -mfma -Wno-missing-field-initializers -O3 -DNDEBUG
C++ compiler:        /opt/mpich-4.3.0/bin/mpicxx GNU 14.2.0
C++ compiler flags:  -fexcess-precision=fast -funroll-all-loops -mavx2 -mfma -Wno-missing-field-initializers -Wno-stringop-truncation -Wno-old-style-cast -Wno-cast-qual -Wno-suggest-override -Wno-suggest-destructor-override -Wno-zero-as-null-pointer-constant -Wno-cast-function-type-strict SHELL:-fopenmp -O3 -DNDEBUG
BLAS library:        Internal
LAPACK library:      Internal


Running on 1 node with total 32 cores, 32 processing units
Hardware detected on host cu14 (the node of MPI rank 0):
  CPU info:
    Vendor: Intel
    Brand:  Intel(R) Xeon(R) Gold 6226R CPU @ 2.90GHz
    Family: 6   Model: 85   Stepping: 7
    Features: aes apic avx avx2 avx512f avx512cd avx512bw avx512vl avx512secondFMA clfsh cmov cx8 cx16 f16c fma hle htt intel lahf mmx msr nonstop_tsc pcid pclmuldq pdcm pdpe1gb popcnt pse rdrnd rdtscp rtm sse2 sse3 sse4.1 sse4.2 ssse3 tdt x2apic
    Number of AVX-512 FMA units: 2
  Hardware topology: Basic
    Packages, cores, and logical processors:
    [indices refer to OS logical processors]
      Package  0: [   0] [   1] [   2] [   3] [   4] [   5] [   6] [   7] [   8] [   9] [  10] [  11] [  12] [  13] [  14] [  15]
      Package  1: [  16] [  17] [  18] [  19] [  20] [  21] [  22] [  23] [  24] [  25] [  26] [  27] [  28] [  29] [  30] [  31]
    CPU limit set by OS: -1   Recommended max number of threads: 32

Likely fastest SIMD instructions supported by all nodes: AVX_512
SIMD instructions selected at compile time:              AVX2_256
Merely a note: it is unfortunately hard to know for sure which SIMD
instructions will perform best on this hardware. For non-GPU runs
on Intel CPUs with dual AVX-512 units, using AVX-512 can be good,
while AVX2 is often better for runs also using a GPU. Typically
this is just a few percent, so don't worry unless you are tuning.


++++ PLEASE READ AND CITE THE FOLLOWING REFERENCE ++++
M. J. Abraham, T. Murtola, R. Schulz, S. Páll, J. C. Smith, B. Hess, E.
Lindahl
GROMACS: High performance molecular simulations through multi-level
parallelism from laptops to supercomputers
SoftwareX (2015)
https://doi.org/10.1016/j.softx.2015.06.001
-------- -------- --- Thank You --- -------- --------


++++ PLEASE READ AND CITE THE FOLLOWING REFERENCE ++++
S. Páll, M. J. Abraham, C. Kutzner, B. Hess, E. Lindahl
Tackling Exascale Software Challenges in Molecular Dynamics Simulations with
GROMACS
In S. Markidis & E. Laure (Eds.), Solving Software Challenges for Exascale (2015)
https://doi.org/10.1007/978-3-319-15976-8_1
-------- -------- --- Thank You --- -------- --------


++++ PLEASE READ AND CITE THE FOLLOWING REFERENCE ++++
S. Pronk, S. Páll, R. Schulz, P. Larsson, P. Bjelkmar, R. Apostolov, M. R.
Shirts, J. C. Smith, P. M. Kasson, D. van der Spoel, B. Hess, E. Lindahl
GROMACS 4.5: a high-throughput and highly parallel open source molecular
simulation toolkit
Bioinformatics (2013)
https://doi.org/10.1093/bioinformatics/btt055
-------- -------- --- Thank You --- -------- --------


++++ PLEASE READ AND CITE THE FOLLOWING REFERENCE ++++
B. Hess, C. Kutzner, D. van der Spoel, E. Lindahl
GROMACS 4: Algorithms for highly efficient, load-balanced, and scalable
molecular simulation
J. Chem. Theory Comput. (2008)
https://doi.org/10.1021/ct700301q
-------- -------- --- Thank You --- -------- --------


++++ PLEASE READ AND CITE THE FOLLOWING REFERENCE ++++
D. van der Spoel, E. Lindahl, B. Hess, G. Groenhof, A. E. Mark, H. J. C.
Berendsen
GROMACS: Fast, Flexible and Free
J. Comp. Chem. (2005)
https://doi.org/10.1002/jcc.20291
-------- -------- --- Thank You --- -------- --------


++++ PLEASE READ AND CITE THE FOLLOWING REFERENCE ++++
E. Lindahl, B. Hess, D. van der Spoel
GROMACS 3.0: A package for molecular simulation and trajectory analysis
J. Mol. Mod. (2001)
https://doi.org/10.1007/s008940100045
-------- -------- --- Thank You --- -------- --------


++++ PLEASE READ AND CITE THE FOLLOWING REFERENCE ++++
H. J. C. Berendsen, D. van der Spoel and R. van Drunen
GROMACS: A message-passing parallel molecular dynamics implementation
Comp. Phys. Comm. (1995)
https://doi.org/10.1016/0010-4655(95)00042-E
-------- -------- --- Thank You --- -------- --------


++++ PLEASE CITE THE DOI FOR THIS VERSION OF GROMACS ++++
https://doi.org/10.5281/zenodo.18887033
-------- -------- --- Thank You --- -------- --------

Input Parameters:
   integrator                     = md
   tinit                          = 0
   dt                             = 0.002
   nsteps                         = 50000
   init-step                      = 0
   simulation-part                = 1
   mts                            = false
   mass-repartition-factor        = 1
   comm-mode                      = Linear
   nstcomm                        = 100
   bd-fric                        = 0
   ld-seed                        = -651740309
   emtol                          = 10
   emstep                         = 0.01
   niter                          = 20
   fcstep                         = 0
   nstcgsteep                     = 1000
   nbfgscorr                      = 10
   rtpi                           = 0.05
   nstxout                        = 0
   nstvout                        = 0
   nstfout                        = 0
   nstlog                         = 1000
   nstcalcenergy                  = 100
   nstenergy                      = 1000
   nstxout-compressed             = 0
   compressed-x-precision         = 1000
   cutoff-scheme                  = Verlet
   nstlist                        = 10
   pbc                            = xyz
   periodic-molecules             = false
   verlet-buffer-tolerance        = 0.005
   verlet-buffer-pressure-tolerance = 0.5
   rlist                          = 1.2
   coulombtype                    = PME
   coulomb-modifier               = Potential-shift
   rcoulomb-switch                = 0
   rcoulomb                       = 1.2
   epsilon-r                      = 1
   epsilon-rf                     = inf
   vdw-type                       = Cut-off
   vdw-modifier                   = Potential-shift
   rvdw-switch                    = 0
   rvdw                           = 1.2
   DispCorr                       = EnerPres
   table-extension                = 1
   fourierspacing                 = 0.12
   fourier-nx                     = 52
   fourier-ny                     = 52
   fourier-nz                     = 52
   pme-order                      = 4
   ewald-rtol                     = 1e-05
   ewald-rtol-lj                  = 0.001
   lj-pme-comb-rule               = Geometric
   ewald-geometry                 = 3d
   epsilon-surface                = 0
   ensemble-temperature-setting   = constant
   ensemble-temperature           = 300
   tcoupl                         = V-rescale
   nsttcouple                     = 10
   nh-chain-length                = 0
   print-nose-hoover-chain-variables = false
   pcoupl                         = Parrinello-Rahman
   pcoupltype                     = Isotropic
   nstpcouple                     = 5
   tau-p                          = 2
   compressibility (3x3):
      compressibility[    0]={ 4.50000e-05,  0.00000e+00,  0.00000e+00}
      compressibility[    1]={ 0.00000e+00,  4.50000e-05,  0.00000e+00}
      compressibility[    2]={ 0.00000e+00,  0.00000e+00,  4.50000e-05}
   ref-p (3x3):
      ref-p[    0]={ 1.00000e+00,  0.00000e+00,  0.00000e+00}
      ref-p[    1]={ 0.00000e+00,  1.00000e+00,  0.00000e+00}
      ref-p[    2]={ 0.00000e+00,  0.00000e+00,  1.00000e+00}
   refcoord-scaling               = COM
   posres-com: not available
   posres-comB: not available
   QMMM                           = false
qm-opts:
   ngQM                           = 0
   constraint-algorithm           = Lincs
   continuation                   = true
   Shake-SOR                      = false
   shake-tol                      = 0.0001
   lincs-order                    = 4
   lincs-iter                     = 1
   lincs-warnangle                = 30
   nwall                          = 0
   wall-type                      = 9-3
   wall-r-linpot                  = -1
   wall-atomtype[0]               = -1
   wall-atomtype[1]               = -1
   wall-density[0]                = 0
   wall-density[1]                = 0
   wall-ewald-zfac                = 3
   pull                           = false
   awh                            = false
   rotation                       = false
   interactiveMD                  = false
   disre                          = No
   disre-weighting                = Conservative
   disre-mixed                    = false
   dr-fc                          = 1000
   dr-tau                         = 0
   nstdisreout                    = 100
   orire-fc                       = 0
   orire-tau                      = 0
   nstorireout                    = 100
   free-energy                    = no
   cos-acceleration               = 0
   deform (3x3):
      deform[    0]={ 0.00000e+00,  0.00000e+00,  0.00000e+00}
      deform[    1]={ 0.00000e+00,  0.00000e+00,  0.00000e+00}
      deform[    2]={ 0.00000e+00,  0.00000e+00,  0.00000e+00}
   simulated-tempering            = false
   swapcoords                     = no
   userint1                       = 0
   userint2                       = 0
   userint3                       = 0
   userint4                       = 0
   userreal1                      = 0
   userreal2                      = 0
   userreal3                      = 0
   userreal4                      = 0
   applied-forces:
     electric-field:
       x:
         E0                       = 0
         omega                    = 0
         t0                       = 0
         sigma                    = 0
       y:
         E0                       = 0
         omega                    = 0
         t0                       = 0
         sigma                    = 0
       z:
         E0                       = 0
         omega                    = 0
         t0                       = 0
         sigma                    = 0
     density-guided-simulation:
       active                     = false
       group                      = protein
       similarity-measure         = inner-product
       atom-spreading-weight      = unity
       force-constant             = 1e+09
       gaussian-transform-spreading-width = 0.2
       gaussian-transform-spreading-range-in-multiples-of-width = 4
       reference-density-filename = reference.mrc
       nst                        = 1
       normalize-densities        = true
       adaptive-force-scaling     = false
       adaptive-force-scaling-time-constant = 4
       shift-vector               = 
       transformation-matrix      = 
     qmmm-cp2k:
       active                     = false
       qmgroup                    = System
       qmmethod                   = PBE
       qmfilenames                = 
       qmcharge                   = 0
       qmmultiplicity             = 1
     colvars:
       active                     = false
       configfile                 = 
       seed                       = -1
     nnpot:
       active                     = false
       modelfile                  = model.pt
       input-group                = System
       link-type                  = H
       link-distance              = 0.1
       pair-cutoff                = 0
       embedding                  = mechanical
       nnp-charge                 = 0
       model-input1               = 
       model-input2               = 
       model-input3               = 
       model-input4               = 
       model-input5               = 
       model-input6               = 
       model-input7               = 
       model-input8               = 
       model-input9               = 
   fast-multipole-method:
     fmm:
       backend                    = inactive
       exafmm-order               = 6
       exafmm-direct-range        = 2
       exafmm-direct-provider     = GROMACS
       exafmm-tree-type           = uniform
       exafmm-tree-depth          = 0
       exafmm-max-particles-per-cell = 0
       fmsolvr-order              = 8
       fmsolvr-direct-range       = 1
       fmsolvr-direct-provider    = FMM
       fmsolvr-dipole-compensation = true
       fmsolvr-tree-depth         = 3
       fmsolvr-sparse             = false
grpopts:
   nrdf:       16281
   ref-t:         300
   tau-t:         0.1
annealing:          No
annealing-npoints:           0
   acc:	           0           0           0
   nfreeze:           N           N           N
   energygrp-flags[  0]: 0

Changing nstlist from 10 to 80, rlist from 1.2 to 1.327

Update groups can not be used for this system because there are three or more consecutively coupled constraints

Initializing Domain Decomposition on 16 ranks
Dynamic load balancing: auto
Minimum cell size due to atom displacement: 0.639 nm
Initial maximum distances in bonded interactions:
    two-body bonded interactions: 0.404 nm, LJ-14, atoms 5 17
  multi-body bonded interactions: 0.404 nm, Proper Dih., atoms 5 17
Minimum cell size due to bonded interactions: 0.444 nm
Maximum distance for 5 constraints, at 120 deg. angles, all-trans: 0.219 nm
Estimated maximum distance required for P-LINCS: 0.219 nm
Scaling the initial minimum size with 1/0.8 (option -dds) = 1.25
Using 0 separate PME ranks because: there are too few total ranks for efficient splitting
Optimizing the DD grid for 16 cells with a minimum initial size of 0.799 nm
The maximum allowed number of cells is: X 7 Y 7 Z 7
Domain decomposition grid 4 x 4 x 1, separate PME ranks 0
PME domain decomposition: 4 x 4 x 1
Domain decomposition rank 0, coordinates 0 0 0

The initial number of communication pulses is: X 1 Y 1
The initial domain decomposition cell size is: X 1.45 nm Y 1.45 nm

The maximum allowed distance for atoms involved in interactions is:
                 non-bonded interactions           1.327 nm
(the following are initial values, they could change due to box deformation)
            two-body bonded interactions  (-rdd)   1.327 nm
          multi-body bonded interactions  (-rdd)   1.327 nm
  atoms separated by up to 5 constraints  (-rcon)  1.450 nm

When dynamic load balancing gets turned on, these settings will change to:
The maximum number of communication pulses is: X 2 Y 2
The minimum size for domain decomposition cells is 0.947 nm
The requested allowed shrink of DD cells (option -dds) is: 0.80
The allowed shrink of domain decomposition cells is: X 0.65 Y 0.65
The maximum allowed distance for atoms involved in interactions is:
                 non-bonded interactions           1.327 nm
            two-body bonded interactions  (-rdd)   1.327 nm
          multi-body bonded interactions  (-rdd)   0.947 nm
  atoms separated by up to 5 constraints  (-rcon)  0.947 nm

Local state does not use filler particles

Using 16 MPI processes
Using 2 OpenMP threads per MPI process

System total charge: -0.000
Will do PME sum in reciprocal space for electrostatic interactions.

++++ PLEASE READ AND CITE THE FOLLOWING REFERENCE ++++
U. Essmann, L. Perera, M. L. Berkowitz, T. Darden, H. Lee, L. G. Pedersen 
A smooth particle mesh Ewald method
J. Chem. Phys. (1995)
https://doi.org/10.1063/1.470117
-------- -------- --- Thank You --- -------- --------

Using a Gaussian width (1/beta) of 0.384195 nm for Ewald
Potential shift: LJ r^-12: -1.122e-01 r^-6: -3.349e-01, Ewald -8.333e-06
Initialized non-bonded Coulomb Ewald tables, spacing: 1.02e-03 size: 1176

Generated table with 1163 data points for 1-4 COUL.
Tabscale = 500 points/nm
Generated table with 1163 data points for 1-4 LJ6.
Tabscale = 500 points/nm
Generated table with 1163 data points for 1-4 LJ12.
Tabscale = 500 points/nm
Long Range LJ corr.: <C6> 4.0303e-04


Using SIMD4xM 4x8 nonbonded short-range kernels

Using a dual 4x8 pair-list setup updated with dynamic pruning:
  outer list: updated every 80 steps, buffer 0.127 nm, rlist 1.327 nm
  inner list: updated every 12 steps, buffer 0.000 nm, rlist 1.200 nm
At tolerance 0.005 kJ/mol/ps per atom, equivalent classical 1x1 list would be:
  outer list: updated every 80 steps, buffer 0.220 nm, rlist 1.420 nm
  inner list: updated every 12 steps, buffer 0.082 nm, rlist 1.282 nm

The average pressure is off by at most 0.48 bar due to missing LJ interactions

Using Lorentz-Berthelot Lennard-Jones combination rule

Linking all bonded interactions to atoms


Pinning threads with an auto-selected logical cpu stride of 1

Initializing Parallel LINear Constraint Solver

++++ PLEASE READ AND CITE THE FOLLOWING REFERENCE ++++
B. Hess
P-LINCS: A Parallel Linear Constraint Solver for molecular simulation
J. Chem. Theory Comput. (2008)
https://doi.org/10.1021/ct700200b
-------- -------- --- Thank You --- -------- --------

The number of constraints is 2802
There are constraints between atoms in different decomposition domains,
will communicate selected coordinates each lincs iteration

++++ PLEASE READ AND CITE THE FOLLOWING REFERENCE ++++
S. Miyamoto, P. A. Kollman
SETTLE: An Analytical Version of the SHAKE and RATTLE Algorithms for Rigid
Water Models
J. Comp. Chem. (1992)
https://doi.org/10.1002/jcc.540130805
-------- -------- --- Thank You --- -------- --------

Intra-simulation communication will occur every 5 steps.

++++ PLEASE READ AND CITE THE FOLLOWING REFERENCE ++++
G. Bussi, D. Donadio, M. Parrinello
Canonical sampling through velocity rescaling
J. Chem. Phys. (2007)
https://doi.org/10.1063/1.2408420
-------- -------- --- Thank You --- -------- --------

There are: 7412 Atoms
Atom distribution over 16 domains: av 463 stddev 292 min 9 max 968
Center of mass motion removal mode is Linear
We have the following groups for center of mass motion removal:
  0:  rest

Started mdrun on rank 0 Wed Apr 29 20:38:34 2026

           Step           Time
              0        0.00000

   Energies (kJ/mol)
           Bond          Angle    Proper Dih.          LJ-14     Coulomb-14
    1.29329e+03    6.57216e+03    1.65545e+03    7.15772e+02   -9.22048e+03
        LJ (SR)  Disper. corr.   Coulomb (SR)   Coul. recip.      Potential
    4.57001e+03   -2.74587e+02   -6.07283e+04    5.94535e+02   -5.48221e+04
    Kinetic En.   Total Energy  Conserved En.    Temperature Pres. DC (bar)
    2.07873e+04   -3.40348e+04   -3.40231e+04    3.07123e+02   -2.34118e+01
 Pressure (bar)   Constr. rmsd
    1.08539e+00    3.62230e-06


DD  step 79 load imb.: force 94.7%

step 240 Turning on dynamic load balancing, because the performance loss due to load imbalance is 26.3 %.
           Step           Time
           1000        2.00000

   Energies (kJ/mol)
           Bond          Angle    Proper Dih.          LJ-14     Coulomb-14
    1.22706e+03    6.77340e+03    1.66814e+03    7.06675e+02   -9.25712e+03
        LJ (SR)  Disper. corr.   Coulomb (SR)   Coul. recip.      Potential
    4.62950e+03   -2.78567e+02   -6.02818e+04    6.71994e+02   -5.41408e+04
    Kinetic En.   Total Energy  Conserved En.    Temperature Pres. DC (bar)
    2.02052e+04   -3.39356e+04   -3.39872e+04    2.98522e+02   -2.40942e+01
 Pressure (bar)   Constr. rmsd
   -7.88603e+01    3.23931e-06


DD  load balancing is limited by minimum cell size in dimension Y
DD  step 1999  vol min/aver 0.461! load imb.: force 14.8%
           Step           Time
           2000        4.00000

   Energies (kJ/mol)
           Bond          Angle    Proper Dih.          LJ-14     Coulomb-14
    1.28987e+03    6.71678e+03    1.59359e+03    7.06412e+02   -9.11421e+03
        LJ (SR)  Disper. corr.   Coulomb (SR)   Coul. recip.      Potential
    4.70567e+03   -2.94535e+02   -6.11810e+04    6.09561e+02   -5.49679e+04
    Kinetic En.   Total Energy  Conserved En.    Temperature Pres. DC (bar)
    2.01166e+04   -3.48513e+04   -3.39732e+04    2.97214e+02   -2.69303e+01
 Pressure (bar)   Constr. rmsd
   -6.93236e+01    3.10354e-06

           Step           Time
           3000        6.00000

   Energies (kJ/mol)
           Bond          Angle    Proper Dih.          LJ-14     Coulomb-14
    1.36001e+03    6.77685e+03    1.58907e+03    7.22080e+02   -9.26435e+03
        LJ (SR)  Disper. corr.   Coulomb (SR)   Coul. recip.      Potential
    5.08654e+03   -3.11405e+02   -6.13679e+04    5.84929e+02   -5.48242e+04
    Kinetic En.   Total Energy  Conserved En.    Temperature Pres. DC (bar)
    2.00750e+04   -3.47492e+04   -3.39562e+04    2.96599e+02   -3.00982e+01
 Pressure (bar)   Constr. rmsd
    6.31816e+01    2.98905e-06


DD  load balancing is limited by minimum cell size in dimension X Y
DD  step 3999  vol min/aver 0.493! load imb.: force 13.2%
           Step           Time
           4000        8.00000

   Energies (kJ/mol)
           Bond          Angle    Proper Dih.          LJ-14     Coulomb-14
    1.34263e+03    6.77434e+03    1.61549e+03    7.11267e+02   -9.18539e+03
        LJ (SR)  Disper. corr.   Coulomb (SR)   Coul. recip.      Potential
    4.86141e+03   -3.33218e+02   -6.15365e+04    6.12314e+02   -5.51377e+04
    Kinetic En.   Total Energy  Conserved En.    Temperature Pres. DC (bar)
    2.03667e+04   -3.47709e+04   -3.39569e+04    3.00910e+02   -3.44552e+01
 Pressure (bar)   Constr. rmsd
    7.75958e+01    3.28913e-06

           Step           Time
           5000       10.00000

   Energies (kJ/mol)
           Bond          Angle    Proper Dih.          LJ-14     Coulomb-14
    1.29704e+03    6.52914e+03    1.69586e+03    7.09441e+02   -9.04485e+03
        LJ (SR)  Disper. corr.   Coulomb (SR)   Coul. recip.      Potential
    5.07728e+03   -3.60130e+02   -6.22145e+04    5.44003e+02   -5.57667e+04
    Kinetic En.   Total Energy  Conserved En.    Temperature Pres. DC (bar)
    2.03212e+04   -3.54455e+04   -3.39585e+04    3.00237e+02   -4.02363e+01
 Pressure (bar)   Constr. rmsd
    3.49324e+02    3.07756e-06


DD  load balancing is limited by minimum cell size in dimension Y
DD  step 5999  vol min/aver 0.550! load imb.: force 14.0%
           Step           Time
           6000       12.00000

   Energies (kJ/mol)
           Bond          Angle    Proper Dih.          LJ-14     Coulomb-14
    1.32915e+03    6.63235e+03    1.58596e+03    7.36951e+02   -9.27409e+03
        LJ (SR)  Disper. corr.   Coulomb (SR)   Coul. recip.      Potential
    4.58349e+03   -3.92648e+02   -6.15091e+04    5.87439e+02   -5.57205e+04
    Kinetic En.   Total Energy  Conserved En.    Temperature Pres. DC (bar)
    2.04106e+04   -3.53100e+04   -3.39466e+04    3.01557e+02   -4.78198e+01
 Pressure (bar)   Constr. rmsd
    5.21788e+01    3.19906e-06

           Step           Time
           7000       14.00000

   Energies (kJ/mol)
           Bond          Angle    Proper Dih.          LJ-14     Coulomb-14
    1.35409e+03    6.52621e+03    1.67002e+03    7.75356e+02   -9.40924e+03
        LJ (SR)  Disper. corr.   Coulomb (SR)   Coul. recip.      Potential
    4.57781e+03   -4.22259e+02   -6.08711e+04    5.56905e+02   -5.52422e+04
    Kinetic En.   Total Energy  Conserved En.    Temperature Pres. DC (bar)
    2.02094e+04   -3.50329e+04   -3.39387e+04    2.98585e+02   -5.52943e+01
 Pressure (bar)   Constr. rmsd
   -5.49780e+01    3.26579e-06


DD  load balancing is limited by minimum cell size in dimension X Y
DD  step 7999  vol min/aver 0.604! load imb.: force 14.2%
           Step           Time
           8000       16.00000

   Energies (kJ/mol)
           Bond          Angle    Proper Dih.          LJ-14     Coulomb-14
    1.23939e+03    6.78192e+03    1.56274e+03    7.20529e+02   -9.43559e+03
        LJ (SR)  Disper. corr.   Coulomb (SR)   Coul. recip.      Potential
    4.47978e+03   -4.52158e+02   -6.07562e+04    5.68237e+02   -5.52913e+04
    Kinetic En.   Total Energy  Conserved En.    Temperature Pres. DC (bar)
    1.99500e+04   -3.53413e+04   -3.39165e+04    2.94752e+02   -6.33922e+01
 Pressure (bar)   Constr. rmsd
    2.97444e+02    3.03888e-06

           Step           Time
           9000       18.00000

   Energies (kJ/mol)
           Bond          Angle    Proper Dih.          LJ-14     Coulomb-14
    1.29356e+03    6.69444e+03    1.72829e+03    7.02226e+02   -9.17621e+03
        LJ (SR)  Disper. corr.   Coulomb (SR)   Coul. recip.      Potential
    4.37853e+03   -4.92779e+02   -6.12787e+04    5.54948e+02   -5.55957e+04
    Kinetic En.   Total Energy  Conserved En.    Temperature Pres. DC (bar)
    2.03951e+04   -3.52006e+04   -3.39261e+04    3.01329e+02   -7.52800e+01
 Pressure (bar)   Constr. rmsd
   -2.95207e+02    3.13619e-06


DD  load balancing is limited by minimum cell size in dimension Y
DD  step 9999  vol min/aver 0.719! load imb.: force  9.5%
           Step           Time
          10000       20.00000

   Energies (kJ/mol)
           Bond          Angle    Proper Dih.          LJ-14     Coulomb-14
    1.25930e+03    6.46215e+03    1.64571e+03    7.39965e+02   -9.42485e+03
        LJ (SR)  Disper. corr.   Coulomb (SR)   Coul. recip.      Potential
    4.36655e+03   -5.33482e+02   -6.17445e+04    5.31982e+02   -5.66971e+04
    Kinetic En.   Total Energy  Conserved En.    Temperature Pres. DC (bar)
    2.01547e+04   -3.65425e+04   -3.39120e+04    2.97776e+02   -8.82163e+01
 Pressure (bar)   Constr. rmsd
    5.11032e+02    3.14827e-06

           Step           Time
          11000       22.00000

   Energies (kJ/mol)
           Bond          Angle    Proper Dih.          LJ-14     Coulomb-14
    1.30590e+03    6.57043e+03    1.62230e+03    7.30691e+02   -9.21798e+03
        LJ (SR)  Disper. corr.   Coulomb (SR)   Coul. recip.      Potential
    3.87817e+03   -5.50374e+02   -6.12455e+04    5.55448e+02   -5.63510e+04
    Kinetic En.   Total Energy  Conserved En.    Temperature Pres. DC (bar)
    1.97412e+04   -3.66098e+04   -3.38930e+04    2.91667e+02   -9.38859e+01
 Pressure (bar)   Constr. rmsd
   -2.29054e+02    2.83625e-06


DD  load balancing is limited by minimum cell size in dimension Y
DD  step 11999  vol min/aver 0.758! load imb.: force  8.2%
           Step           Time
          12000       24.00000

   Energies (kJ/mol)
           Bond          Angle    Proper Dih.          LJ-14     Coulomb-14
    1.32849e+03    6.68133e+03    1.61665e+03    7.15905e+02   -9.04279e+03
        LJ (SR)  Disper. corr.   Coulomb (SR)   Coul. recip.      Potential
    4.17306e+03   -5.75301e+02   -6.18558e+04    5.12145e+02   -5.64463e+04
    Kinetic En.   Total Energy  Conserved En.    Temperature Pres. DC (bar)
    2.01646e+04   -3.62817e+04   -3.38906e+04    2.97923e+02   -1.02575e+02
 Pressure (bar)   Constr. rmsd
   -2.88663e+02    3.10252e-06

           Step           Time
          13000       26.00000

   Energies (kJ/mol)
           Bond          Angle    Proper Dih.          LJ-14     Coulomb-14
    1.24027e+03    6.54335e+03    1.61737e+03    7.23960e+02   -9.20232e+03
        LJ (SR)  Disper. corr.   Coulomb (SR)   Coul. recip.      Potential
    4.15529e+03   -6.01042e+02   -6.14736e+04    5.06966e+02   -5.64898e+04
    Kinetic En.   Total Energy  Conserved En.    Temperature Pres. DC (bar)
    2.05100e+04   -3.59798e+04   -3.39026e+04    3.03026e+02   -1.11951e+02
 Pressure (bar)   Constr. rmsd
    1.91715e+02    3.18283e-06


DD  load balancing is limited by minimum cell size in dimension X Y
DD  step 13999  vol min/aver 0.758! load imb.: force 13.1%
           Step           Time
          14000       28.00000

   Energies (kJ/mol)
           Bond          Angle    Proper Dih.          LJ-14     Coulomb-14
    1.14490e+03    6.40890e+03    1.62050e+03    7.52325e+02   -9.21288e+03
        LJ (SR)  Disper. corr.   Coulomb (SR)   Coul. recip.      Potential
    3.72984e+03   -6.31573e+02   -6.10440e+04    4.96560e+02   -5.67354e+04
    Kinetic En.   Total Energy  Conserved En.    Temperature Pres. DC (bar)
    2.05218e+04   -3.62136e+04   -3.39138e+04    3.03201e+02   -1.23603e+02
 Pressure (bar)   Constr. rmsd
    3.37388e+02    2.99305e-06

           Step           Time
          15000       30.00000

   Energies (kJ/mol)
           Bond          Angle    Proper Dih.          LJ-14     Coulomb-14
    1.41121e+03    6.49484e+03    1.65381e+03    6.91805e+02   -9.08727e+03
        LJ (SR)  Disper. corr.   Coulomb (SR)   Coul. recip.      Potential
    3.85323e+03   -6.56753e+02   -6.18276e+04    5.13586e+02   -5.69532e+04
    Kinetic En.   Total Energy  Conserved En.    Temperature Pres. DC (bar)
    2.02638e+04   -3.66894e+04   -3.38916e+04    2.99389e+02   -1.33647e+02
 Pressure (bar)   Constr. rmsd
    1.67020e+01    3.06529e-06


DD  load balancing is limited by minimum cell size in dimension Y
DD  step 15999  vol min/aver 0.889! load imb.: force  5.8%
           Step           Time
          16000       32.00000

   Energies (kJ/mol)
           Bond          Angle    Proper Dih.          LJ-14     Coulomb-14
    1.30480e+03    6.61836e+03    1.68104e+03    7.48065e+02   -9.24252e+03
        LJ (SR)  Disper. corr.   Coulomb (SR)   Coul. recip.      Potential
    3.22592e+03   -6.65462e+02   -6.11794e+04    4.67836e+02   -5.70414e+04
    Kinetic En.   Total Energy  Conserved En.    Temperature Pres. DC (bar)
    2.01677e+04   -3.68736e+04   -3.38650e+04    2.97970e+02   -1.37212e+02
 Pressure (bar)   Constr. rmsd
    6.93729e+01    2.98785e-06

           Step           Time
          17000       34.00000

   Energies (kJ/mol)
           Bond          Angle    Proper Dih.          LJ-14     Coulomb-14
    1.27955e+03    6.70085e+03    1.70632e+03    7.24170e+02   -9.22596e+03
        LJ (SR)  Disper. corr.   Coulomb (SR)   Coul. recip.      Potential
    3.38012e+03   -6.70318e+02   -6.14072e+04    4.39512e+02   -5.70730e+04
    Kinetic En.   Total Energy  Conserved En.    Temperature Pres. DC (bar)
    2.02614e+04   -3.68115e+04   -3.38479e+04    2.99354e+02   -1.39221e+02
 Pressure (bar)   Constr. rmsd
    4.56100e+02    3.17645e-06


DD  load balancing is limited by minimum cell size in dimension Y
DD  step 17999  vol min/aver 0.841! load imb.: force  5.4%
           Step           Time
          18000       36.00000

   Energies (kJ/mol)
           Bond          Angle    Proper Dih.          LJ-14     Coulomb-14
    1.33080e+03    6.58627e+03    1.69870e+03    6.97413e+02   -9.23631e+03
        LJ (SR)  Disper. corr.   Coulomb (SR)   Coul. recip.      Potential
    3.42354e+03   -6.79789e+02   -6.16196e+04    4.73785e+02   -5.73252e+04
    Kinetic En.   Total Energy  Conserved En.    Temperature Pres. DC (bar)
    2.03202e+04   -3.70050e+04   -3.38660e+04    3.00222e+02   -1.43180e+02
 Pressure (bar)   Constr. rmsd
   -4.38364e+02    3.10617e-06

           Step           Time
          19000       38.00000

   Energies (kJ/mol)
           Bond          Angle    Proper Dih.          LJ-14     Coulomb-14
    1.27664e+03    6.59590e+03    1.59133e+03    7.17647e+02   -9.00095e+03
        LJ (SR)  Disper. corr.   Coulomb (SR)   Coul. recip.      Potential
    3.30378e+03   -6.66209e+02   -6.14709e+04    4.84125e+02   -5.71687e+04
    Kinetic En.   Total Energy  Conserved En.    Temperature Pres. DC (bar)
    2.03138e+04   -3.68549e+04   -3.38632e+04    3.00127e+02   -1.37520e+02
 Pressure (bar)   Constr. rmsd
   -3.36391e+02    3.09395e-06


DD  step 19999  vol min/aver 0.857  load imb.: force  3.0%
           Step           Time
          20000       40.00000

   Energies (kJ/mol)
           Bond          Angle    Proper Dih.          LJ-14     Coulomb-14
    1.24700e+03    6.68413e+03    1.62443e+03    7.18589e+02   -9.12946e+03
        LJ (SR)  Disper. corr.   Coulomb (SR)   Coul. recip.      Potential
    3.11856e+03   -6.77622e+02   -6.16071e+04    4.89348e+02   -5.75322e+04
    Kinetic En.   Total Energy  Conserved En.    Temperature Pres. DC (bar)
    2.07314e+04   -3.68008e+04   -3.38703e+04    3.06297e+02   -1.42269e+02
 Pressure (bar)   Constr. rmsd
    1.68659e+02    3.15589e-06

           Step           Time
          21000       42.00000

   Energies (kJ/mol)
           Bond          Angle    Proper Dih.          LJ-14     Coulomb-14
    1.32929e+03    6.40296e+03    1.60972e+03    6.69857e+02   -9.02014e+03
        LJ (SR)  Disper. corr.   Coulomb (SR)   Coul. recip.      Potential
    3.51777e+03   -6.88461e+02   -6.21031e+04    4.81869e+02   -5.78002e+04
    Kinetic En.   Total Energy  Conserved En.    Temperature Pres. DC (bar)
    2.03958e+04   -3.74044e+04   -3.38754e+04    3.01339e+02   -1.46854e+02
 Pressure (bar)   Constr. rmsd
    1.49869e+02    3.09477e-06


DD  step 21999  vol min/aver 0.869  load imb.: force  4.9%
           Step           Time
          22000       44.00000

   Energies (kJ/mol)
           Bond          Angle    Proper Dih.          LJ-14     Coulomb-14
    1.32772e+03    6.69725e+03    1.64047e+03    7.12975e+02   -9.02732e+03
        LJ (SR)  Disper. corr.   Coulomb (SR)   Coul. recip.      Potential
    3.04120e+03   -6.85222e+02   -6.16072e+04    4.65155e+02   -5.74349e+04
    Kinetic En.   Total Energy  Conserved En.    Temperature Pres. DC (bar)
    2.04091e+04   -3.70258e+04   -3.38413e+04    3.01536e+02   -1.45476e+02
 Pressure (bar)   Constr. rmsd
   -2.80680e+02    2.98192e-06

           Step           Time
          23000       46.00000

   Energies (kJ/mol)
           Bond          Angle    Proper Dih.          LJ-14     Coulomb-14
    1.27920e+03    6.55981e+03    1.71984e+03    7.52539e+02   -9.13598e+03
        LJ (SR)  Disper. corr.   Coulomb (SR)   Coul. recip.      Potential
    3.15836e+03   -6.87999e+02   -6.15971e+04    4.81181e+02   -5.74701e+04
    Kinetic En.   Total Energy  Conserved En.    Temperature Pres. DC (bar)
    2.02399e+04   -3.72302e+04   -3.38474e+04    2.99036e+02   -1.46657e+02
 Pressure (bar)   Constr. rmsd
    3.14476e+02    2.95721e-06


DD  step 23999  vol min/aver 0.890  load imb.: force  5.2%
           Step           Time
          24000       48.00000

   Energies (kJ/mol)
           Bond          Angle    Proper Dih.          LJ-14     Coulomb-14
    1.27661e+03    7.04124e+03    1.67457e+03    6.80117e+02   -9.06772e+03
        LJ (SR)  Disper. corr.   Coulomb (SR)   Coul. recip.      Potential
    3.39320e+03   -6.86596e+02   -6.15773e+04    4.28136e+02   -5.68377e+04
    Kinetic En.   Total Energy  Conserved En.    Temperature Pres. DC (bar)
    2.03321e+04   -3.65056e+04   -3.38207e+04    3.00399e+02   -1.46059e+02
 Pressure (bar)   Constr. rmsd
   -5.84719e+01    3.32641e-06

           Step           Time
          25000       50.00000

   Energies (kJ/mol)
           Bond          Angle    Proper Dih.          LJ-14     Coulomb-14
    1.29665e+03    6.67532e+03    1.71499e+03    7.19469e+02   -9.18697e+03
        LJ (SR)  Disper. corr.   Coulomb (SR)   Coul. recip.      Potential
    2.90968e+03   -7.00149e+02   -6.15316e+04    4.67060e+02   -5.76355e+04
    Kinetic En.   Total Energy  Conserved En.    Temperature Pres. DC (bar)
    1.99127e+04   -3.77229e+04   -3.38316e+04    2.94201e+02   -1.51878e+02
 Pressure (bar)   Constr. rmsd
   -4.52026e+01    2.92552e-06


DD  step 25999  vol min/aver 0.886  load imb.: force  3.8%
           Step           Time
          26000       52.00000

   Energies (kJ/mol)
           Bond          Angle    Proper Dih.          LJ-14     Coulomb-14
    1.38093e+03    6.61230e+03    1.59596e+03    7.04108e+02   -9.20341e+03
        LJ (SR)  Disper. corr.   Coulomb (SR)   Coul. recip.      Potential
    3.15477e+03   -6.86667e+02   -6.15524e+04    4.35291e+02   -5.75591e+04
    Kinetic En.   Total Energy  Conserved En.    Temperature Pres. DC (bar)
    2.05547e+04   -3.70044e+04   -3.38524e+04    3.03687e+02   -1.46090e+02
 Pressure (bar)   Constr. rmsd
   -4.40475e+02    3.13546e-06

           Step           Time
          27000       54.00000

   Energies (kJ/mol)
           Bond          Angle    Proper Dih.          LJ-14     Coulomb-14
    1.29178e+03    6.76853e+03    1.68586e+03    7.36763e+02   -9.32310e+03
        LJ (SR)  Disper. corr.   Coulomb (SR)   Coul. recip.      Potential
    3.02747e+03   -6.93916e+02   -6.13917e+04    4.86234e+02   -5.74121e+04
    Kinetic En.   Total Energy  Conserved En.    Temperature Pres. DC (bar)
    2.04513e+04   -3.69608e+04   -3.38418e+04    3.02159e+02   -1.49188e+02
 Pressure (bar)   Constr. rmsd
    5.49214e+01    3.03221e-06


DD  load balancing is limited by minimum cell size in dimension Y
DD  step 27999  vol min/aver 0.916! load imb.: force  3.2%
           Step           Time
          28000       56.00000

   Energies (kJ/mol)
           Bond          Angle    Proper Dih.          LJ-14     Coulomb-14
    1.35102e+03    6.61769e+03    1.71454e+03    7.37685e+02   -9.28615e+03
        LJ (SR)  Disper. corr.   Coulomb (SR)   Coul. recip.      Potential
    3.19246e+03   -6.96353e+02   -6.14500e+04    4.55336e+02   -5.73638e+04
    Kinetic En.   Total Energy  Conserved En.    Temperature Pres. DC (bar)
    2.01679e+04   -3.71959e+04   -3.38431e+04    2.97972e+02   -1.50237e+02
 Pressure (bar)   Constr. rmsd
    1.06884e+02    3.20734e-06

           Step           Time
          29000       58.00000

   Energies (kJ/mol)
           Bond          Angle    Proper Dih.          LJ-14     Coulomb-14
    1.36289e+03    6.48406e+03    1.60013e+03    6.88282e+02   -9.27734e+03
        LJ (SR)  Disper. corr.   Coulomb (SR)   Coul. recip.      Potential
    3.63700e+03   -7.01607e+02   -6.24159e+04    4.77201e+02   -5.81453e+04
    Kinetic En.   Total Energy  Conserved En.    Temperature Pres. DC (bar)
    2.00439e+04   -3.81014e+04   -3.38274e+04    2.96140e+02   -1.52511e+02
 Pressure (bar)   Constr. rmsd
    3.68276e+02    2.80650e-06


DD  load balancing is limited by minimum cell size in dimension Y
DD  step 29999  vol min/aver 0.875! load imb.: force  4.1%
           Step           Time
          30000       60.00000

   Energies (kJ/mol)
           Bond          Angle    Proper Dih.          LJ-14     Coulomb-14
    1.35915e+03    6.68567e+03    1.65152e+03    7.15214e+02   -9.18888e+03
        LJ (SR)  Disper. corr.   Coulomb (SR)   Coul. recip.      Potential
    3.08518e+03   -6.94884e+02   -6.20054e+04    4.43709e+02   -5.79487e+04
    Kinetic En.   Total Energy  Conserved En.    Temperature Pres. DC (bar)
    2.04643e+04   -3.74844e+04   -3.38242e+04    3.02352e+02   -1.49604e+02
 Pressure (bar)   Constr. rmsd
   -6.65149e+02    3.03303e-06

           Step           Time
          31000       62.00000

   Energies (kJ/mol)
           Bond          Angle    Proper Dih.          LJ-14     Coulomb-14
    1.36648e+03    6.54399e+03    1.63619e+03    7.05092e+02   -9.21072e+03
        LJ (SR)  Disper. corr.   Coulomb (SR)   Coul. recip.      Potential
    3.50137e+03   -6.97555e+02   -6.22044e+04    4.43380e+02   -5.79162e+04
    Kinetic En.   Total Energy  Conserved En.    Temperature Pres. DC (bar)
    2.02283e+04   -3.76879e+04   -3.38321e+04    2.98864e+02   -1.50756e+02
 Pressure (bar)   Constr. rmsd
    4.65903e+02    3.06037e-06


DD  step 31999  vol min/aver 0.874  load imb.: force  3.6%
           Step           Time
          32000       64.00000

   Energies (kJ/mol)
           Bond          Angle    Proper Dih.          LJ-14     Coulomb-14
    1.30262e+03    6.57042e+03    1.63142e+03    7.25213e+02   -9.10509e+03
        LJ (SR)  Disper. corr.   Coulomb (SR)   Coul. recip.      Potential
    3.18825e+03   -7.00969e+02   -6.17845e+04    4.89577e+02   -5.76831e+04
    Kinetic En.   Total Energy  Conserved En.    Temperature Pres. DC (bar)
    2.06064e+04   -3.70767e+04   -3.38323e+04    3.04450e+02   -1.52234e+02
 Pressure (bar)   Constr. rmsd
    2.52251e+02    3.10127e-06

           Step           Time
          33000       66.00000

   Energies (kJ/mol)
           Bond          Angle    Proper Dih.          LJ-14     Coulomb-14
    1.42969e+03    6.56650e+03    1.64063e+03    7.21688e+02   -9.02539e+03
        LJ (SR)  Disper. corr.   Coulomb (SR)   Coul. recip.      Potential
    3.39269e+03   -6.95554e+02   -6.23563e+04    4.19600e+02   -5.79065e+04
    Kinetic En.   Total Energy  Conserved En.    Temperature Pres. DC (bar)
    2.05191e+04   -3.73874e+04   -3.38372e+04    3.03160e+02   -1.49893e+02
 Pressure (bar)   Constr. rmsd
    2.83076e+02    3.17154e-06


DD  step 33999  vol min/aver 0.887  load imb.: force  5.6%
           Step           Time
          34000       68.00000

   Energies (kJ/mol)
           Bond          Angle    Proper Dih.          LJ-14     Coulomb-14
    1.25022e+03    6.83675e+03    1.58155e+03    7.09745e+02   -9.19062e+03
        LJ (SR)  Disper. corr.   Coulomb (SR)   Coul. recip.      Potential
    3.79507e+03   -6.94960e+02   -6.22728e+04    4.34741e+02   -5.75503e+04
    Kinetic En.   Total Energy  Conserved En.    Temperature Pres. DC (bar)
    2.05463e+04   -3.70040e+04   -3.38188e+04    3.03563e+02   -1.49637e+02
 Pressure (bar)   Constr. rmsd
    4.79957e+02    3.13162e-06

           Step           Time
          35000       70.00000

   Energies (kJ/mol)
           Bond          Angle    Proper Dih.          LJ-14     Coulomb-14
    1.22809e+03    6.76571e+03    1.65914e+03    7.16922e+02   -9.35662e+03
        LJ (SR)  Disper. corr.   Coulomb (SR)   Coul. recip.      Potential
    3.35802e+03   -6.94353e+02   -6.24869e+04    4.70037e+02   -5.83399e+04
    Kinetic En.   Total Energy  Conserved En.    Temperature Pres. DC (bar)
    2.03483e+04   -3.79917e+04   -3.38023e+04    3.00637e+02   -1.49376e+02
 Pressure (bar)   Constr. rmsd
    3.55171e+02    3.26913e-06


DD  step 35999  vol min/aver 0.887  load imb.: force  4.2%
           Step           Time
          36000       72.00000

   Energies (kJ/mol)
           Bond          Angle    Proper Dih.          LJ-14     Coulomb-14
    1.30926e+03    6.72816e+03    1.54640e+03    7.21551e+02   -9.30011e+03
        LJ (SR)  Disper. corr.   Coulomb (SR)   Coul. recip.      Potential
    3.21569e+03   -6.96043e+02   -6.20076e+04    4.61485e+02   -5.80212e+04
    Kinetic En.   Total Energy  Conserved En.    Temperature Pres. DC (bar)
    2.03654e+04   -3.76558e+04   -3.38045e+04    3.00890e+02   -1.50104e+02
 Pressure (bar)   Constr. rmsd
    4.16010e+02    3.26449e-06

           Step           Time
          37000       74.00000

   Energies (kJ/mol)
           Bond          Angle    Proper Dih.          LJ-14     Coulomb-14
    1.34196e+03    6.98538e+03    1.61696e+03    6.77871e+02   -9.16891e+03
        LJ (SR)  Disper. corr.   Coulomb (SR)   Coul. recip.      Potential
    3.05074e+03   -6.94978e+02   -6.17039e+04    4.79760e+02   -5.74151e+04
    Kinetic En.   Total Energy  Conserved En.    Temperature Pres. DC (bar)
    2.02182e+04   -3.71969e+04   -3.37799e+04    2.98715e+02   -1.49645e+02
 Pressure (bar)   Constr. rmsd
   -5.79074e+02    3.13336e-06


DD  load balancing is limited by minimum cell size in dimension Y
DD  step 37999  vol min/aver 0.910! load imb.: force  2.9%
           Step           Time
          38000       76.00000

   Energies (kJ/mol)
           Bond          Angle    Proper Dih.          LJ-14     Coulomb-14
    1.25923e+03    6.89440e+03    1.60566e+03    7.26184e+02   -9.23092e+03
        LJ (SR)  Disper. corr.   Coulomb (SR)   Coul. recip.      Potential
    3.11576e+03   -7.05718e+02   -6.21452e+04    4.65753e+02   -5.80149e+04
    Kinetic En.   Total Energy  Conserved En.    Temperature Pres. DC (bar)
    2.02847e+04   -3.77301e+04   -3.37800e+04    2.99698e+02   -1.54302e+02
 Pressure (bar)   Constr. rmsd
    5.44882e+02    3.00628e-06

           Step           Time
          39000       78.00000

   Energies (kJ/mol)
           Bond          Angle    Proper Dih.          LJ-14     Coulomb-14
    1.27541e+03    6.66991e+03    1.62607e+03    7.26235e+02   -9.16713e+03
        LJ (SR)  Disper. corr.   Coulomb (SR)   Coul. recip.      Potential
    3.50510e+03   -6.97942e+02   -6.22044e+04    4.55166e+02   -5.78116e+04
    Kinetic En.   Total Energy  Conserved En.    Temperature Pres. DC (bar)
    2.00978e+04   -3.77137e+04   -3.37960e+04    2.96937e+02   -1.50923e+02
 Pressure (bar)   Constr. rmsd
    8.05613e-01    2.97701e-06


DD  step 39999  vol min/aver 0.898  load imb.: force  3.6%
           Step           Time
          40000       80.00000

   Energies (kJ/mol)
           Bond          Angle    Proper Dih.          LJ-14     Coulomb-14
    1.35488e+03    6.73698e+03    1.64264e+03    6.88471e+02   -9.29948e+03
        LJ (SR)  Disper. corr.   Coulomb (SR)   Coul. recip.      Potential
    3.14138e+03   -6.96936e+02   -6.17879e+04    4.50565e+02   -5.77694e+04
    Kinetic En.   Total Energy  Conserved En.    Temperature Pres. DC (bar)
    2.06029e+04   -3.71665e+04   -3.38061e+04    3.04398e+02   -1.50489e+02
 Pressure (bar)   Constr. rmsd
   -2.31121e+02    3.56965e-06

           Step           Time
          41000       82.00000

   Energies (kJ/mol)
           Bond          Angle    Proper Dih.          LJ-14     Coulomb-14
    1.35186e+03    6.87518e+03    1.61603e+03    7.29941e+02   -9.27973e+03
        LJ (SR)  Disper. corr.   Coulomb (SR)   Coul. recip.      Potential
    3.41903e+03   -6.93980e+02   -6.23760e+04    4.89948e+02   -5.78677e+04
    Kinetic En.   Total Energy  Conserved En.    Temperature Pres. DC (bar)
    2.02593e+04   -3.76084e+04   -3.37765e+04    2.99323e+02   -1.49216e+02
 Pressure (bar)   Constr. rmsd
   -1.90760e+02    3.05856e-06


DD  step 41999  vol min/aver 0.930  load imb.: force 20.1%
           Step           Time
          42000       84.00000

   Energies (kJ/mol)
           Bond          Angle    Proper Dih.          LJ-14     Coulomb-14
    1.42785e+03    6.46009e+03    1.63786e+03    7.22962e+02   -9.18453e+03
        LJ (SR)  Disper. corr.   Coulomb (SR)   Coul. recip.      Potential
    2.98899e+03   -6.93884e+02   -6.19272e+04    4.57068e+02   -5.81108e+04
    Kinetic En.   Total Energy  Conserved En.    Temperature Pres. DC (bar)
    2.02876e+04   -3.78231e+04   -3.37912e+04    2.99741e+02   -1.49174e+02
 Pressure (bar)   Constr. rmsd
   -5.04145e+01    2.99968e-06

           Step           Time
          43000       86.00000

   Energies (kJ/mol)
           Bond          Angle    Proper Dih.          LJ-14     Coulomb-14
    1.31776e+03    6.69547e+03    1.61569e+03    6.68163e+02   -9.26212e+03
        LJ (SR)  Disper. corr.   Coulomb (SR)   Coul. recip.      Potential
    3.05480e+03   -7.01530e+02   -6.17102e+04    4.42325e+02   -5.78796e+04
    Kinetic En.   Total Energy  Conserved En.    Temperature Pres. DC (bar)
    2.01746e+04   -3.77050e+04   -3.37975e+04    2.98071e+02   -1.52478e+02
 Pressure (bar)   Constr. rmsd
   -1.62231e+02    3.21046e-06


DD  load balancing is limited by minimum cell size in dimension Y
DD  step 43999  vol min/aver 0.927! load imb.: force  2.8%
           Step           Time
          44000       88.00000

   Energies (kJ/mol)
           Bond          Angle    Proper Dih.          LJ-14     Coulomb-14
    1.27522e+03    6.46762e+03    1.66327e+03    6.97439e+02   -9.21019e+03
        LJ (SR)  Disper. corr.   Coulomb (SR)   Coul. recip.      Potential
    3.59164e+03   -6.96023e+02   -6.26274e+04    4.39815e+02   -5.83986e+04
    Kinetic En.   Total Energy  Conserved En.    Temperature Pres. DC (bar)
    2.01673e+04   -3.82312e+04   -3.37998e+04    2.97964e+02   -1.50095e+02
 Pressure (bar)   Constr. rmsd
    2.66814e+02    2.89090e-06

           Step           Time
          45000       90.00000

   Energies (kJ/mol)
           Bond          Angle    Proper Dih.          LJ-14     Coulomb-14
    1.34143e+03    6.71155e+03    1.60773e+03    7.33215e+02   -9.32836e+03
        LJ (SR)  Disper. corr.   Coulomb (SR)   Coul. recip.      Potential
    3.15835e+03   -6.96016e+02   -6.20884e+04    4.89860e+02   -5.80706e+04
    Kinetic En.   Total Energy  Conserved En.    Temperature Pres. DC (bar)
    2.05867e+04   -3.74839e+04   -3.37826e+04    3.04160e+02   -1.50092e+02
 Pressure (bar)   Constr. rmsd
   -4.00940e+01    3.24494e-06


DD  step 45999  vol min/aver 0.884  load imb.: force  3.5%
           Step           Time
          46000       92.00000

   Energies (kJ/mol)
           Bond          Angle    Proper Dih.          LJ-14     Coulomb-14
    1.29628e+03    6.79830e+03    1.63221e+03    7.19455e+02   -9.19910e+03
        LJ (SR)  Disper. corr.   Coulomb (SR)   Coul. recip.      Potential
    3.29110e+03   -6.94990e+02   -6.20531e+04    4.83888e+02   -5.77260e+04
    Kinetic En.   Total Energy  Conserved En.    Temperature Pres. DC (bar)
    2.06120e+04   -3.71139e+04   -3.37766e+04    3.04534e+02   -1.49650e+02
 Pressure (bar)   Constr. rmsd
    2.57144e+02    2.97733e-06

           Step           Time
          47000       94.00000

   Energies (kJ/mol)
           Bond          Angle    Proper Dih.          LJ-14     Coulomb-14
    1.30652e+03    6.49757e+03    1.66394e+03    7.03915e+02   -9.32400e+03
        LJ (SR)  Disper. corr.   Coulomb (SR)   Coul. recip.      Potential
    3.00593e+03   -6.93186e+02   -6.13495e+04    4.46437e+02   -5.77424e+04
    Kinetic En.   Total Energy  Conserved En.    Temperature Pres. DC (bar)
    2.05863e+04   -3.71560e+04   -3.37933e+04    3.04154e+02   -1.48875e+02
 Pressure (bar)   Constr. rmsd
   -2.88972e+02    3.16325e-06


DD  step 47999  vol min/aver 0.941  load imb.: force  3.4%
           Step           Time
          48000       96.00000

   Energies (kJ/mol)
           Bond          Angle    Proper Dih.          LJ-14     Coulomb-14
    1.33510e+03    6.44178e+03    1.68751e+03    7.20619e+02   -9.17040e+03
        LJ (SR)  Disper. corr.   Coulomb (SR)   Coul. recip.      Potential
    3.24123e+03   -6.92426e+02   -6.18290e+04    4.79804e+02   -5.77858e+04
    Kinetic En.   Total Energy  Conserved En.    Temperature Pres. DC (bar)
    1.98784e+04   -3.79074e+04   -3.37691e+04    2.93694e+02   -1.48549e+02
 Pressure (bar)   Constr. rmsd
   -6.32930e+01    2.98275e-06

           Step           Time
          49000       98.00000

   Energies (kJ/mol)
           Bond          Angle    Proper Dih.          LJ-14     Coulomb-14
    1.26025e+03    6.77723e+03    1.56488e+03    7.27383e+02   -9.24709e+03
        LJ (SR)  Disper. corr.   Coulomb (SR)   Coul. recip.      Potential
    3.68663e+03   -6.95813e+02   -6.23715e+04    4.16856e+02   -5.78812e+04
    Kinetic En.   Total Energy  Conserved En.    Temperature Pres. DC (bar)
    2.01058e+04   -3.77754e+04   -3.37488e+04    2.97054e+02   -1.50004e+02
 Pressure (bar)   Constr. rmsd
    5.60422e+02    3.03822e-06


DD  step 49999  vol min/aver 0.944  load imb.: force  4.5%
           Step           Time
          50000      100.00000

Writing checkpoint, step 50000 at Wed Apr 29 20:39:14 2026


   Energies (kJ/mol)
           Bond          Angle    Proper Dih.          LJ-14     Coulomb-14
    1.28690e+03    6.80407e+03    1.64935e+03    6.89332e+02   -9.12486e+03
        LJ (SR)  Disper. corr.   Coulomb (SR)   Coul. recip.      Potential
    3.32358e+03   -6.93040e+02   -6.22553e+04    4.61298e+02   -5.78586e+04
    Kinetic En.   Total Energy  Conserved En.    Temperature Pres. DC (bar)
    2.06091e+04   -3.72495e+04   -3.37663e+04    3.04491e+02   -1.48812e+02
 Pressure (bar)   Constr. rmsd
   -5.41666e+02    3.22129e-06


Energy conservation over simulation part #1 of length 100 ps, time 0 to 100 ps
  Conserved energy drift: 3.46e-04 kJ/mol/ps per atom


	<======  ###############  ==>
	<====  A V E R A G E S  ====>
	<==  ###############  ======>

	Statistics over 50001 steps using 501 frames

   Energies (kJ/mol)
           Bond          Angle    Proper Dih.          LJ-14     Coulomb-14
    1.30503e+03    6.65751e+03    1.63368e+03    7.15367e+02   -9.18661e+03
        LJ (SR)  Disper. corr.   Coulomb (SR)   Coul. recip.      Potential
    3.63718e+03   -6.17538e+02   -6.17564e+04    4.95301e+02   -5.71164e+04
    Kinetic En.   Total Energy  Conserved En.    Temperature Pres. DC (bar)
    2.02999e+04   -3.68165e+04   -3.38551e+04    2.99923e+02   -1.23511e+02
 Pressure (bar)   Constr. rmsd
    1.64406e+01    0.00000e+00

          Box-X          Box-Y          Box-Z
    4.49302e+00    4.49302e+00    4.49302e+00

   Total Virial (kJ/mol)
    6.78434e+03    2.87601e+01    7.05773e+01
    2.87453e+01    6.63757e+03   -8.09116e+01
    7.05655e+01   -8.09845e+01    6.77831e+03

   Pressure (bar)
   -5.99210e+00   -1.29446e+01   -2.54876e+01
   -1.29394e+01    4.46462e+01    2.72659e+01
   -2.54803e+01    2.72969e+01    1.06676e+01


	M E G A - F L O P S   A C C O U N T I N G

 NB=Group-cutoff nonbonded kernels    NxN=N-by-N cluster Verlet kernels
 RF=Reaction-Field  VdW=Van der Waals  QSTab=quadratic-spline table
 W3=SPC/TIP3p  W4=TIP4p (single or pairs)
 V&F=Potential and force  V=Potential only  F=Force only

 Computing:                               M-Number         M-Flops  % Flops
-----------------------------------------------------------------------------
 Pair Search distance check            2349.641806       21146.776     0.1
 NxN Ewald Elec. + LJ [F]            255276.056176    16848219.708    71.6
 NxN Ewald Elec. + LJ [V&F]            2583.243056      276407.007     1.2
 NxN Ewald Elec. [F]                  61601.739344     3757706.100    16.0
 NxN Ewald Elec. [V&F]                  623.625488       52384.541     0.2
 1,4 nonbonded interactions             301.356027       27122.042     0.1
 Calc Weights                          1111.822236       40025.600     0.2
 Spread Q Bspline                     23718.874368       47437.749     0.2
 Gather F Bspline                     23718.874368      142313.246     0.6
 3D-FFT                              240463.009164     1923704.073     8.2
 Solve PME                             3650.473008      233630.273     1.0
 Reset In Box                             4.632500          13.897     0.0
 CG-CoM                                   4.639912          13.920     0.0
 Bonds                                   50.951019        3006.110     0.0
 Angles                                 313.006260       52585.052     0.2
 Propers                                309.606192       70899.818     0.3
 Virial                                  81.328132        1463.906     0.0
 Stop-CM                                  3.713412          37.134     0.0
 Calc-Ekin                              148.254824        4002.880     0.0
 Lincs                                  166.798795       10007.928     0.0
 Lincs-Mat                             1329.212976        5316.852     0.0
 Constraint-V                           517.437878        4656.941     0.0
 Constraint-Vir                          70.133419        1683.202     0.0
 Settle                                  61.280096       22673.636     0.1
-----------------------------------------------------------------------------
 Total                                                23546458.391   100.0
-----------------------------------------------------------------------------


    D O M A I N   D E C O M P O S I T I O N   S T A T I S T I C S

 av. #atoms communicated per step for force:  2 x 26551.5
 av. #atoms communicated per step for LINCS:  2 x 1334.3


Dynamic load balancing report:
 DLB was turned on during the run due to measured imbalance.
 Average load imbalance: 8.3%.
 The balanceable part of the MD step is 39%, load imbalance is computed from this.
 Part of the total run time spent waiting due to load imbalance: 3.2%.
 Steps where the load balancing was limited by -rdd, -rcon and/or -dds: X 0 % Y 0 %


      R E A L   C Y C L E   A N D   T I M E   A C C O U N T I N G

On 16 MPI ranks, each using 2 OpenMP threads

 Activity:              Num   Num      Call    Wall time         Giga-Cycles
                        Ranks Threads  Count      (s)         total sum    %
--------------------------------------------------------------------------------
 Domain decomp.           16    2        625       0.319         29.500   0.8
 DD comm. load            16    2        624       0.003          0.288   0.0
 DD comm. bounds          16    2        623       0.011          1.008   0.0
 Neighbor search          16    2        626       0.380         35.220   0.9
 Comm. coord.             16    2      49375       1.070         99.092   2.7
 Force                    16    2      50001      12.944       1198.342  32.1
 Wait + Comm. F           16    2      50001       1.033         95.638   2.6
 PME mesh                 16    2      50001      21.851       2022.927  54.2
 NB X/F buffer ops.       16    2     149377       0.645         59.745   1.6
 Write traj.              16    2          1       0.009          0.803   0.0
 Update                   16    2      50001       0.204         18.885   0.5
 Constraints              16    2      50001       1.228        113.731   3.0
 Kinetic energy           16    2      20001       0.051          4.731   0.1
 Comm. energies           16    2      10001       0.297         27.478   0.7
 Rest                                              0.262         24.237   0.6
--------------------------------------------------------------------------------
 Total                                            40.307       3731.624 100.0
--------------------------------------------------------------------------------
 Breakdown of PME mesh activities
--------------------------------------------------------------------------------
 PME redist. X/F          16    2     100002       3.801        351.916   9.4
 PME spread               16    2      50001       2.335        216.203   5.8
 PME gather               16    2      50001       2.295        212.495   5.7
 PME 3D-FFT               16    2     100002       5.826        539.340  14.5
 PME 3D-FFT Comm.         16    2     200004       7.058        653.414  17.5
 PME solve Elec           16    2      50001       0.465         43.031   1.2
--------------------------------------------------------------------------------

               Core t (s)   Wall t (s)        (%)
       Time:     1289.785       40.307     3199.9
                 (ns/day)    (hour/ns)    (ms/step)  (Matom*steps/s) 
Performance:      214.357        0.112        0.806            9.195 
Finished mdrun on rank 0 Wed Apr 29 20:39:14 2026

