                      :-) GROMACS - gmx mdrun, 2022.2 (-:

Copyright 1991-2022 The GROMACS Authors.
GROMACS is free software; you can redistribute it and/or modify it
under the terms of the GNU Lesser General Public License
as published by the Free Software Foundation; either version 2.1
of the License, or (at your option) any later version.

                         Current GROMACS contributors:
       Mark Abraham           Andrey Alekseenko           Cathrine Bergh      
      Christian Blau            Eliane Briand               Kevin Boyd        
     Oliver Fleetwood         Stefan Fleischmann           Vytas Gapsys       
       Gaurav Garg           Gilles Gouaillardet            Alan Gray         
      Victor Holanda           M. Eric Irrgang              Joe Jordan        
    Christoph Junghans        Prashanth Kanduri           Sebastian Kehl      
     Sebastian Keller          Carsten Kutzner           Magnus Lundborg      
       Pascal Merz              Dmitry Morozov             Szilard Pall       
      Roland Schulz             Michael Shirts         David van der Spoel    
     Alessandra Villa      Sebastian Wingbermuehle        Artem Zhmurov       

                         Previous GROMACS contributors:
        Emile Apol             Rossen Apostolov           James Barnett       
  Herman J.C. Berendsen          Par Bjelkmar           Viacheslav Bolnykh    
    Aldert van Buuren          Carlo Camilloni           Rudi van Drunen      
      Anton Feenstra           Gerrit Groenhof            Bert de Groot       
      Anca Hamuraru           Vincent Hindriksen         Aleksei Iupinov      
   Dimitrios Karkoulis           Peter Kasson               Jiri Kraus        
       Per Larsson             Justin A. Lemkul           Viveca Lindahl      
      Erik Marklund           Pieter Meulenhoff           Vedran Miletic      
      Teemu Murtola              Sander Pronk            Alexey Shvetsov      
      Alfons Sijbers            Peter Tieleman             Jon Vincent        
     Teemu Virolainen         Christian Wennberg           Maarten Wolf       

                  Coordinated by the GROMACS project leaders:
                    Paul Bauer, Berk Hess, and Erik Lindahl

GROMACS:      gmx mdrun, version 2022.2
Executable:   /usr/local/gromacs/bin/gmx_mpi
Data prefix:  /usr/local/gromacs
Working dir:  /mnt/f/polymer_task/systems/water/NVT
Process ID:   4611
Command line:
  gmx_mpi mdrun -deffnm nvt

GROMACS version:    2022.2
Precision:          mixed
Memory model:       64 bit
MPI library:        MPI
OpenMP support:     enabled (GMX_OPENMP_MAX_THREADS = 128)
GPU support:        disabled
SIMD instructions:  AVX2_256
CPU FFT library:    fftw-3.3.8-sse2-avx-avx2-avx2_128
GPU FFT library:    none
RDTSCP usage:       enabled
TNG support:        enabled
Hwloc support:      disabled
Tracing support:    disabled
C compiler:         /usr/bin/mpicc GNU 13.3.0
C compiler flags:   -mavx2 -mfma -Wno-missing-field-initializers -fexcess-precision=fast -funroll-all-loops -O3 -DNDEBUG
C++ compiler:       /usr/bin/mpicxx GNU 13.3.0
C++ compiler flags: -mavx2 -mfma -Wno-missing-field-initializers -fexcess-precision=fast -funroll-all-loops SHELL:-fopenmp -O3 -DNDEBUG


Running on 1 node with total 8 cores, 16 processing units
Hardware detected on host DESKTOP-EHK58OI (the node of MPI rank 0):
  CPU info:
    Vendor: Intel
    Brand:  Intel(R) Core(TM) i7-10700 CPU @ 2.90GHz
    Family: 6   Model: 165   Stepping: 5
    Features: aes apic avx avx2 clfsh cmov cx8 cx16 f16c fma htt intel lahf mmx msr pcid pclmuldq pdcm pdpe1gb popcnt pse rdrnd rdtscp sse2 sse3 sse4.1 sse4.2 ssse3
  Hardware topology: Basic
    Packages, cores, and logical processors:
    [indices refer to OS logical processors]
      Package  0: [   0   1] [   2   3] [   4   5] [   6   7] [   8   9] [  10  11] [  12  13] [  14  15]
    CPU limit set by OS: -1   Recommended max number of threads: 16


++++ PLEASE READ AND CITE THE FOLLOWING REFERENCE ++++
M. J. Abraham, T. Murtola, R. Schulz, S. Páll, J. C. Smith, B. Hess, E.
Lindahl
GROMACS: High performance molecular simulations through multi-level
parallelism from laptops to supercomputers
SoftwareX 1 (2015) pp. 19-25
-------- -------- --- Thank You --- -------- --------


++++ PLEASE READ AND CITE THE FOLLOWING REFERENCE ++++
S. Páll, M. J. Abraham, C. Kutzner, B. Hess, E. Lindahl
Tackling Exascale Software Challenges in Molecular Dynamics Simulations with
GROMACS
In S. Markidis & E. Laure (Eds.), Solving Software Challenges for Exascale 8759 (2015) pp. 3-27
-------- -------- --- Thank You --- -------- --------


++++ PLEASE READ AND CITE THE FOLLOWING REFERENCE ++++
S. Pronk, S. Páll, R. Schulz, P. Larsson, P. Bjelkmar, R. Apostolov, M. R.
Shirts, J. C. Smith, P. M. Kasson, D. van der Spoel, B. Hess, and E. Lindahl
GROMACS 4.5: a high-throughput and highly parallel open source molecular
simulation toolkit
Bioinformatics 29 (2013) pp. 845-54
-------- -------- --- Thank You --- -------- --------


++++ PLEASE READ AND CITE THE FOLLOWING REFERENCE ++++
B. Hess and C. Kutzner and D. van der Spoel and E. Lindahl
GROMACS 4: Algorithms for highly efficient, load-balanced, and scalable
molecular simulation
J. Chem. Theory Comput. 4 (2008) pp. 435-447
-------- -------- --- Thank You --- -------- --------


++++ PLEASE READ AND CITE THE FOLLOWING REFERENCE ++++
D. van der Spoel, E. Lindahl, B. Hess, G. Groenhof, A. E. Mark and H. J. C.
Berendsen
GROMACS: Fast, Flexible and Free
J. Comp. Chem. 26 (2005) pp. 1701-1719
-------- -------- --- Thank You --- -------- --------


++++ PLEASE READ AND CITE THE FOLLOWING REFERENCE ++++
E. Lindahl and B. Hess and D. van der Spoel
GROMACS 3.0: A package for molecular simulation and trajectory analysis
J. Mol. Mod. 7 (2001) pp. 306-317
-------- -------- --- Thank You --- -------- --------


++++ PLEASE READ AND CITE THE FOLLOWING REFERENCE ++++
H. J. C. Berendsen, D. van der Spoel and R. van Drunen
GROMACS: A message-passing parallel molecular dynamics implementation
Comp. Phys. Comm. 91 (1995) pp. 43-56
-------- -------- --- Thank You --- -------- --------


++++ PLEASE CITE THE DOI FOR THIS VERSION OF GROMACS ++++
https://doi.org/10.5281/zenodo.6637571
-------- -------- --- Thank You --- -------- --------


The number of OpenMP threads was set by environment variable OMP_NUM_THREADS to 1

Input Parameters:
   integrator                     = md
   tinit                          = 0
   dt                             = 0.002
   nsteps                         = 50000
   init-step                      = 0
   simulation-part                = 1
   mts                            = false
   comm-mode                      = Linear
   nstcomm                        = 100
   bd-fric                        = 0
   ld-seed                        = 914186102
   emtol                          = 10
   emstep                         = 0.01
   niter                          = 20
   fcstep                         = 0
   nstcgsteep                     = 1000
   nbfgscorr                      = 10
   rtpi                           = 0.05
   nstxout                        = 0
   nstvout                        = 0
   nstfout                        = 0
   nstlog                         = 1000
   nstcalcenergy                  = 100
   nstenergy                      = 1000
   nstxout-compressed             = 0
   compressed-x-precision         = 1000
   cutoff-scheme                  = Verlet
   nstlist                        = 10
   pbc                            = xyz
   periodic-molecules             = false
   verlet-buffer-tolerance        = 0.005
   rlist                          = 1.2
   coulombtype                    = PME
   coulomb-modifier               = Potential-shift
   rcoulomb-switch                = 0
   rcoulomb                       = 1.2
   epsilon-r                      = 1
   epsilon-rf                     = inf
   vdw-type                       = Cut-off
   vdw-modifier                   = Potential-shift
   rvdw-switch                    = 0
   rvdw                           = 1.2
   DispCorr                       = EnerPres
   table-extension                = 1
   fourierspacing                 = 0.12
   fourier-nx                     = 42
   fourier-ny                     = 42
   fourier-nz                     = 42
   pme-order                      = 4
   ewald-rtol                     = 1e-05
   ewald-rtol-lj                  = 0.001
   lj-pme-comb-rule               = Geometric
   ewald-geometry                 = 3d
   epsilon-surface                = 0
   tcoupl                         = V-rescale
   nsttcouple                     = 10
   nh-chain-length                = 0
   print-nose-hoover-chain-variables = false
   pcoupl                         = No
   pcoupltype                     = Isotropic
   nstpcouple                     = -1
   tau-p                          = 1
   compressibility (3x3):
      compressibility[    0]={ 0.00000e+00,  0.00000e+00,  0.00000e+00}
      compressibility[    1]={ 0.00000e+00,  0.00000e+00,  0.00000e+00}
      compressibility[    2]={ 0.00000e+00,  0.00000e+00,  0.00000e+00}
   ref-p (3x3):
      ref-p[    0]={ 0.00000e+00,  0.00000e+00,  0.00000e+00}
      ref-p[    1]={ 0.00000e+00,  0.00000e+00,  0.00000e+00}
      ref-p[    2]={ 0.00000e+00,  0.00000e+00,  0.00000e+00}
   refcoord-scaling               = No
   posres-com (3):
      posres-com[0]= 0.00000e+00
      posres-com[1]= 0.00000e+00
      posres-com[2]= 0.00000e+00
   posres-comB (3):
      posres-comB[0]= 0.00000e+00
      posres-comB[1]= 0.00000e+00
      posres-comB[2]= 0.00000e+00
   QMMM                           = false
qm-opts:
   ngQM                           = 0
   constraint-algorithm           = Lincs
   continuation                   = false
   Shake-SOR                      = false
   shake-tol                      = 0.0001
   lincs-order                    = 4
   lincs-iter                     = 1
   lincs-warnangle                = 30
   nwall                          = 0
   wall-type                      = 9-3
   wall-r-linpot                  = -1
   wall-atomtype[0]               = -1
   wall-atomtype[1]               = -1
   wall-density[0]                = 0
   wall-density[1]                = 0
   wall-ewald-zfac                = 3
   pull                           = false
   awh                            = false
   rotation                       = false
   interactiveMD                  = false
   disre                          = No
   disre-weighting                = Conservative
   disre-mixed                    = false
   dr-fc                          = 1000
   dr-tau                         = 0
   nstdisreout                    = 100
   orire-fc                       = 0
   orire-tau                      = 0
   nstorireout                    = 100
   free-energy                    = no
   cos-acceleration               = 0
   deform (3x3):
      deform[    0]={ 0.00000e+00,  0.00000e+00,  0.00000e+00}
      deform[    1]={ 0.00000e+00,  0.00000e+00,  0.00000e+00}
      deform[    2]={ 0.00000e+00,  0.00000e+00,  0.00000e+00}
   simulated-tempering            = false
   swapcoords                     = no
   userint1                       = 0
   userint2                       = 0
   userint3                       = 0
   userint4                       = 0
   userreal1                      = 0
   userreal2                      = 0
   userreal3                      = 0
   userreal4                      = 0
   applied-forces:
     electric-field:
       x:
         E0                       = 0
         omega                    = 0
         t0                       = 0
         sigma                    = 0
       y:
         E0                       = 0
         omega                    = 0
         t0                       = 0
         sigma                    = 0
       z:
         E0                       = 0
         omega                    = 0
         t0                       = 0
         sigma                    = 0
     density-guided-simulation:
       active                     = false
       group                      = protein
       similarity-measure         = inner-product
       atom-spreading-weight      = unity
       force-constant             = 1e+09
       gaussian-transform-spreading-width = 0.2
       gaussian-transform-spreading-range-in-multiples-of-width = 4
       reference-density-filename = reference.mrc
       nst                        = 1
       normalize-densities        = true
       adaptive-force-scaling     = false
       adaptive-force-scaling-time-constant = 4
       shift-vector               = 
       transformation-matrix      = 
     qmmm-cp2k:
       active                     = false
       qmgroup                    = System
       qmmethod                   = PBE
       qmfilenames                = 
       qmcharge                   = 0
       qmmultiplicity             = 1
grpopts:
   nrdf:        9531
   ref-t:         300
   tau-t:         0.1
annealing:          No
annealing-npoints:           0
   acc:	           0           0           0
   nfreeze:           N           N           N
   energygrp-flags[  0]: 0

Changing nstlist from 10 to 100, rlist from 1.2 to 1.29

When checking whether update groups are usable:
  At least one moleculetype does not conform to the requirements for using update groups

Initializing Domain Decomposition on 1 ranks
Dynamic load balancing: auto
Minimum cell size due to atom displacement: 0.710 nm
Initial maximum distances in bonded interactions:
    two-body bonded interactions: 0.403 nm, LJ-14, atoms 131 143
  multi-body bonded interactions: 0.403 nm, Proper Dih., atoms 131 143
Minimum cell size due to bonded interactions: 0.443 nm
Maximum distance for 5 constraints, at 120 deg. angles, all-trans: 0.219 nm
Estimated maximum distance required for P-LINCS: 0.219 nm
Using 0 separate PME ranks because: there are too few total ranks for efficient splitting
Optimizing the DD grid for 1 cells with a minimum initial size of 0.710 nm
The maximum allowed number of cells is: X 7 Y 7 Z 7
Domain decomposition grid 1 x 1 x 1, separate PME ranks 0
PME domain decomposition: 1 x 1 x 1

The initial number of communication pulses is:
The initial domain decomposition cell size is:

The maximum allowed distance for atoms involved in interactions is:
                 non-bonded interactions           1.290 nm
            two-body bonded interactions  (-rdd)   1.290 nm
          multi-body bonded interactions  (-rdd)   1.290 nm
  atoms separated by up to 5 constraints  (-rcon)  5.000 nm

When dynamic load balancing gets turned on, these settings will change to:
The maximum number of communication pulses is:
The minimum size for domain decomposition cells is 1.290 nm
The requested allowed shrink of DD cells (option -dds) is: 0.80
The allowed shrink of domain decomposition cells is:
The maximum allowed distance for atoms involved in interactions is:
                 non-bonded interactions           1.290 nm
            two-body bonded interactions  (-rdd)   1.290 nm
          multi-body bonded interactions  (-rdd)   1.290 nm
  atoms separated by up to 5 constraints  (-rcon)  1.290 nm

Using 1 MPI process
Using 1 OpenMP thread 


NOTE: Thread affinity was not set.
System total charge: 0.000
Will do PME sum in reciprocal space for electrostatic interactions.

++++ PLEASE READ AND CITE THE FOLLOWING REFERENCE ++++
U. Essmann, L. Perera, M. L. Berkowitz, T. Darden, H. Lee and L. G. Pedersen 
A smooth particle mesh Ewald method
J. Chem. Phys. 103 (1995) pp. 8577-8592
-------- -------- --- Thank You --- -------- --------

Using a Gaussian width (1/beta) of 0.384195 nm for Ewald
Potential shift: LJ r^-12: -1.122e-01 r^-6: -3.349e-01, Ewald -8.333e-06
Initialized non-bonded Coulomb Ewald tables, spacing: 1.02e-03 size: 1176

Generated table with 1145 data points for 1-4 COUL.
Tabscale = 500 points/nm
Generated table with 1145 data points for 1-4 LJ6.
Tabscale = 500 points/nm
Generated table with 1145 data points for 1-4 LJ12.
Tabscale = 500 points/nm

Long Range LJ corr.: <C6> 3.0697e-04


Using SIMD 4x8 nonbonded short-range kernels

Using a dual 4x8 pair-list setup updated with dynamic pruning:
  outer list: updated every 100 steps, buffer 0.090 nm, rlist 1.290 nm
  inner list: updated every  23 steps, buffer 0.002 nm, rlist 1.202 nm
At tolerance 0.005 kJ/mol/ps per atom, equivalent classical 1x1 list would be:
  outer list: updated every 100 steps, buffer 0.250 nm, rlist 1.450 nm
  inner list: updated every  23 steps, buffer 0.086 nm, rlist 1.286 nm

Using Lorentz-Berthelot Lennard-Jones combination rule
Removing pbc first time

Linking all bonded interactions to atoms


Initializing Parallel LINear Constraint Solver

++++ PLEASE READ AND CITE THE FOLLOWING REFERENCE ++++
B. Hess
P-LINCS: A Parallel Linear Constraint Solver for molecular simulation
J. Chem. Theory Comput. 4 (2008) pp. 116-122
-------- -------- --- Thank You --- -------- --------

The number of constraints is 102
There are constraints between atoms in different decomposition domains,
will communicate selected coordinates each lincs iteration

++++ PLEASE READ AND CITE THE FOLLOWING REFERENCE ++++
S. Miyamoto and P. A. Kollman
SETTLE: An Analytical Version of the SHAKE and RATTLE Algorithms for Rigid
Water Models
J. Comp. Chem. 13 (1992) pp. 952-962
-------- -------- --- Thank You --- -------- --------


++++ PLEASE READ AND CITE THE FOLLOWING REFERENCE ++++
G. Bussi, D. Donadio and M. Parrinello
Canonical sampling through velocity rescaling
J. Chem. Phys. 126 (2007) pp. 014101
-------- -------- --- Thank You --- -------- --------

There are: 4712 Atoms

Atom distribution over 1 domains: av 4712 stddev 0 min 4712 max 4712

Constraining the starting coordinates (step 0)

Constraining the coordinates at t0-dt (step 0)
Center of mass motion removal mode is Linear
We have the following groups for center of mass motion removal:
  0:  rest
RMS relative constraint deviation after constraining: 1.36e-06
Initial temperature: 294.479 K

Started mdrun on rank 0 Wed Apr 29 16:24:48 2026

           Step           Time
              0        0.00000

   Energies (kJ/mol)
           Bond          Angle    Proper Dih.          LJ-14     Coulomb-14
    4.67864e+01    1.66389e+02    6.56316e+02    2.42026e+02    5.09594e+03
        LJ (SR)  Disper. corr.   Coulomb (SR)   Coul. recip.      Potential
   -2.01188e+02   -1.31932e+02   -3.07684e+04    1.31269e+03   -2.35814e+04
    Kinetic En.   Total Energy  Conserved En.    Temperature Pres. DC (bar)
    1.17067e+04   -1.18747e+04   -1.18747e+04    2.95456e+02   -1.75585e+01
 Pressure (bar)   Constr. rmsd
   -1.16131e+03    1.38938e-06

           Step           Time
           1000        2.00000

   Energies (kJ/mol)
           Bond          Angle    Proper Dih.          LJ-14     Coulomb-14
    1.26110e+02    2.73881e+02    6.13056e+02    1.90361e+02    5.25712e+03
        LJ (SR)  Disper. corr.   Coulomb (SR)   Coul. recip.      Potential
    1.14276e+04   -1.31932e+02   -7.49873e+04    6.99796e+02   -5.65312e+04
    Kinetic En.   Total Energy  Conserved En.    Temperature Pres. DC (bar)
    1.22422e+04   -4.42890e+04   -1.17856e+04    3.08970e+02   -1.75585e+01
 Pressure (bar)   Constr. rmsd
   -5.36312e+02    1.06573e-06

           Step           Time
           2000        4.00000

   Energies (kJ/mol)
           Bond          Angle    Proper Dih.          LJ-14     Coulomb-14
    1.67815e+02    3.37146e+02    6.20113e+02    2.16113e+02    5.17367e+03
        LJ (SR)  Disper. corr.   Coulomb (SR)   Coul. recip.      Potential
    1.27427e+04   -1.31932e+02   -8.01712e+04    5.27118e+02   -6.05185e+04
    Kinetic En.   Total Energy  Conserved En.    Temperature Pres. DC (bar)
    1.20003e+04   -4.85182e+04   -1.17666e+04    3.02866e+02   -1.75585e+01
 Pressure (bar)   Constr. rmsd
    3.66012e+01    1.03572e-06

           Step           Time
           3000        6.00000

   Energies (kJ/mol)
           Bond          Angle    Proper Dih.          LJ-14     Coulomb-14
    1.14539e+02    3.82053e+02    6.24057e+02    2.17222e+02    5.25369e+03
        LJ (SR)  Disper. corr.   Coulomb (SR)   Coul. recip.      Potential
    1.26872e+04   -1.31932e+02   -8.21835e+04    4.99775e+02   -6.25369e+04
    Kinetic En.   Total Energy  Conserved En.    Temperature Pres. DC (bar)
    1.24255e+04   -5.01114e+04   -1.17569e+04    3.13597e+02   -1.75585e+01
 Pressure (bar)   Constr. rmsd
    4.55173e+01    1.09723e-06

           Step           Time
           4000        8.00000

   Energies (kJ/mol)
           Bond          Angle    Proper Dih.          LJ-14     Coulomb-14
    1.47829e+02    4.16131e+02    6.13824e+02    2.18121e+02    5.21777e+03
        LJ (SR)  Disper. corr.   Coulomb (SR)   Coul. recip.      Potential
    1.26656e+04   -1.31932e+02   -8.30844e+04    4.08082e+02   -6.35290e+04
    Kinetic En.   Total Energy  Conserved En.    Temperature Pres. DC (bar)
    1.20075e+04   -5.15215e+04   -1.17532e+04    3.03046e+02   -1.75585e+01
 Pressure (bar)   Constr. rmsd
   -1.28647e+02    1.01645e-06

           Step           Time
           5000       10.00000

   Energies (kJ/mol)
           Bond          Angle    Proper Dih.          LJ-14     Coulomb-14
    1.80608e+02    4.57812e+02    6.21047e+02    2.26364e+02    5.24570e+03
        LJ (SR)  Disper. corr.   Coulomb (SR)   Coul. recip.      Potential
    1.30680e+04   -1.31932e+02   -8.40527e+04    4.12581e+02   -6.39725e+04
    Kinetic En.   Total Energy  Conserved En.    Temperature Pres. DC (bar)
    1.20158e+04   -5.19568e+04   -1.17506e+04    3.03255e+02   -1.75585e+01
 Pressure (bar)   Constr. rmsd
    7.68764e+01    1.13786e-06

           Step           Time
           6000       12.00000

   Energies (kJ/mol)
           Bond          Angle    Proper Dih.          LJ-14     Coulomb-14
    2.23233e+02    4.17613e+02    6.28068e+02    2.26728e+02    5.24661e+03
        LJ (SR)  Disper. corr.   Coulomb (SR)   Coul. recip.      Potential
    1.27007e+04   -1.31932e+02   -8.40148e+04    3.91039e+02   -6.43128e+04
    Kinetic En.   Total Energy  Conserved En.    Temperature Pres. DC (bar)
    1.21981e+04   -5.21146e+04   -1.17586e+04    3.07858e+02   -1.75585e+01
 Pressure (bar)   Constr. rmsd
   -1.00988e+02    1.09809e-06

           Step           Time
           7000       14.00000

   Energies (kJ/mol)
           Bond          Angle    Proper Dih.          LJ-14     Coulomb-14
    2.20836e+02    4.60849e+02    6.10488e+02    2.08412e+02    5.10497e+03
        LJ (SR)  Disper. corr.   Coulomb (SR)   Coul. recip.      Potential
    1.31611e+04   -1.31932e+02   -8.43728e+04    3.80743e+02   -6.43573e+04
    Kinetic En.   Total Energy  Conserved En.    Temperature Pres. DC (bar)
    1.19402e+04   -5.24171e+04   -1.17401e+04    3.01349e+02   -1.75585e+01
 Pressure (bar)   Constr. rmsd
   -8.78465e+01    2.04328e-06

           Step           Time
           8000       16.00000

   Energies (kJ/mol)
           Bond          Angle    Proper Dih.          LJ-14     Coulomb-14
    1.49050e+02    4.83042e+02    6.20132e+02    1.99013e+02    5.33157e+03
        LJ (SR)  Disper. corr.   Coulomb (SR)   Coul. recip.      Potential
    1.27674e+04   -1.31932e+02   -8.40230e+04    4.30981e+02   -6.41737e+04
    Kinetic En.   Total Energy  Conserved En.    Temperature Pres. DC (bar)
    1.20271e+04   -5.21467e+04   -1.17442e+04    3.03541e+02   -1.75585e+01
 Pressure (bar)   Constr. rmsd
   -1.43811e+02    1.30062e-06

           Step           Time
           9000       18.00000

   Energies (kJ/mol)
           Bond          Angle    Proper Dih.          LJ-14     Coulomb-14
    1.74994e+02    5.12521e+02    6.28508e+02    2.19316e+02    5.32408e+03
        LJ (SR)  Disper. corr.   Coulomb (SR)   Coul. recip.      Potential
    1.33415e+04   -1.31932e+02   -8.51326e+04    4.04291e+02   -6.46592e+04
    Kinetic En.   Total Energy  Conserved En.    Temperature Pres. DC (bar)
    1.15230e+04   -5.31363e+04   -1.17396e+04    2.90818e+02   -1.75585e+01
 Pressure (bar)   Constr. rmsd
    3.43548e+01    1.01235e-06

           Step           Time
          10000       20.00000

   Energies (kJ/mol)
           Bond          Angle    Proper Dih.          LJ-14     Coulomb-14
    1.95685e+02    4.88045e+02    5.96150e+02    2.04178e+02    5.30489e+03
        LJ (SR)  Disper. corr.   Coulomb (SR)   Coul. recip.      Potential
    1.28872e+04   -1.31932e+02   -8.42546e+04    4.09011e+02   -6.43013e+04
    Kinetic En.   Total Energy  Conserved En.    Temperature Pres. DC (bar)
    1.21359e+04   -5.21654e+04   -1.17454e+04    3.06289e+02   -1.75585e+01
 Pressure (bar)   Constr. rmsd
   -5.16866e+01    1.00802e-06

           Step           Time
          11000       22.00000

   Energies (kJ/mol)
           Bond          Angle    Proper Dih.          LJ-14     Coulomb-14
    2.58107e+02    5.00459e+02    6.06533e+02    2.05264e+02    5.25485e+03
        LJ (SR)  Disper. corr.   Coulomb (SR)   Coul. recip.      Potential
    1.33516e+04   -1.31932e+02   -8.49608e+04    4.60947e+02   -6.44550e+04
    Kinetic En.   Total Energy  Conserved En.    Temperature Pres. DC (bar)
    1.16484e+04   -5.28066e+04   -1.17379e+04    2.93984e+02   -1.75585e+01
 Pressure (bar)   Constr. rmsd
   -1.71466e+02    2.77034e-06

           Step           Time
          12000       24.00000

   Energies (kJ/mol)
           Bond          Angle    Proper Dih.          LJ-14     Coulomb-14
    1.80504e+02    5.45191e+02    6.04213e+02    2.29199e+02    5.26267e+03
        LJ (SR)  Disper. corr.   Coulomb (SR)   Coul. recip.      Potential
    1.25112e+04   -1.31932e+02   -8.37576e+04    4.11241e+02   -6.41453e+04
    Kinetic En.   Total Energy  Conserved En.    Temperature Pres. DC (bar)
    1.19551e+04   -5.21902e+04   -1.17427e+04    3.01725e+02   -1.75585e+01
 Pressure (bar)   Constr. rmsd
   -2.59951e+02    1.59308e-06

           Step           Time
          13000       26.00000

   Energies (kJ/mol)
           Bond          Angle    Proper Dih.          LJ-14     Coulomb-14
    2.45002e+02    5.43841e+02    6.09753e+02    2.04900e+02    5.23041e+03
        LJ (SR)  Disper. corr.   Coulomb (SR)   Coul. recip.      Potential
    1.31617e+04   -1.31932e+02   -8.48446e+04    4.34466e+02   -6.45464e+04
    Kinetic En.   Total Energy  Conserved En.    Temperature Pres. DC (bar)
    1.18834e+04   -5.26631e+04   -1.17408e+04    2.99914e+02   -1.75585e+01
 Pressure (bar)   Constr. rmsd
   -5.63520e+01    1.50499e-06

           Step           Time
          14000       28.00000

   Energies (kJ/mol)
           Bond          Angle    Proper Dih.          LJ-14     Coulomb-14
    2.29075e+02    5.47802e+02    6.20999e+02    2.18899e+02    5.38481e+03
        LJ (SR)  Disper. corr.   Coulomb (SR)   Coul. recip.      Potential
    1.29094e+04   -1.31932e+02   -8.45602e+04    3.80293e+02   -6.44008e+04
    Kinetic En.   Total Energy  Conserved En.    Temperature Pres. DC (bar)
    1.20403e+04   -5.23605e+04   -1.17395e+04    3.03876e+02   -1.75585e+01
 Pressure (bar)   Constr. rmsd
   -1.56490e+02    1.93682e-06

           Step           Time
          15000       30.00000

   Energies (kJ/mol)
           Bond          Angle    Proper Dih.          LJ-14     Coulomb-14
    1.78020e+02    5.24656e+02    6.00940e+02    1.97780e+02    5.25062e+03
        LJ (SR)  Disper. corr.   Coulomb (SR)   Coul. recip.      Potential
    1.28845e+04   -1.31932e+02   -8.44929e+04    4.37369e+02   -6.45510e+04
    Kinetic En.   Total Energy  Conserved En.    Temperature Pres. DC (bar)
    1.19146e+04   -5.26364e+04   -1.17416e+04    3.00703e+02   -1.75585e+01
 Pressure (bar)   Constr. rmsd
   -1.00887e+02    1.79819e-06

           Step           Time
          16000       32.00000

   Energies (kJ/mol)
           Bond          Angle    Proper Dih.          LJ-14     Coulomb-14
    2.09589e+02    4.95646e+02    5.85599e+02    2.02528e+02    5.25320e+03
        LJ (SR)  Disper. corr.   Coulomb (SR)   Coul. recip.      Potential
    1.26154e+04   -1.31932e+02   -8.36957e+04    3.91660e+02   -6.40740e+04
    Kinetic En.   Total Energy  Conserved En.    Temperature Pres. DC (bar)
    1.18894e+04   -5.21845e+04   -1.17377e+04    3.00067e+02   -1.75585e+01
 Pressure (bar)   Constr. rmsd
   -2.41713e+02    1.41708e-06

           Step           Time
          17000       34.00000

   Energies (kJ/mol)
           Bond          Angle    Proper Dih.          LJ-14     Coulomb-14
    2.03877e+02    4.69071e+02    5.86528e+02    1.97720e+02    5.30082e+03
        LJ (SR)  Disper. corr.   Coulomb (SR)   Coul. recip.      Potential
    1.27684e+04   -1.31932e+02   -8.44014e+04    4.21584e+02   -6.45853e+04
    Kinetic En.   Total Energy  Conserved En.    Temperature Pres. DC (bar)
    1.18892e+04   -5.26961e+04   -1.17420e+04    3.00062e+02   -1.75585e+01
 Pressure (bar)   Constr. rmsd
   -1.92569e+02    1.66027e-06

           Step           Time
          18000       36.00000

   Energies (kJ/mol)
           Bond          Angle    Proper Dih.          LJ-14     Coulomb-14
    1.48257e+02    4.90509e+02    5.94703e+02    2.19619e+02    5.32700e+03
        LJ (SR)  Disper. corr.   Coulomb (SR)   Coul. recip.      Potential
    1.32493e+04   -1.31932e+02   -8.49474e+04    4.30886e+02   -6.46190e+04
    Kinetic En.   Total Energy  Conserved En.    Temperature Pres. DC (bar)
    1.17247e+04   -5.28943e+04   -1.17398e+04    2.95909e+02   -1.75585e+01
 Pressure (bar)   Constr. rmsd
    7.65679e+01    3.19575e-06

           Step           Time
          19000       38.00000

   Energies (kJ/mol)
           Bond          Angle    Proper Dih.          LJ-14     Coulomb-14
    2.22703e+02    5.58772e+02    6.03485e+02    2.04877e+02    5.33168e+03
        LJ (SR)  Disper. corr.   Coulomb (SR)   Coul. recip.      Potential
    1.27721e+04   -1.31932e+02   -8.42743e+04    4.20229e+02   -6.42924e+04
    Kinetic En.   Total Energy  Conserved En.    Temperature Pres. DC (bar)
    1.17495e+04   -5.25429e+04   -1.17371e+04    2.96536e+02   -1.75585e+01
 Pressure (bar)   Constr. rmsd
   -2.18893e+02    1.31674e-06

           Step           Time
          20000       40.00000

   Energies (kJ/mol)
           Bond          Angle    Proper Dih.          LJ-14     Coulomb-14
    1.59995e+02    5.28565e+02    6.06930e+02    2.20679e+02    5.33113e+03
        LJ (SR)  Disper. corr.   Coulomb (SR)   Coul. recip.      Potential
    1.29156e+04   -1.31932e+02   -8.46348e+04    3.86692e+02   -6.46171e+04
    Kinetic En.   Total Energy  Conserved En.    Temperature Pres. DC (bar)
    1.18943e+04   -5.27228e+04   -1.17315e+04    3.00190e+02   -1.75585e+01
 Pressure (bar)   Constr. rmsd
   -7.78811e+01    1.27584e-06

           Step           Time
          21000       42.00000

   Energies (kJ/mol)
           Bond          Angle    Proper Dih.          LJ-14     Coulomb-14
    1.94899e+02    5.43495e+02    6.14159e+02    2.00932e+02    5.29617e+03
        LJ (SR)  Disper. corr.   Coulomb (SR)   Coul. recip.      Potential
    1.21273e+04   -1.31932e+02   -8.35177e+04    4.25581e+02   -6.42471e+04
    Kinetic En.   Total Energy  Conserved En.    Temperature Pres. DC (bar)
    1.19778e+04   -5.22693e+04   -1.17416e+04    3.02298e+02   -1.75585e+01
 Pressure (bar)   Constr. rmsd
   -4.56423e+02    1.22434e-06

           Step           Time
          22000       44.00000

   Energies (kJ/mol)
           Bond          Angle    Proper Dih.          LJ-14     Coulomb-14
    1.77498e+02    4.57977e+02    6.00791e+02    2.04087e+02    5.31583e+03
        LJ (SR)  Disper. corr.   Coulomb (SR)   Coul. recip.      Potential
    1.27381e+04   -1.31932e+02   -8.36602e+04    4.16620e+02   -6.38812e+04
    Kinetic En.   Total Energy  Conserved En.    Temperature Pres. DC (bar)
    1.18272e+04   -5.20540e+04   -1.17430e+04    2.98496e+02   -1.75585e+01
 Pressure (bar)   Constr. rmsd
   -9.55533e+01    1.84284e-06

           Step           Time
          23000       46.00000

   Energies (kJ/mol)
           Bond          Angle    Proper Dih.          LJ-14     Coulomb-14
    2.03038e+02    5.38607e+02    6.09140e+02    2.12243e+02    5.32815e+03
        LJ (SR)  Disper. corr.   Coulomb (SR)   Coul. recip.      Potential
    1.27259e+04   -1.31932e+02   -8.42677e+04    3.88085e+02   -6.43945e+04
    Kinetic En.   Total Energy  Conserved En.    Temperature Pres. DC (bar)
    1.22439e+04   -5.21506e+04   -1.17466e+04    3.09014e+02   -1.75585e+01
 Pressure (bar)   Constr. rmsd
   -2.17108e+02    1.41089e-06

           Step           Time
          24000       48.00000

   Energies (kJ/mol)
           Bond          Angle    Proper Dih.          LJ-14     Coulomb-14
    1.92038e+02    4.79501e+02    5.97198e+02    2.53412e+02    5.32111e+03
        LJ (SR)  Disper. corr.   Coulomb (SR)   Coul. recip.      Potential
    1.26623e+04   -1.31932e+02   -8.40189e+04    4.00622e+02   -6.42447e+04
    Kinetic En.   Total Energy  Conserved En.    Temperature Pres. DC (bar)
    1.19893e+04   -5.22554e+04   -1.17345e+04    3.02587e+02   -1.75585e+01
 Pressure (bar)   Constr. rmsd
   -7.90448e+01    1.17112e-06

           Step           Time
          25000       50.00000

   Energies (kJ/mol)
           Bond          Angle    Proper Dih.          LJ-14     Coulomb-14
    1.90797e+02    5.13063e+02    5.96700e+02    2.29608e+02    5.29716e+03
        LJ (SR)  Disper. corr.   Coulomb (SR)   Coul. recip.      Potential
    1.27177e+04   -1.31932e+02   -8.44236e+04    4.04996e+02   -6.46055e+04
    Kinetic En.   Total Energy  Conserved En.    Temperature Pres. DC (bar)
    1.19385e+04   -5.26670e+04   -1.17401e+04    3.01305e+02   -1.75585e+01
 Pressure (bar)   Constr. rmsd
   -2.05585e+02    1.32133e-06

           Step           Time
          26000       52.00000

   Energies (kJ/mol)
           Bond          Angle    Proper Dih.          LJ-14     Coulomb-14
    2.03533e+02    4.76548e+02    5.89447e+02    2.28775e+02    5.38497e+03
        LJ (SR)  Disper. corr.   Coulomb (SR)   Coul. recip.      Potential
    1.26169e+04   -1.31932e+02   -8.41865e+04    4.09238e+02   -6.44090e+04
    Kinetic En.   Total Energy  Conserved En.    Temperature Pres. DC (bar)
    1.21509e+04   -5.22581e+04   -1.17403e+04    3.06667e+02   -1.75585e+01
 Pressure (bar)   Constr. rmsd
   -3.11871e+02    1.32924e-06

           Step           Time
          27000       54.00000

   Energies (kJ/mol)
           Bond          Angle    Proper Dih.          LJ-14     Coulomb-14
    2.04990e+02    4.34896e+02    6.10130e+02    2.28823e+02    5.40493e+03
        LJ (SR)  Disper. corr.   Coulomb (SR)   Coul. recip.      Potential
    1.24784e+04   -1.31932e+02   -8.44299e+04    4.08885e+02   -6.47908e+04
    Kinetic En.   Total Energy  Conserved En.    Temperature Pres. DC (bar)
    1.20824e+04   -5.27084e+04   -1.17420e+04    3.04937e+02   -1.75585e+01
 Pressure (bar)   Constr. rmsd
   -3.90323e+02    1.21703e-06

           Step           Time
          28000       56.00000

   Energies (kJ/mol)
           Bond          Angle    Proper Dih.          LJ-14     Coulomb-14
    1.75941e+02    4.74332e+02    5.93641e+02    2.27936e+02    5.40929e+03
        LJ (SR)  Disper. corr.   Coulomb (SR)   Coul. recip.      Potential
    1.30842e+04   -1.31932e+02   -8.51391e+04    3.73703e+02   -6.49321e+04
    Kinetic En.   Total Energy  Conserved En.    Temperature Pres. DC (bar)
    1.18763e+04   -5.30558e+04   -1.17357e+04    2.99736e+02   -1.75585e+01
 Pressure (bar)   Constr. rmsd
   -7.66689e+01    2.09611e-06

           Step           Time
          29000       58.00000

   Energies (kJ/mol)
           Bond          Angle    Proper Dih.          LJ-14     Coulomb-14
    1.45639e+02    5.26196e+02    6.31260e+02    2.23664e+02    5.44655e+03
        LJ (SR)  Disper. corr.   Coulomb (SR)   Coul. recip.      Potential
    1.25809e+04   -1.31932e+02   -8.43751e+04    3.99630e+02   -6.45532e+04
    Kinetic En.   Total Energy  Conserved En.    Temperature Pres. DC (bar)
    1.18708e+04   -5.26824e+04   -1.17330e+04    2.99597e+02   -1.75585e+01
 Pressure (bar)   Constr. rmsd
   -2.17401e+02    2.52822e-06

           Step           Time
          30000       60.00000

   Energies (kJ/mol)
           Bond          Angle    Proper Dih.          LJ-14     Coulomb-14
    2.13738e+02    5.61841e+02    5.89967e+02    2.20289e+02    5.25526e+03
        LJ (SR)  Disper. corr.   Coulomb (SR)   Coul. recip.      Potential
    1.27995e+04   -1.31932e+02   -8.43687e+04    4.45925e+02   -6.44141e+04
    Kinetic En.   Total Energy  Conserved En.    Temperature Pres. DC (bar)
    1.21260e+04   -5.22881e+04   -1.17339e+04    3.06039e+02   -1.75585e+01
 Pressure (bar)   Constr. rmsd
   -1.50945e+02    1.08962e-06

           Step           Time
          31000       62.00000

   Energies (kJ/mol)
           Bond          Angle    Proper Dih.          LJ-14     Coulomb-14
    1.95314e+02    5.00827e+02    5.96578e+02    2.45918e+02    5.36073e+03
        LJ (SR)  Disper. corr.   Coulomb (SR)   Coul. recip.      Potential
    1.28387e+04   -1.31932e+02   -8.42421e+04    4.12748e+02   -6.42233e+04
    Kinetic En.   Total Energy  Conserved En.    Temperature Pres. DC (bar)
    1.20247e+04   -5.21986e+04   -1.17316e+04    3.03482e+02   -1.75585e+01
 Pressure (bar)   Constr. rmsd
   -4.64809e+01    1.21632e-06

           Step           Time
          32000       64.00000

   Energies (kJ/mol)
           Bond          Angle    Proper Dih.          LJ-14     Coulomb-14
    2.05071e+02    5.41886e+02    5.77681e+02    2.19639e+02    5.25257e+03
        LJ (SR)  Disper. corr.   Coulomb (SR)   Coul. recip.      Potential
    1.29264e+04   -1.31932e+02   -8.45062e+04    4.15350e+02   -6.44996e+04
    Kinetic En.   Total Energy  Conserved En.    Temperature Pres. DC (bar)
    1.19027e+04   -5.25969e+04   -1.17328e+04    3.00402e+02   -1.75585e+01
 Pressure (bar)   Constr. rmsd
   -1.67067e+02    1.33259e-06

           Step           Time
          33000       66.00000

   Energies (kJ/mol)
           Bond          Angle    Proper Dih.          LJ-14     Coulomb-14
    1.95628e+02    5.52239e+02    5.92756e+02    2.15643e+02    5.34717e+03
        LJ (SR)  Disper. corr.   Coulomb (SR)   Coul. recip.      Potential
    1.33322e+04   -1.31932e+02   -8.49791e+04    4.11893e+02   -6.44634e+04
    Kinetic En.   Total Energy  Conserved En.    Temperature Pres. DC (bar)
    1.17658e+04   -5.26976e+04   -1.17292e+04    2.96947e+02   -1.75585e+01
 Pressure (bar)   Constr. rmsd
    9.92827e+01    1.54927e-06

           Step           Time
          34000       68.00000

   Energies (kJ/mol)
           Bond          Angle    Proper Dih.          LJ-14     Coulomb-14
    1.80095e+02    5.26563e+02    5.82816e+02    2.29707e+02    5.19161e+03
        LJ (SR)  Disper. corr.   Coulomb (SR)   Coul. recip.      Potential
    1.28266e+04   -1.31932e+02   -8.43517e+04    4.06005e+02   -6.45402e+04
    Kinetic En.   Total Energy  Conserved En.    Temperature Pres. DC (bar)
    1.19818e+04   -5.25583e+04   -1.17399e+04    3.02399e+02   -1.75585e+01
 Pressure (bar)   Constr. rmsd
   -1.35125e+02    2.12831e-06

           Step           Time
          35000       70.00000

   Energies (kJ/mol)
           Bond          Angle    Proper Dih.          LJ-14     Coulomb-14
    1.89244e+02    5.07382e+02    5.85568e+02    1.91716e+02    5.26041e+03
        LJ (SR)  Disper. corr.   Coulomb (SR)   Coul. recip.      Potential
    1.29347e+04   -1.31932e+02   -8.51486e+04    4.24287e+02   -6.51872e+04
    Kinetic En.   Total Energy  Conserved En.    Temperature Pres. DC (bar)
    1.18135e+04   -5.33737e+04   -1.17349e+04    2.98150e+02   -1.75585e+01
 Pressure (bar)   Constr. rmsd
   -2.93576e+02    1.07110e-06

           Step           Time
          36000       72.00000

   Energies (kJ/mol)
           Bond          Angle    Proper Dih.          LJ-14     Coulomb-14
    1.96879e+02    4.84615e+02    6.13318e+02    2.33142e+02    5.27778e+03
        LJ (SR)  Disper. corr.   Coulomb (SR)   Coul. recip.      Potential
    1.28336e+04   -1.31932e+02   -8.50552e+04    3.94257e+02   -6.51536e+04
    Kinetic En.   Total Energy  Conserved En.    Temperature Pres. DC (bar)
    1.19111e+04   -5.32424e+04   -1.17374e+04    3.00615e+02   -1.75585e+01
 Pressure (bar)   Constr. rmsd
   -2.38848e+02    1.37541e-06

           Step           Time
          37000       74.00000

   Energies (kJ/mol)
           Bond          Angle    Proper Dih.          LJ-14     Coulomb-14
    2.46411e+02    4.91099e+02    5.77022e+02    2.16166e+02    5.38567e+03
        LJ (SR)  Disper. corr.   Coulomb (SR)   Coul. recip.      Potential
    1.24821e+04   -1.31932e+02   -8.43382e+04    3.71900e+02   -6.46998e+04
    Kinetic En.   Total Energy  Conserved En.    Temperature Pres. DC (bar)
    1.20199e+04   -5.26799e+04   -1.17317e+04    3.03360e+02   -1.75585e+01
 Pressure (bar)   Constr. rmsd
   -3.09986e+02    1.06549e-06

           Step           Time
          38000       76.00000

   Energies (kJ/mol)
           Bond          Angle    Proper Dih.          LJ-14     Coulomb-14
    1.96220e+02    5.00426e+02    5.96664e+02    2.23546e+02    5.35197e+03
        LJ (SR)  Disper. corr.   Coulomb (SR)   Coul. recip.      Potential
    1.30615e+04   -1.31932e+02   -8.51359e+04    3.82814e+02   -6.49548e+04
    Kinetic En.   Total Energy  Conserved En.    Temperature Pres. DC (bar)
    1.16208e+04   -5.33340e+04   -1.17324e+04    2.93286e+02   -1.75585e+01
 Pressure (bar)   Constr. rmsd
   -2.03664e+02    2.01956e-06

           Step           Time
          39000       78.00000

   Energies (kJ/mol)
           Bond          Angle    Proper Dih.          LJ-14     Coulomb-14
    2.13042e+02    5.49382e+02    6.02440e+02    2.16330e+02    5.23964e+03
        LJ (SR)  Disper. corr.   Coulomb (SR)   Coul. recip.      Potential
    1.30195e+04   -1.31932e+02   -8.43146e+04    4.20484e+02   -6.41857e+04
    Kinetic En.   Total Energy  Conserved En.    Temperature Pres. DC (bar)
    1.18351e+04   -5.23506e+04   -1.17373e+04    2.98696e+02   -1.75585e+01
 Pressure (bar)   Constr. rmsd
   -1.11403e+02    8.85261e-07

           Step           Time
          40000       80.00000

   Energies (kJ/mol)
           Bond          Angle    Proper Dih.          LJ-14     Coulomb-14
    1.96426e+02    5.17732e+02    5.91714e+02    2.26975e+02    5.30196e+03
        LJ (SR)  Disper. corr.   Coulomb (SR)   Coul. recip.      Potential
    1.25582e+04   -1.31932e+02   -8.40838e+04    3.76763e+02   -6.44460e+04
    Kinetic En.   Total Energy  Conserved En.    Temperature Pres. DC (bar)
    1.17091e+04   -5.27369e+04   -1.17394e+04    2.95516e+02   -1.75585e+01
 Pressure (bar)   Constr. rmsd
   -2.66949e+02    1.55169e-06

           Step           Time
          41000       82.00000

   Energies (kJ/mol)
           Bond          Angle    Proper Dih.          LJ-14     Coulomb-14
    1.96891e+02    5.08703e+02    5.92076e+02    2.28355e+02    5.34181e+03
        LJ (SR)  Disper. corr.   Coulomb (SR)   Coul. recip.      Potential
    1.31193e+04   -1.31932e+02   -8.45632e+04    4.15893e+02   -6.42921e+04
    Kinetic En.   Total Energy  Conserved En.    Temperature Pres. DC (bar)
    1.20629e+04   -5.22292e+04   -1.17335e+04    3.04444e+02   -1.75585e+01
 Pressure (bar)   Constr. rmsd
    1.59079e+02    1.09623e-06

           Step           Time
          42000       84.00000

   Energies (kJ/mol)
           Bond          Angle    Proper Dih.          LJ-14     Coulomb-14
    2.12848e+02    5.68015e+02    6.27666e+02    2.34566e+02    5.37349e+03
        LJ (SR)  Disper. corr.   Coulomb (SR)   Coul. recip.      Potential
    1.25292e+04   -1.31932e+02   -8.38265e+04    3.87365e+02   -6.40253e+04
    Kinetic En.   Total Energy  Conserved En.    Temperature Pres. DC (bar)
    1.16433e+04   -5.23820e+04   -1.17371e+04    2.93856e+02   -1.75585e+01
 Pressure (bar)   Constr. rmsd
   -2.21150e+02    1.54677e-06

           Step           Time
          43000       86.00000

   Energies (kJ/mol)
           Bond          Angle    Proper Dih.          LJ-14     Coulomb-14
    1.90738e+02    4.99508e+02    5.86770e+02    2.14629e+02    5.33225e+03
        LJ (SR)  Disper. corr.   Coulomb (SR)   Coul. recip.      Potential
    1.28513e+04   -1.31932e+02   -8.43830e+04    3.90979e+02   -6.44488e+04
    Kinetic En.   Total Energy  Conserved En.    Temperature Pres. DC (bar)
    1.14996e+04   -5.29492e+04   -1.17376e+04    2.90229e+02   -1.75585e+01
 Pressure (bar)   Constr. rmsd
   -2.01551e+02    1.96844e-06

           Step           Time
          44000       88.00000

   Energies (kJ/mol)
           Bond          Angle    Proper Dih.          LJ-14     Coulomb-14
    1.68827e+02    4.83413e+02    6.04690e+02    2.21532e+02    5.39983e+03
        LJ (SR)  Disper. corr.   Coulomb (SR)   Coul. recip.      Potential
    1.28403e+04   -1.31932e+02   -8.45833e+04    4.28494e+02   -6.45682e+04
    Kinetic En.   Total Energy  Conserved En.    Temperature Pres. DC (bar)
    1.21251e+04   -5.24432e+04   -1.17436e+04    3.06015e+02   -1.75585e+01
 Pressure (bar)   Constr. rmsd
   -1.18548e+02    1.02011e-06

           Step           Time
          45000       90.00000

   Energies (kJ/mol)
           Bond          Angle    Proper Dih.          LJ-14     Coulomb-14
    1.62012e+02    5.07865e+02    5.93210e+02    2.17815e+02    5.27113e+03
        LJ (SR)  Disper. corr.   Coulomb (SR)   Coul. recip.      Potential
    1.28655e+04   -1.31932e+02   -8.42379e+04    4.00102e+02   -6.43522e+04
    Kinetic En.   Total Energy  Conserved En.    Temperature Pres. DC (bar)
    1.18179e+04   -5.25343e+04   -1.17374e+04    2.98263e+02   -1.75585e+01
 Pressure (bar)   Constr. rmsd
   -7.89306e+01    1.30919e-06

           Step           Time
          46000       92.00000

   Energies (kJ/mol)
           Bond          Angle    Proper Dih.          LJ-14     Coulomb-14
    1.98484e+02    4.80938e+02    6.10617e+02    2.29762e+02    5.39249e+03
        LJ (SR)  Disper. corr.   Coulomb (SR)   Coul. recip.      Potential
    1.25570e+04   -1.31932e+02   -8.43950e+04    3.86766e+02   -6.46708e+04
    Kinetic En.   Total Energy  Conserved En.    Temperature Pres. DC (bar)
    1.19914e+04   -5.26794e+04   -1.17487e+04    3.02642e+02   -1.75585e+01
 Pressure (bar)   Constr. rmsd
   -2.46007e+02    2.13640e-06

           Step           Time
          47000       94.00000

   Energies (kJ/mol)
           Bond          Angle    Proper Dih.          LJ-14     Coulomb-14
    1.98630e+02    5.14052e+02    6.11792e+02    2.11593e+02    5.33230e+03
        LJ (SR)  Disper. corr.   Coulomb (SR)   Coul. recip.      Potential
    1.23820e+04   -1.31932e+02   -8.38930e+04    3.83189e+02   -6.43913e+04
    Kinetic En.   Total Energy  Conserved En.    Temperature Pres. DC (bar)
    1.17720e+04   -5.26194e+04   -1.17392e+04    2.97103e+02   -1.75585e+01
 Pressure (bar)   Constr. rmsd
   -3.17063e+02    1.19919e-06

           Step           Time
          48000       96.00000

   Energies (kJ/mol)
           Bond          Angle    Proper Dih.          LJ-14     Coulomb-14
    1.99756e+02    5.49555e+02    5.95159e+02    2.08786e+02    5.35139e+03
        LJ (SR)  Disper. corr.   Coulomb (SR)   Coul. recip.      Potential
    1.29469e+04   -1.31932e+02   -8.46269e+04    3.89404e+02   -6.45178e+04
    Kinetic En.   Total Energy  Conserved En.    Temperature Pres. DC (bar)
    1.19156e+04   -5.26023e+04   -1.17351e+04    3.00726e+02   -1.75585e+01
 Pressure (bar)   Constr. rmsd
   -1.96639e+02    1.21296e-06

           Step           Time
          49000       98.00000

   Energies (kJ/mol)
           Bond          Angle    Proper Dih.          LJ-14     Coulomb-14
    2.18371e+02    4.44102e+02    5.87307e+02    2.25385e+02    5.32850e+03
        LJ (SR)  Disper. corr.   Coulomb (SR)   Coul. recip.      Potential
    1.32488e+04   -1.31932e+02   -8.50839e+04    3.48643e+02   -6.48147e+04
    Kinetic En.   Total Energy  Conserved En.    Temperature Pres. DC (bar)
    1.15862e+04   -5.32286e+04   -1.17363e+04    2.92413e+02   -1.75585e+01
 Pressure (bar)   Constr. rmsd
   -9.17128e+01    1.43060e-06

           Step           Time
          50000      100.00000

Writing checkpoint, step 50000 at Wed Apr 29 16:27:32 2026


   Energies (kJ/mol)
           Bond          Angle    Proper Dih.          LJ-14     Coulomb-14
    1.67354e+02    4.30908e+02    5.92770e+02    2.10915e+02    5.34828e+03
        LJ (SR)  Disper. corr.   Coulomb (SR)   Coul. recip.      Potential
    1.28633e+04   -1.31932e+02   -8.44126e+04    4.18863e+02   -6.45122e+04
    Kinetic En.   Total Energy  Conserved En.    Temperature Pres. DC (bar)
    1.20418e+04   -5.24703e+04   -1.17433e+04    3.03914e+02   -1.75585e+01
 Pressure (bar)   Constr. rmsd
   -1.49909e+02    1.50759e-06


Energy conservation over simulation part #1 of length 100 ps, time 0 to 100 ps
  Conserved energy drift: 2.79e-04 kJ/mol/ps per atom


	<======  ###############  ==>
	<====  A V E R A G E S  ====>
	<==  ###############  ======>

	Statistics over 50001 steps using 501 frames

   Energies (kJ/mol)
           Bond          Angle    Proper Dih.          LJ-14     Coulomb-14
    1.91679e+02    4.85846e+02    6.04320e+02    2.20278e+02    5.31116e+03
        LJ (SR)  Disper. corr.   Coulomb (SR)   Coul. recip.      Potential
    1.27420e+04   -1.31932e+02   -8.37354e+04    4.22406e+02   -6.38896e+04
    Kinetic En.   Total Energy  Conserved En.    Temperature Pres. DC (bar)
    1.19344e+04   -5.19552e+04   -1.17425e+04    3.01201e+02   -1.75585e+01
 Pressure (bar)   Constr. rmsd
   -1.44034e+02    0.00000e+00

   Total Virial (kJ/mol)
    4.17075e+03   -4.01022e+01   -1.36154e+01
   -4.02057e+01    4.67475e+03    1.84357e+01
   -1.37034e+01    1.84334e+01    4.71522e+03

   Pressure (bar)
   -3.71919e+01    9.50441e+00    2.73448e+00
    9.53192e+00   -1.92910e+02   -2.99443e+00
    2.75786e+00   -2.99382e+00   -2.02000e+02


	M E G A - F L O P S   A C C O U N T I N G

 NB=Group-cutoff nonbonded kernels    NxN=N-by-N cluster Verlet kernels
 RF=Reaction-Field  VdW=Van der Waals  QSTab=quadratic-spline table
 W3=SPC/TIP3p  W4=TIP4p (single or pairs)
 V&F=Potential and force  V=Potential only  F=Force only

 Computing:                               M-Number         M-Flops  % Flops
-----------------------------------------------------------------------------
 Pair Search distance check             645.680850        5811.128     0.1
 NxN Ewald Elec. + LJ [F]             75307.497408     4970294.829    48.9
 NxN Ewald Elec. + LJ [V&F]             762.213568       81556.852     0.8
 NxN Ewald Elec. [F]                  63768.450240     3889875.465    38.3
 NxN Ewald Elec. [V&F]                  645.446720       54217.524     0.5
 1,4 nonbonded interactions              31.350627        2821.556     0.0
 Calc Weights                           706.814136       25445.309     0.3
 Spread Q Bspline                     15078.701568       30157.403     0.3
 Gather F Bspline                     15078.701568       90472.209     0.9
 3D-FFT                              119854.197036      958833.576     9.4
 Solve PME                               88.201764        5644.913     0.1
 Reset In Box                             2.360712           7.082     0.0
 CG-CoM                                   2.365424           7.096     0.0
 Bonds                                    5.950119         351.057     0.0
 Angles                                  20.500410        3444.069     0.0
 Propers                                 39.600792        9068.581     0.1
 Virial                                   2.383257          42.899     0.0
 Stop-CM                                  2.365424          23.654     0.0
 Calc-Ekin                               47.129424        1272.494     0.0
 Lincs                                    5.100306         306.018     0.0
 Lincs-Mat                                6.600396          26.402     0.0
 Constraint-V                           235.209408        2116.885     0.0
 Constraint-Vir                           2.305602          55.334     0.0
 Settle                                  75.004500       27751.665     0.3
-----------------------------------------------------------------------------
 Total                                                10159604.002   100.0
-----------------------------------------------------------------------------


    D O M A I N   D E C O M P O S I T I O N   S T A T I S T I C S

 av. #atoms communicated per step for force:  2 x 0.0
 av. #atoms communicated per step for LINCS:  2 x 0.0


     R E A L   C Y C L E   A N D   T I M E   A C C O U N T I N G

On 1 MPI rank

 Computing:          Num   Num      Call    Wall time         Giga-Cycles
                     Ranks Threads  Count      (s)         total sum    %
-----------------------------------------------------------------------------
 Domain decomp.         1    1        501       0.288          0.833   0.2
 Neighbor search        1    1        501       1.370          3.969   0.8
 Force                  1    1      50001     116.530        337.604  71.0
 PME mesh               1    1      50001      42.801        124.002  26.1
 NB X/F buffer ops.     1    1      99501       0.720          2.085   0.4
 Write traj.            1    1          1       0.123          0.357   0.1
 Update                 1    1      50001       0.477          1.382   0.3
 Constraints            1    1      50003       1.362          3.947   0.8
 Rest                                           0.407          1.178   0.2
-----------------------------------------------------------------------------
 Total                                        164.077        475.358 100.0
-----------------------------------------------------------------------------
 Breakdown of PME mesh computation
-----------------------------------------------------------------------------
 PME spread             1    1      50001       8.500         24.626   5.2
 PME gather             1    1      50001       6.401         18.545   3.9
 PME 3D-FFT             1    1     100002      24.946         72.272  15.2
 PME solve Elec         1    1      50001       2.895          8.387   1.8
-----------------------------------------------------------------------------

               Core t (s)   Wall t (s)        (%)
       Time:      164.077      164.077      100.0
                 (ns/day)    (hour/ns)
Performance:       52.659        0.456
Finished mdrun on rank 0 Wed Apr 29 16:27:32 2026

